Component: ARM Compiler 5.05 update 1 (build 106) Tool: armlink [4d0efa]

==============================================================================

Section Cross References

    main.o(.text) refers to fan.o(.text) for Fan_Main
    main.o(.text) refers to screen.o(.text) for Screen_Main
    main.o(.text) refers to speak.o(.text) for Speak_Main
    main.o(.text) refers to usart.o(.text) for USART_main
    main.o(.text) refers to button.o(.text) for Button_Main
    main.o(.text) refers to usb.o(.text) for Usb_Main
    main.o(.text) refers to slave.o(.text) for Slave_Main
    main.o(.text) refers to printer.o(.text) for Print_Main
    main.o(.text) refers to at.o(.text) for AT_main
    main.o(.text) refers to appat.o(.text) for APP_main
    main.o(.text) refers to battery.o(.text) for Battery_Main
    main.o(.text) refers to flashisp.o(.text) for Flashisp_main
    main.o(.text) refers to screendiscalculate.o(.text) for ProcessGetMinuteData
    main.o(.text) refers to flux.o(.text) for Flux_Main
    main.o(.text) refers to ltc2944.o(.text) for LTC2944_Main
    main.o(.text) refers to ds18b20.o(.text) for DS18B20_Main
    main.o(.text) refers to stm32f4xx_iwdg.o(.text) for IWDG_ReloadCounter
    main.o(.text) refers to system_stm32f4xx.o(.text) for SystemCoreClockUpdate
    main.o(.text) refers to project.o(.text) for Project_Init
    project.o(.text) refers to stm32f4xx_iwdg.o(.text) for IWDG_WriteAccessCmd
    project.o(.text) refers to printfa.o(i.__0printf) for __2printf
    project.o(.text) refers to stm32f4xx_rcc.o(.text) for RCC_GetClocksFreq
    project.o(.text) refers to misc.o(.text) for NVIC_PriorityGroupConfig
    project.o(.text) refers to usart.o(.text) for USART_InitAll
    project.o(.text) refers to mytimer.o(.text) for TIM4_Int_Init
    project.o(.text) refers to power.o(.text) for Power_Init
    project.o(.text) refers to printf.o(.text) for Printf_Init
    project.o(.text) refers to speak.o(.text) for Speak_Init
    project.o(.text) refers to button.o(.text) for Button_Init
    project.o(.text) refers to fm24cl64.o(.text) for FM24CL64_Init
    project.o(.text) refers to flashisp.o(.text) for Flashisp_Init
    project.o(.text) refers to slave.o(.text) for Slave_Init
    project.o(.text) refers to screen.o(.text) for Screen_Init
    project.o(.text) refers to file.o(.text) for SdFile_Init
    project.o(.text) refers to usb.o(.text) for Usb_Init
    project.o(.text) refers to at.o(.text) for AT_Init
    project.o(.text) refers to appat.o(.text) for APP_Init
    project.o(.text) refers to printer.o(.text) for Print_Init
    project.o(.text) refers to flux.o(.text) for Flux_Init
    project.o(.text) refers to battery.o(.text) for Battery_Init
    project.o(.text) refers to fan.o(.text) for Fan_Init
    project.o(.text) refers to testpower.o(.text) for TestPower_Init
    project.o(.text) refers to ltc2944.o(.text) for LTC2944_Init
    project.o(.text) refers to ds18b20.o(.text) for DS18B20_Init
    project.o(.text) refers to stm32f4xx_gpio.o(.text) for GPIO_Init
    project.o(.text) refers to calculate.o(.text) for Calculate_CharToU16
    project.o(.text) refers to project.o(.bss) for Project_SysBuffer
    stm32f4xx_it.o(.text) refers to printfa.o(i.__0printf) for __2printf
    usart.o(.text) refers to stm32f4xx_rcc.o(.text) for RCC_AHB1PeriphClockCmd
    usart.o(.text) refers to stm32f4xx_gpio.o(.text) for GPIO_PinAFConfig
    usart.o(.text) refers to stm32f4xx_usart.o(.text) for USART_Init
    usart.o(.text) refers to misc.o(.text) for NVIC_Init
    usart.o(.text) refers to usart.o(.bss) for USART1_Buffer
    usart.o(.text) refers to ascii.o(.text) for ASCII_CommunicateReceive
    usart.o(.text) refers to printfa.o(i.__0printf) for __2printf
    printf.o(.text) refers to usart.o(.text) for Get_USART1Buffer
    printf.o(.text) refers to printf.o(.data) for Printf_Data
    ascii.o(.text) refers to calculate.o(.text) for Calculate_CharToU16
    ascii.o(.text) refers to flashisp.o(.text) for Flashisp_DebugASCII
    ascii.o(.text) refers to screen.o(.text) for Screen_DebugASCII
    ascii.o(.text) refers to file.o(.text) for File_DebugASCII
    ascii.o(.text) refers to flux.o(.text) for Flux_DebugASCII
    ascii.o(.text) refers to printer.o(.text) for Print_DebugASCII
    ascii.o(.text) refers to button.o(.text) for Button_DebugASCII
    ascii.o(.text) refers to battery.o(.text) for Battery_DebugASCII
    ascii.o(.text) refers to slave.o(.text) for Slave_DebugASCII
    ascii.o(.text) refers to usb.o(.text) for Usb_DebugASCII
    ascii.o(.text) refers to project.o(.text) for Project_DebugASCII
    ascii.o(.text) refers to at.o(.text) for AT_DebugASCII
    ascii.o(.text) refers to appat.o(.text) for APP_DebugASCII
    ascii.o(.text) refers to printfa.o(i.__0printf) for __2printf
    flashisp.o(.text) refers to fm24cl64.o(.text) for FM24CL64_WriteData
    flashisp.o(.text) refers to printfa.o(i.__0printf) for __2printf
    flashisp.o(.text) refers to flashisp.o(.bss) for FlashispData
[...]
    USBH_Process                             0x08059f69   Thumb Code   428  usbh_core.o(.text)
    USBH_Open_Channel                        0x0805a115   Thumb Code   154  usbh_hcs.o(.text)
    USBH_Modify_Channel                      0x0805a1af   Thumb Code   100  usbh_hcs.o(.text)
    USBH_Alloc_Channel                       0x0805a23b   Thumb Code    38  usbh_hcs.o(.text)
    USBH_Free_Channel                        0x0805a261   Thumb Code    30  usbh_hcs.o(.text)
    USBH_DeAllocate_AllChannel               0x0805a27f   Thumb Code    28  usbh_hcs.o(.text)
    USBH_CtlReq                              0x0805a2b3   Thumb Code   100  usbh_ioreq.o(.text)
    USBH_CtlSendSetup                        0x0805a317   Thumb Code    66  usbh_ioreq.o(.text)
    USBH_CtlSendData                         0x0805a359   Thumb Code   110  usbh_ioreq.o(.text)
    USBH_CtlReceiveData                      0x0805a3c7   Thumb Code    70  usbh_ioreq.o(.text)
    USBH_BulkSendData                        0x0805a40d   Thumb Code    94  usbh_ioreq.o(.text)
    USBH_BulkReceiveData                     0x0805a46b   Thumb Code    96  usbh_ioreq.o(.text)
    USBH_InterruptReceiveData                0x0805a4cb   Thumb Code   120  usbh_ioreq.o(.text)
    USBH_InterruptSendData                   0x0805a543   Thumb Code   118  usbh_ioreq.o(.text)
    USBH_IsocReceiveData                     0x0805a5b9   Thumb Code    70  usbh_ioreq.o(.text)
    USBH_IsocSendData                        0x0805a5ff   Thumb Code    68  usbh_ioreq.o(.text)
    USBH_MSC_Init                            0x0805a645   Thumb Code    44  usbh_msc_bot.o(.text)
    USBH_MSC_BOT_Abort                       0x0805a671   Thumb Code    86  usbh_msc_bot.o(.text)
    USBH_MSC_DecodeCSW                       0x0805a6c7   Thumb Code   108  usbh_msc_bot.o(.text)
    USBH_MSC_HandleBOTXfer                   0x0805a733   Thumb Code   866  usbh_msc_bot.o(.text)
    USBH_MSC_ErrorHandle                     0x0805abb9   Thumb Code    58  usbh_msc_core.o(.text)
    USBH_MSC_TestUnitReady                   0x0805ade5   Thumb Code   162  usbh_msc_scsi.o(.text)
    USBH_MSC_ReadCapacity10                  0x0805ae87   Thumb Code   202  usbh_msc_scsi.o(.text)
    USBH_MSC_ModeSense6                      0x0805af51   Thumb Code   192  usbh_msc_scsi.o(.text)
    USBH_MSC_RequestSense                    0x0805b011   Thumb Code   208  usbh_msc_scsi.o(.text)
    USBH_MSC_Write10                         0x0805b0e1   Thumb Code   218  usbh_msc_scsi.o(.text)
    USBH_MSC_Read10                          0x0805b1bb   Thumb Code   272  usbh_msc_scsi.o(.text)
    USBH_GetDescriptor                       0x0805b331   Thumb Code    68  usbh_stdreq.o(.text)
    USBH_Get_DevDesc                         0x0805b375   Thumb Code    56  usbh_stdreq.o(.text)
    USBH_GetNextDesc                         0x0805b3f3   Thumb Code    18  usbh_stdreq.o(.text)
    USBH_Get_CfgDesc                         0x0805b51b   Thumb Code    88  usbh_stdreq.o(.text)
    USBH_Get_StringDesc                      0x0805b5a9   Thumb Code    60  usbh_stdreq.o(.text)
    USBH_SetAddress                          0x0805b5e5   Thumb Code    38  usbh_stdreq.o(.text)
    USBH_SetCfg                              0x0805b60b   Thumb Code    38  usbh_stdreq.o(.text)
    USBH_SetInterface                        0x0805b631   Thumb Code    44  usbh_stdreq.o(.text)
    USBH_ClrFeature                          0x0805b65d   Thumb Code    76  usbh_stdreq.o(.text)
    OTG_FS_IRQHandler                        0x0805b6b5   Thumb Code    10  usbh_usr.o(.text)
    USBH_USR_Init                            0x0805b6bf   Thumb Code    22  usbh_usr.o(.text)
    USBH_USR_DeviceAttached                  0x0805b6d5   Thumb Code    10  usbh_usr.o(.text)
    USBH_USR_DeviceDisconnected              0x0805b6df   Thumb Code    10  usbh_usr.o(.text)
    USBH_USR_ResetDevice                     0x0805b6e9   Thumb Code    10  usbh_usr.o(.text)
    USBH_USR_DeviceSpeedDetected             0x0805b6f3   Thumb Code    46  usbh_usr.o(.text)
    USBH_USR_Device_DescAvailable            0x0805b721   Thumb Code    24  usbh_usr.o(.text)
    USBH_USR_DeviceAddressAssigned           0x0805b739   Thumb Code    10  usbh_usr.o(.text)
    USBH_USR_Configuration_DescAvailable     0x0805b743   Thumb Code    42  usbh_usr.o(.text)
    USBH_USR_Manufacturer_String             0x0805b76d   Thumb Code    14  usbh_usr.o(.text)
    USBH_USR_Product_String                  0x0805b77b   Thumb Code    14  usbh_usr.o(.text)
    USBH_USR_SerialNum_String                0x0805b789   Thumb Code    14  usbh_usr.o(.text)
    USBH_USR_EnumerationDone                 0x0805b797   Thumb Code    10  usbh_usr.o(.text)
    USBH_USR_DeviceNotSupported              0x0805b7a1   Thumb Code    10  usbh_usr.o(.text)
    USBH_USR_UserInput                       0x0805b7ab   Thumb Code    12  usbh_usr.o(.text)
    USBH_USR_OverCurrentDetected             0x0805b7b7   Thumb Code    10  usbh_usr.o(.text)
    USBH_USR_MSC_Application                 0x0805b7c1   Thumb Code    56  usbh_usr.o(.text)
    USBH_USR_DeInit                          0x0805b7f9   Thumb Code     8  usbh_usr.o(.text)
    USBH_USR_UnrecoveredError                0x0805b801   Thumb Code    10  usbh_usr.o(.text)
    USBH_UDISK_Status                        0x0805b80b   Thumb Code    12  usbh_usr.o(.text)
    USBH_UDISK_Read                          0x0805b817   Thumb Code    82  usbh_usr.o(.text)
    USBH_UDISK_Write                         0x0805b869   Thumb Code    82  usbh_usr.o(.text)
    Screen_ShowPage                          0x0805bab1   Thumb Code   176  screendrive.o(.text)
    Screen_ResetDataBuffer                   0x0805bb61   Thumb Code    46  screendrive.o(.text)
    Screen_RefreshDataMulti                  0x0805bb8f   Thumb Code   214  screendrive.o(.text)
    Screen_RefreshVarData                    0x0805bc65   Thumb Code   180  screendrive.o(.text)
    Screen_Reset                             0x0805bd19   Thumb Code   154  screendrive.o(.text)
    Screen_ResetKeyDataBuffer                0x0805bdb3   Thumb Code    22  screendrive.o(.text)
    Screen_WriteRegister                     0x0805bdc9   Thumb Code   184  screendrive.o(.text)
    Screen_WriteRegisterOneData              0x0805be81   Thumb Code   222  screendrive.o(.text)
    Screen_ReadRegister                      0x0805bf5f   Thumb Code   156  screendrive.o(.text)
    Screen_PastePicture                      0x0805bffb   Thumb Code   382  screendrive.o(.text)
    Screen_RectangleFilling                  0x0805c179   Thumb Code   332  screendrive.o(.text)
    Screen_SetClock                          0x0805c2c5   Thumb Code   378  screendrive.o(.text)
    USB_OTG_BSP_Init                         0x0805c445   Thumb Code   112  usb_bsp.o(.text)
    USB_OTG_BSP_EnableInterrupt              0x0805c4b5   Thumb Code    36  usb_bsp.o(.text)
    USB_OTG_BSP_DisableInterrupt             0x0805c4d9   Thumb Code     2  usb_bsp.o(.text)
    USB_OTG_BSP_DriveVBUS                    0x0805c4db   Thumb Code     2  usb_bsp.o(.text)
    USB_OTG_BSP_ConfigVBUS                   0x0805c4dd   Thumb Code     2  usb_bsp.o(.text)
    USB_OTG_BSP_uDelay                       0x0805c4df   Thumb Code    12  usb_bsp.o(.text)
    USB_OTG_BSP_mDelay                       0x0805c4eb   Thumb Code    12  usb_bsp.o(.text)
    USB_OTG_WritePacket                      0x0805c5a1   Thumb Code    64  usb_core.o(.text)
    USB_OTG_ReadPacket                       0x0805c5e1   Thumb Code    40  usb_core.o(.text)
    USB_OTG_SelectCore                       0x0805c609   Thumb Code   204  usb_core.o(.text)
    USB_OTG_CoreInit                         0x0805c6d5   Thumb Code   294  usb_core.o(.text)
    USB_OTG_EnableGlobalInt                  0x0805c7fb   Thumb Code    34  usb_core.o(.text)
    USB_OTG_DisableGlobalInt                 0x0805c81d   Thumb Code    34  usb_core.o(.text)
    USB_OTG_FlushTxFifo                      0x0805c83f   Thumb Code    80  usb_core.o(.text)
    USB_OTG_FlushRxFifo                      0x0805c88f   Thumb Code    70  usb_core.o(.text)
    USB_OTG_SetCurrentMode                   0x0805c8d5   Thumb Code    78  usb_core.o(.text)
    USB_OTG_GetMode                          0x0805c923   Thumb Code    22  usb_core.o(.text)
    USB_OTG_IsDeviceMode                     0x0805c939   Thumb Code    22  usb_core.o(.text)
    USB_OTG_IsHostMode                       0x0805c94f   Thumb Code    20  usb_core.o(.text)
    USB_OTG_ReadCoreItr                      0x0805c963   Thumb Code    16  usb_core.o(.text)
    USB_OTG_ReadOtgItr                       0x0805c973   Thumb Code     8  usb_core.o(.text)
    USB_OTG_EnableHostInt                    0x0805c97b   Thumb Code   116  usb_core.o(.text)
    USB_OTG_ReadHPRT0                        0x0805c9ef   Thumb Code    48  usb_core.o(.text)
    USB_OTG_DriveVbus                        0x0805ca1f   Thumb Code    92  usb_core.o(.text)
    USB_OTG_ResetPort                        0x0805ca7b   Thumb Code    64  usb_core.o(.text)
    USB_OTG_InitFSLSPClkSel                  0x0805cabb   Thumb Code    24  usb_core.o(.text)
    USB_OTG_CoreInitHost                     0x0805cad3   Thumb Code   214  usb_core.o(.text)
    USB_OTG_IsEvenFrame                      0x0805cba9   Thumb Code    16  usb_core.o(.text)
    USB_OTG_ReadHostAllChannels_intr         0x0805cbb9   Thumb Code     8  usb_core.o(.text)
    USB_OTG_HC_Init                          0x0805cbc1   Thumb Code   568  usb_core.o(.text)
    USB_OTG_HC_StartXfer                     0x0805cdf9   Thumb Code   502  usb_core.o(.text)
    USB_OTG_HC_Halt                          0x0805cfef   Thumb Code   130  usb_core.o(.text)
    USB_OTG_HC_DoPing                        0x0805d071   Thumb Code    90  usb_core.o(.text)
    USB_OTG_StopHost                         0x0805d0cb   Thumb Code    96  usb_core.o(.text)
    HCD_Init                                 0x0805d12b   Thumb Code    96  usb_hcd.o(.text)
    HCD_GetCurrentSpeed                      0x0805d18b   Thumb Code    20  usb_hcd.o(.text)
    HCD_ResetPort                            0x0805d19f   Thumb Code    14  usb_hcd.o(.text)
    HCD_IsDeviceConnected                    0x0805d1ad   Thumb Code     8  usb_hcd.o(.text)
    HCD_GetCurrentFrame                      0x0805d1b5   Thumb Code    10  usb_hcd.o(.text)
    HCD_GetURB_State                         0x0805d1bf   Thumb Code    10  usb_hcd.o(.text)
    HCD_GetXferCnt                           0x0805d1c9   Thumb Code    12  usb_hcd.o(.text)
    HCD_GetHCState                           0x0805d1d5   Thumb Code    10  usb_hcd.o(.text)
    HCD_HC_Init                              0x0805d1df   Thumb Code    16  usb_hcd.o(.text)
    HCD_SubmitRequest                        0x0805d1ef   Thumb Code    32  usb_hcd.o(.text)
    USBH_OTG_ISR_Handler                     0x0805dfd7   Thumb Code   168  usb_hcd_int.o(.text)
    RcvBuffer_GetData                        0x0805e085   Thumb Code     4  screen.o(.text)
    Screen_PowerDowm                         0x0805e089   Thumb Code    78  screen.o(.text)
    Screen_Backlight                         0x0805e0d7   Thumb Code   112  screen.o(.text)
    Screen_CalibrationFix                    0x0805e147   Thumb Code   216  screen.o(.text)
    Screen_FileSeek                          0x0805e21f   Thumb Code    86  screen.o(.text)
    Screen_SmokeSampling                     0x0805e275   Thumb Code    86  screen.o(.text)
    Screen_MeasureSomke                      0x0805e2cb   Thumb Code   208  screen.o(.text)
    Screen_MeasureHumidity                   0x0805e39b   Thumb Code    54  screen.o(.text)
    Screen_WorkingConditionPrediction        0x0805e3d1   Thumb Code    86  screen.o(.text)
    Screen_FlueSet                           0x0805e427   Thumb Code    98  screen.o(.text)
    Screen_SystemSet                         0x0805e489   Thumb Code    26  screen.o(.text)
    Screen_MainPage                          0x0805e4a3   Thumb Code   388  screen.o(.text)
    Screen_ScanSchack                        0x0805e627   Thumb Code    90  screen.o(.text)
    Screen_ShowWifi                          0x0805e681   Thumb Code    36  screen.o(.text)
    Screen_ShowScreenLockState               0x0805e6a5   Thumb Code   132  screen.o(.text)
    Screen_changPowerState                   0x0805e729   Thumb Code   202  screen.o(.text)
    Screen_BacklightDW                       0x0805e7f3   Thumb Code    90  screen.o(.text)
    reversebytes_uint32t                     0x0805e84d   Thumb Code    26  screen.o(.text)
    Screen_GetData                           0x0805e867   Thumb Code     4  screen.o(.text)
    Screen_DealWihtReceiveData               0x0805e86b   Thumb Code  4154  screen.o(.text)
    Screen_SecClock                          0x0805f8a5   Thumb Code   126  screen.o(.text)
    Screen_Main                              0x0805f923   Thumb Code   238  screen.o(.text)
    Screen_Timer                             0x0805fa11   Thumb Code   324  screen.o(.text)
    ScreenJPG_Timer                          0x0805fb55   Thumb Code    10  screen.o(.text)
    ScreenJPG_ClearSum                       0x0805fb5f   Thumb Code    38  screen.o(.text)
    Screen_ShowPowerState                    0x0805fb85   Thumb Code   348  screen.o(.text)
    Screen_ShowDynamicData                   0x0805fce1   Thumb Code   736  screen.o(.text)
    Screen_SecTimer                          0x0805ffc1   Thumb Code   116  screen.o(.text)
    Screen_ColckInit                         0x08060035   Thumb Code    18  screen.o(.text)
    Screen_InitData                          0x08060047   Thumb Code    76  screen.o(.text)
    Screen_Init                              0x08060093   Thumb Code    16  screen.o(.text)
    Screen_ShowNetworkState                  0x080600a3   Thumb Code     2  screen.o(.text)
    ScreenReadMemory                         0x080600a5   Thumb Code   168  screen.o(.text)
    Screen_DebugASCII                        0x0806014d   Thumb Code   916  screen.o(.text)
    Screen_SavePowerDownMsg                  0x080604e1   Thumb Code   964  screen.o(.text)
    Screen_programUpdata                     0x080608a5   Thumb Code   244  screenlogic.o(.text)
    Screen_AutoCheck                         0x08060999   Thumb Code  1394  screenlogic.o(.text)
    Screen_MainLayer                         0x08060f0b   Thumb Code   612  screenlogic.o(.text)
    Screen_PowerOffPag                       0x0806116f   Thumb Code  1002  screenlogic.o(.text)
    Screen_SystemSetPag                      0x08061559   Thumb Code   960  screenlogic.o(.text)
    Screen_FluePag                           0x08061919   Thumb Code   352  screenlogic.o(.text)
    Screen_FlueCircularPag                   0x08061a79   Thumb Code  1254  screenlogic.o(.text)
    Screen_FlueSeekPag                       0x08061f5f   Thumb Code   314  screenlogic.o(.text)
    Screen_FlueOtherPag                      0x08062099   Thumb Code   498  screenlogic.o(.text)
    Screen_FlueSquarePag                     0x0806228b   Thumb Code  1126  screenlogic.o(.text)
    Screen_WCP_SetPag                        0x080626f1   Thumb Code   206  screenlogic.o(.text)
    Screen_WCP_PressureZeroPag               0x080627bf   Thumb Code   526  screenlogic.o(.text)
    Screen_WCP_FumeTemperaturPag             0x080629cd   Thumb Code   498  screenlogic.o(.text)
    Screen_WCP_PredictedVelocityPag          0x08062bbf   Thumb Code   632  screenlogic.o(.text)
    Screen_WCP_CheckAveragePag               0x08062e37   Thumb Code   316  screenlogic.o(.text)
    Screen_CHSL_SetPag                       0x08062f73   Thumb Code   430  screenlogic.o(.text)
    Screen_CHSL_GSQF_Pag                     0x08063121   Thumb Code   602  screenlogic.o(.text)
    Screen_CHSL_ZRF_Pag                      0x0806337b   Thumb Code   228  screenlogic.o(.text)
    Screen_CHSL_HSLCX_Pag                    0x0806345f   Thumb Code   512  screenlogic.o(.text)
    Screen_CLYQ_SetPag                       0x0806365f   Thumb Code   324  screenlogic.o(.text)
    Screen_CLYQ_YQJZ_Pag                     0x080637a3   Thumb Code   896  screenlogic.o(.text)
    Screen_CLYQ_JIPINGJUN_Pag                0x08063b23   Thumb Code  1566  screenlogic.o(.text)
    Screen_CLYQ_KSJC_Pag                     0x08064141   Thumb Code  1980  screenlogic.o(.text)
    Screen_CLYQ_CLJS_Pag                     0x080648fd   Thumb Code   178  screenlogic.o(.text)
    Screen_CLYQ_YQAX_Pag                     0x080649af   Thumb Code   204  screenlogic.o(.text)
    Screen_CLYQ_YQCX_Pag                     0x08064a7b   Thumb Code   564  screenlogic.o(.text)
    Screen_CLYQ_YQCX_JS_Pag                  0x08064caf   Thumb Code   410  screenlogic.o(.text)
    Screen_CLYQ_YQCX_JS_YQSR_Pag             0x08064e49   Thumb Code   754  screenlogic.o(.text)
    Screen_CLYQ_YQCX_WJGL_Pag                0x0806513b   Thumb Code   512  screenlogic.o(.text)
    Screen_CLYQ_YQCX_DYXX_Pag                0x0806533b   Thumb Code  1366  screenlogic.o(.text)
    Screen_CLYQ_YQCX_FZSJ_Pag                0x08065891   Thumb Code   542  screenlogic.o(.text)
    Screen_YCCY_CYSZ_Pag                     0x08065aaf   Thumb Code  1428  screenlogic.o(.text)
    Screen_YCCY_QMJC_Pag                     0x08066043   Thumb Code   704  screenlogic.o(.text)
    Screen_YCCY_KSJC_Pag                     0x08066303   Thumb Code  1804  screenlogic.o(.text)
    Screen_YCCY_CLJS_Pag                     0x08066a0f   Thumb Code   536  screenlogic.o(.text)
    Screen_YCCY_YCFDX_Pag                    0x08066c27   Thumb Code   250  screenlogic.o(.text)
    Screen_YCCY_YCCX_Pag                     0x08066d21   Thumb Code   628  screenlogic.o(.text)
    Screen_YCCY_YCCX_JS_YC_Pag               0x08066f95   Thumb Code   664  screenlogic.o(.text)
    Screen_YCCY_YCCX_JS_YY_Pag               0x0806722d   Thumb Code   450  screenlogic.o(.text)
    Screen_YCCY_YCCX_WJGL_Pag                0x080673ef   Thumb Code   514  screenlogic.o(.text)
    Screen_YCCY_YCCX_DYXX_Pag                0x080675f1   Thumb Code  1270  screenlogic.o(.text)
    Screen_JZWH_MMSR_Pag                     0x08067ae7   Thumb Code   374  screenlogic.o(.text)
    Screen_JZWH_WHXZ_Pag                     0x08067c5d   Thumb Code   306  screenlogic.o(.text)
    Screen_WHJZ_WHXZ_STSZ_Pag                0x08067d8f   Thumb Code  1132  screenlogic.o(.text)
    Screen_WHJZ_WHXZ_STSZ_CO_SO2_Pag         0x080681fb   Thumb Code  1508  screenlogic.o(.text)
    Screen_WHJZ_WHXZ_LLJZ_Pag                0x080687df   Thumb Code  1886  screenlogic.o(.text)
    Screen_WHJZ_WHXZ_MMSZ_Pag                0x08068f3d   Thumb Code  1212  screenlogic.o(.text)
    Screen_WHJZ_WHXZ_NDJZ_Pag                0x080693f9   Thumb Code  1540  screenlogic.o(.text)
    Screen_WHJZ_WHXZ_NDJZ_BLSZ_Pag           0x080699fd   Thumb Code  3520  screenlogic.o(.text)
    Screen_WHJZ_WHXZ_YLJZ_Pag                0x0806a7bd   Thumb Code   698  screenlogic.o(.text)
    Screen_WHJZ_YQCGQXZ_Pag                  0x0806aa77   Thumb Code   468  screenlogic.o(.text)
    Screen_WHJZ_WHXZ_WDJZ_Pag                0x0806ac4b   Thumb Code  1158  screenlogic.o(.text)
    Screen_WHJZ_WHXZ_DCBD_Pag                0x0806b0d1   Thumb Code   322  screenlogic.o(.text)
    Screen_JZWH_CJWH_Pag                     0x0806b213   Thumb Code   706  screenlogic.o(.text)
    Screen_WHJZ_CJWH_QTCGQPZ_Pag             0x0806b4d5   Thumb Code  1146  screenlogic.o(.text)
    Screen_KJ_MMSR_Pag                       0x0806b94f   Thumb Code   316  screenlogic.o(.text)
    GetU16dataFormFlash2Word                 0x0806bac1   Thumb Code    22  screendwfunction.o(.text)
    GetFlaotdataFormFlash2Word               0x0806bad7   Thumb Code    40  screendwfunction.o(.text)
    GetU32dataFormFlash2Word                 0x0806baff   Thumb Code    38  screendwfunction.o(.text)
    SaveFlaotToFlash                         0x0806bb25   Thumb Code    56  screendwfunction.o(.text)
    SaveU32ToFlash                           0x0806bb5d   Thumb Code    40  screendwfunction.o(.text)
    SaveU16ToFlash                           0x0806bb85   Thumb Code    24  screendwfunction.o(.text)
    UpdataSensorFixDate                      0x0806bb9d   Thumb Code    94  screendwfunction.o(.text)
    StrinGalignment                          0x0806bbfb   Thumb Code    38  screendwfunction.o(.text)
    Dis_CheckBox                             0x0806bc21   Thumb Code    46  screendwfunction.o(.text)
    ScreenSetJitu                            0x0806bc4f   Thumb Code   610  screendwfunction.o(.text)
    ScreenFirstOpButton                      0x0806beb1   Thumb Code  1508  screendwfunction.o(.text)
    ScreenTowOpButton_KeyControl             0x0806c495   Thumb Code   294  screendwfunction.o(.text)
    ScreenTowOpButton_KeyControl_adr         0x0806c5bb   Thumb Code    92  screendwfunction.o(.text)
    ScreenTowOpButton                        0x0806c617   Thumb Code   314  screendwfunction.o(.text)
    ScreenTowOptChose                        0x0806c751   Thumb Code    36  screendwfunction.o(.text)
    ScreenBackLastPag                        0x0806c775   Thumb Code    26  screendwfunction.o(.text)
    ScreenBackLastOpt                        0x0806c78f   Thumb Code    32  screendwfunction.o(.text)
    ScreenBackFirstOpt                       0x0806c7af   Thumb Code    40  screendwfunction.o(.text)
    ScreenConfirmEnter                       0x0806c7d7   Thumb Code   304  screendwfunction.o(.text)
    ScreenConfirmEnterDisBuffer              0x0806c907   Thumb Code   106  screendwfunction.o(.text)
    ScreenEnterNumberText                    0x0806c971   Thumb Code   478  screendwfunction.o(.text)
    ScreenTextTwinkle                        0x0806cb4f   Thumb Code   204  screendwfunction.o(.text)
    ScreenEnterNumberTwinkle                 0x0806cc1b   Thumb Code   118  screendwfunction.o(.text)
    ScreenChangeDataInit                     0x0806cc91   Thumb Code   116  screendwfunction.o(.text)
    ScreenButtonReset                        0x0806cd05   Thumb Code    20  screendwfunction.o(.text)
    GetYDBD_Describe                         0x0806cd19   Thumb Code    80  screendwfunction.o(.text)
    Dis_Tips                                 0x0806cd69   Thumb Code    34  screendwfunction.o(.text)
    Set_SysCheckBox                          0x0806cd8b   Thumb Code    68  screendwfunction.o(.text)
    GetFlueArea                              0x0806cdcf   Thumb Code    28  screendwfunction.o(.text)
    DisQTND                                  0x0806cdeb   Thumb Code    20  screendwfunction.o(.text)
    YC_SampleControl                         0x0806cdff   Thumb Code   258  screendwfunction.o(.text)
    SoftKeyboardConfirmEnter                 0x0806cf01   Thumb Code   450  screendwfunction.o(.text)
    ProcessSoftKeyboardInput                 0x0806d0c3   Thumb Code   126  screendwfunction.o(.text)
    SoftKeyboardConfirmEnterDisBuffer        0x0806d141   Thumb Code   136  screendwfunction.o(.text)
    ProcessSoftKeyboardInputFileName         0x0806d1c9   Thumb Code   132  screendwfunction.o(.text)
    Buttom_UpdataProgramPage                 0x0806d24d   Thumb Code   122  screenbutton.o(.text)
    Buttom_MainPage                          0x0806d2c7   Thumb Code   330  screenbutton.o(.text)
    Buttom_PowerOffPage                      0x0806d411   Thumb Code   338  screenbutton.o(.text)
    SystemSetPageWriteTime                   0x0806d563   Thumb Code   104  screenbutton.o(.text)
    SystemSetPageWriteDate                   0x0806d5cb   Thumb Code   176  screenbutton.o(.text)
    Button_SysSetPage                        0x0806d67b   Thumb Code  2356  screenbutton.o(.text)
    Button_FlueSetPage                       0x0806dfaf   Thumb Code   208  screenbutton.o(.text)
    Button_FlueCircularPage                  0x0806e07f   Thumb Code   910  screenbutton.o(.text)
    Button_FlueSeekPage                      0x0806e40d   Thumb Code   450  screenbutton.o(.text)
    Button_FlueSquarePage                    0x0806e5cf   Thumb Code  1004  screenbutton.o(.text)
    Button_FlueOtherPage                     0x0806e9bb   Thumb Code   566  screenbutton.o(.text)
    Button_WCP_SetPag                        0x0806ebf1   Thumb Code   136  screenbutton.o(.text)
    Button_WCP_PressureZeroPag               0x0806ec79   Thumb Code   102  screenbutton.o(.text)
    Button_WCP_FumeTemperaturPag             0x0806ecdf   Thumb Code   248  screenbutton.o(.text)
    Button_WCP_PredictedVelocityPag          0x0806edd7   Thumb Code   702  screenbutton.o(.text)
    Button_WCP_CheckAveragePag               0x0806f095   Thumb Code   456  screenbutton.o(.text)
    Button_CHSL_SetPag                       0x0806f25d   Thumb Code   348  screenbutton.o(.text)
    Button_CHSL_GSQF_Pag                     0x0806f3b9   Thumb Code   166  screenbutton.o(.text)
    Button_CHSL_ZRF_Pag                      0x0806f45f   Thumb Code   138  screenbutton.o(.text)
    Button_CHSL_HSLCX_Pag                    0x0806f4e9   Thumb Code   204  screenbutton.o(.text)
    Button_CLYQ_SetPag                       0x0806f5b5   Thumb Code   330  screenbutton.o(.text)
    Button_CLYQ_YQJZ_Pag                     0x0806f6ff   Thumb Code   114  screenbutton.o(.text)
    Button_CLYQ_JIPINGJUN_Pag                0x0806f771   Thumb Code   412  screenbutton.o(.text)
    Button_CLYQ_KSCL_Pag                     0x0806f90d   Thumb Code   834  screenbutton.o(.text)
    Button_CLYQ_CLJS_Pag                     0x0806fc4f   Thumb Code   388  screenbutton.o(.text)
    Button_CLYQ_YQQX_Pag                     0x0806fdd3   Thumb Code   248  screenbutton.o(.text)
    Button_CLYQ_YQCX_Pag                     0x0806fecb   Thumb Code   856  screenbutton.o(.text)
    Button_CLYQ_YQCX_JS_Pag                  0x08070223   Thumb Code  1030  screenbutton.o(.text)
    Button_CLYQ_YQCX_JS_YQSR_Pag             0x08070629   Thumb Code   966  screenbutton.o(.text)
    Button_CLYQ_YQCX_WJGL_Pag                0x080709ef   Thumb Code   622  screenbutton.o(.text)
    Button_CLYQ_YQCX_DYXX_Pag                0x08070c5d   Thumb Code   222  screenbutton.o(.text)
    Button_CLYQ_YQCX_FZSJ_Pag                0x08070d3b   Thumb Code  1010  screenbutton.o(.text)
    Button_YCCY_CYSZ_Pag                     0x0807112d   Thumb Code  1206  screenbutton.o(.text)
    Button_YCCY_QMJC_Pag                     0x080715e3   Thumb Code   156  screenbutton.o(.text)
    Button_YCCY_KSCL_Pag                     0x0807167f   Thumb Code   462  screenbutton.o(.text)
    Button_YCCY_CLJS_Pag                     0x0807184d   Thumb Code   462  screenbutton.o(.text)
    Button_YCCY_YCFDX_Pag                    0x08071a1b   Thumb Code   176  screenbutton.o(.text)
    Button_YCCY_YCCX_Pag                     0x08071acb   Thumb Code   948  screenbutton.o(.text)
    Button_YCCY_YCCX_JS_YC_Pag               0x08071e7f   Thumb Code  1800  screenbutton.o(.text)
    Button_YCCY_YCCX_JS_YY_Pag               0x08072587   Thumb Code   536  screenbutton.o(.text)
    Button_YCCY_YCCX_WJGL_Pag                0x0807279f   Thumb Code   696  screenbutton.o(.text)
    Button_YCCY_YCCX_DYXX_Pag                0x08072a57   Thumb Code   250  screenbutton.o(.text)
    Button_WHJZ_MMSR_Pag                     0x08072b51   Thumb Code   444  screenbutton.o(.text)
    Button_WHJZ_WHXZ_Pag                     0x08072d0d   Thumb Code   358  screenbutton.o(.text)
    Button_WHJZ_WHXZ_STSZ_Pag                0x08072e73   Thumb Code  1242  screenbutton.o(.text)
    Button_WHJZ_WHXZ_STSZ_CO_SO2_Pag         0x0807334d   Thumb Code   684  screenbutton.o(.text)
    Button_WHJZ_WHXZ_LLJZ_Pag                0x080735f9   Thumb Code  1302  screenbutton.o(.text)
    Button_WHJZ_WHXZ_MMSZ_Pag                0x08073b0f   Thumb Code  1288  screenbutton.o(.text)
    Button_WHJZ_WHXZ_NDJZ_Pag                0x08074017   Thumb Code  1020  screenbutton.o(.text)
    Button_WHJZ_WHXZ_NDJZ_BLSZ_Pag           0x08074413   Thumb Code  1124  screenbutton.o(.text)
    Button_WHJZ_WHXZ_YLJZ_Pag                0x08074877   Thumb Code   850  screenbutton.o(.text)
    Button_WHJZ_YQCGQXZ_Pag                  0x08074bc9   Thumb Code   166  screenbutton.o(.text)
    Button_WHJZ_WDJZ_Pag                     0x08074c6f   Thumb Code  1458  screenbutton.o(.text)
    Button_WHJZ_DCBD_Pag                     0x08075221   Thumb Code   340  screenbutton.o(.text)
    Button_WHJZ_CJWH_Pag                     0x08075375   Thumb Code   290  screenbutton.o(.text)
    Button_WHJZ_CJWH_QTCGQXZ_Pag             0x08075497   Thumb Code  1480  screenbutton.o(.text)
    Button_KJ_MMSR_Pag                       0x08075a5f   Thumb Code   398  screenbutton.o(.text)
    CalculationCircularMeasurePoint          0x08075bfd   Thumb Code   278  screendiscalculate.o(.text)
    SquareCalculationMeasurePoint            0x08075d13   Thumb Code   188  screendiscalculate.o(.text)
    SquareCalculationMeasureHold             0x08075dcf   Thumb Code   138  screendiscalculate.o(.text)
    SquareCalculationMeasurePointN           0x08075e59   Thumb Code   150  screendiscalculate.o(.text)
    SaveFlueData                             0x08075eef   Thumb Code   902  screendiscalculate.o(.text)
    ReadFlueData                             0x08076275   Thumb Code   342  screendiscalculate.o(.text)
    ApplicationFlueFileData                  0x080763cb   Thumb Code   982  screendiscalculate.o(.text)
    ReadWorkData                             0x080767a1   Thumb Code   204  screendiscalculate.o(.text)
    SaveWorkData                             0x0807686d   Thumb Code  1046  screendiscalculate.o(.text)
    SaveGasDataLoad                          0x08076c83   Thumb Code   614  screendiscalculate.o(.text)
    SaveGasINputDataLoad                     0x08076ee9   Thumb Code   172  screendiscalculate.o(.text)
    SaveGasAverageRecordData                 0x08076f95   Thumb Code   592  screendiscalculate.o(.text)
    SaveGas_Z_J_F_RecordData                 0x080771e5   Thumb Code   298  screendiscalculate.o(.text)
    SaveGasData                              0x0807730f   Thumb Code  1930  screendiscalculate.o(.text)
    ReadGasFirstData                         0x08077a99   Thumb Code  1044  screendiscalculate.o(.text)
    GetGasSecondData                         0x08077ead   Thumb Code  2108  screendiscalculate.o(.text)
    GetGasLongDuData                         0x080786e9   Thumb Code   176  screendiscalculate.o(.text)
    GetGasFileRecodData                      0x08078799   Thumb Code   602  screendiscalculate.o(.text)
    SaveDustDataLoad                         0x080789f3   Thumb Code   758  screendiscalculate.o(.text)
    SaveDustData                             0x08078ce9   Thumb Code  2578  screendiscalculate.o(.text)
    ReadDustData                             0x080796fb   Thumb Code  1876  screendiscalculate.o(.text)
    ReadLampBlackFirstData                   0x08079e4f   Thumb Code  1450  screendiscalculate.o(.text)
    ReadDustFirstData                        0x0807a3f9   Thumb Code  1554  screendiscalculate.o(.text)
    GetDustSecondData                        0x0807aa0b   Thumb Code  1330  screendiscalculate.o(.text)
    GetDustJS_INpuData                       0x0807af3d   Thumb Code   152  screendiscalculate.o(.text)
    SaveGasJS_InputDataLoad                  0x0807afd5   Thumb Code   150  screendiscalculate.o(.text)
    PrintPara                                0x0807b06b   Thumb Code   228  screendiscalculate.o(.text)
    PrintPressurePara                        0x0807b14f   Thumb Code   366  screendiscalculate.o(.text)
    PrintTemperaturePara                     0x0807b2bd   Thumb Code   240  screendiscalculate.o(.text)
    PrintFlowPara                            0x0807b3ad   Thumb Code   328  screendiscalculate.o(.text)
    PrintConcentraPara                       0x0807b4f5   Thumb Code   618  screendiscalculate.o(.text)
    PrintCurTest                             0x0807b75f   Thumb Code   408  screendiscalculate.o(.text)
    PrintFile_com                            0x0807b8f7   Thumb Code   222  screendiscalculate.o(.text)
    PrintWorkFile                            0x0807b9d5   Thumb Code    38  screendiscalculate.o(.text)
    PrintGasFile                             0x0807b9fb   Thumb Code    38  screendiscalculate.o(.text)
    PrintDustFile                            0x0807ba21   Thumb Code    38  screendiscalculate.o(.text)
    PrintGasRecordFile                       0x0807ba47   Thumb Code    26  screendiscalculate.o(.text)
    Screen_WaterPumOpenServo                 0x0807ba61   Thumb Code    32  screendiscalculate.o(.text)
    Screen_WaterPumCloseServo                0x0807ba81   Thumb Code    16  screendiscalculate.o(.text)
    Screen_WaterPumServo                     0x0807ba91   Thumb Code   120  screendiscalculate.o(.text)
    ScreeDisCalculate_DebugASCII             0x0807bb09   Thumb Code   436  screendiscalculate.o(.text)
    GetKjMm                                  0x0807bcbd   Thumb Code   166  screendiscalculate.o(.text)
    GetRandomNum                             0x0807bd63   Thumb Code    74  screendiscalculate.o(.text)
    ProcessBlueToothInitial                  0x0807bdad   Thumb Code   360  screendiscalculate.o(.text)
    ProcessE28Initial                        0x0807bf15   Thumb Code   140  screendiscalculate.o(.text)
    TemperatureCaribration                   0x0807bfa1   Thumb Code   676  screendiscalculate.o(.text)
    ProcessGetMinuteData                     0x0807c245   Thumb Code  1586  screendiscalculate.o(.text)
    rand                                     0x0807c88d   Thumb Code    20  rand.o(.text)
    srand                                    0x0807c8a1   Thumb Code     6  rand.o(.text)
    mktime                                   0x0807c8b1   Thumb Code   150  mktime.o(.text)
    __aeabi_memcpy                           0x0807c959   Thumb Code    36  memcpya.o(.text)
    __aeabi_memcpy4                          0x0807c959   Thumb Code     0  memcpya.o(.text)
    __aeabi_memcpy8                          0x0807c959   Thumb Code     0  memcpya.o(.text)
    __aeabi_memset                           0x0807c97d   Thumb Code    14  memseta.o(.text)
    __aeabi_memset4                          0x0807c97d   Thumb Code     0  memseta.o(.text)
    __aeabi_memset8                          0x0807c97d   Thumb Code     0  memseta.o(.text)
    __aeabi_memclr                           0x0807c98b   Thumb Code     4  memseta.o(.text)
    __aeabi_memclr4                          0x0807c98b   Thumb Code     0  memseta.o(.text)
    __aeabi_memclr8                          0x0807c98b   Thumb Code     0  memseta.o(.text)
    _memset$wrapper                          0x0807c98f   Thumb Code    18  memseta.o(.text)
    strcat                                   0x0807c9a1   Thumb Code    24  strcat.o(.text)
    strncpy                                  0x0807c9b9   Thumb Code    24  strncpy.o(.text)
    strlen                                   0x0807c9d1   Thumb Code    14  strlen.o(.text)
    strcmp                                   0x0807c9df   Thumb Code    28  strcmp.o(.text)
    strcpy                                   0x0807c9fb   Thumb Code    18  strcpy.o(.text)
    strncmp                                  0x0807ca0d   Thumb Code    30  strncmp.o(.text)
    atoi                                     0x0807ca2b   Thumb Code    26  atoi.o(.text)
    atoll                                    0x0807ca45   Thumb Code    26  atoll.o(.text)
    __aeabi_dadd                             0x0807ca5f   Thumb Code   322  dadd.o(.text)
    __aeabi_dsub                             0x0807cba1   Thumb Code     6  dadd.o(.text)
    __aeabi_drsub                            0x0807cba7   Thumb Code     6  dadd.o(.text)
    __aeabi_dmul                             0x0807cbad   Thumb Code   228  dmul.o(.text)
    __aeabi_ddiv                             0x0807cc91   Thumb Code   222  ddiv.o(.text)
    __aeabi_ui2d                             0x0807cd6f   Thumb Code    26  dfltui.o(.text)
    __aeabi_d2uiz                            0x0807cd89   Thumb Code    50  dfixui.o(.text)
    __aeabi_f2d                              0x0807cdbb   Thumb Code    38  f2d.o(.text)
    __aeabi_cdcmpeq                          0x0807cde1   Thumb Code     0  cdcmple.o(.text)
    __aeabi_cdcmple                          0x0807cde1   Thumb Code    48  cdcmple.o(.text)
    __aeabi_d2f                              0x0807ce11   Thumb Code    56  d2f.o(.text)
    __aeabi_uidiv                            0x0807ce49   Thumb Code     0  uidiv.o(.text)
    __aeabi_uidivmod                         0x0807ce49   Thumb Code    44  uidiv.o(.text)
    __aeabi_uldivmod                         0x0807ce75   Thumb Code    98  uldiv.o(.text)
    __aeabi_llsl                             0x0807ced7   Thumb Code    30  llshl.o(.text)
    _ll_shift_l                              0x0807ced7   Thumb Code     0  llshl.o(.text)
    __aeabi_llsr                             0x0807cef5   Thumb Code    32  llushr.o(.text)
    _ll_ushift_r                             0x0807cef5   Thumb Code     0  llushr.o(.text)
    __aeabi_lasr                             0x0807cf15   Thumb Code    36  llsshr.o(.text)
    _ll_sshift_r                             0x0807cf15   Thumb Code     0  llsshr.o(.text)
    localtime                                0x0807cf39   Thumb Code     6  localtime_w.o(.text)
    _localtime                               0x0807cf45   Thumb Code   134  localtime_i.o(.text)
    __strtod_int                             0x0807d007   Thumb Code    88  strtod.o(.text)
    strtol                                   0x0807d06d   Thumb Code   112  strtol.o(.text)
    __strtoll                                0x0807d0dd   Thumb Code   144  __strtoll.o(.text)
    __I$use$fp                               0x0807d16d   Thumb Code     0  iusefp.o(.text)
    _float_round                             0x0807d16d   Thumb Code    18  fepilogue.o(.text)
    _float_epilogue                          0x0807d17f   Thumb Code    92  fepilogue.o(.text)
    _double_round                            0x0807d1db   Thumb Code    30  depilogue.o(.text)
    _double_epilogue                         0x0807d1f9   Thumb Code   156  depilogue.o(.text)
    __ARM_scalbn                             0x0807d295   Thumb Code    46  dscalb.o(.text)
    scalbn                                   0x0807d295   Thumb Code     0  dscalb.o(.text)
    _dsqrt                                   0x0807d2c3   Thumb Code   162  dsqrt.o(.text)
    __aeabi_i2d                              0x0807d365   Thumb Code    34  dflti.o(.text)
    __aeabi_d2ulz                            0x0807d387   Thumb Code    48  dfixul.o(.text)
    __aeabi_cdrcmple                         0x0807d3b9   Thumb Code    48  cdrcmple.o(.text)
    __scatterload                            0x0807d3e9   Thumb Code    28  init.o(.text)
    __scatterload_rt2                        0x0807d3e9   Thumb Code     0  init.o(.text)
    __rt_ctype_table                         0x0807d40d   Thumb Code     4  ctype_o.o(.text)
    isspace                                  0x0807d415   Thumb Code    18  isspace_o.o(.text)
    _scanf_real                              0x0807d529   Thumb Code     0  scanf_fp.o(.text)
    _scanf_really_real                       0x0807d529   Thumb Code   556  scanf_fp.o(.text)
    _sgetc                                   0x0807d761   Thumb Code    30  _sgetc.o(.text)
    _sbackspace                              0x0807d77f   Thumb Code    34  _sgetc.o(.text)
    _strtoul                                 0x0807d7a1   Thumb Code   158  _strtoul.o(.text)
    _strtoull                                0x0807d83f   Thumb Code   194  _strtoull.o(.text)
    _chval                                   0x0807d901   Thumb Code    28  _chval.o(.text)
    __aeabi_ul2d                             0x0807d91d   Thumb Code    24  dfltul.o(.text)
    __decompress                             0x0807d935   Thumb Code     0  __dczerorl2.o(.text)
    __decompress1                            0x0807d935   Thumb Code    86  __dczerorl2.o(.text)
    __0printf                                0x0807d98d   Thumb Code    22  printfa.o(i.__0printf)
    __1printf                                0x0807d98d   Thumb Code     0  printfa.o(i.__0printf)
    __2printf                                0x0807d98d   Thumb Code     0  printfa.o(i.__0printf)
    __c89printf                              0x0807d98d   Thumb Code     0  printfa.o(i.__0printf)
    printf                                   0x0807d98d   Thumb Code     0  printfa.o(i.__0printf)
    __0sprintf                               0x0807d9ad   Thumb Code    34  printfa.o(i.__0sprintf)
    __1sprintf                               0x0807d9ad   Thumb Code     0  printfa.o(i.__0sprintf)
    __2sprintf                               0x0807d9ad   Thumb Code     0  printfa.o(i.__0sprintf)
    __c89sprintf                             0x0807d9ad   Thumb Code     0  printfa.o(i.__0sprintf)
    sprintf                                  0x0807d9ad   Thumb Code     0  printfa.o(i.__0sprintf)
    __ARM_fpclassify                         0x0807d9d5   Thumb Code    48  fpclassify.o(i.__ARM_fpclassify)
    __ARM_fpclassifyf                        0x0807da05   Thumb Code    38  fpclassifyf.o(i.__ARM_fpclassifyf)
    __aeabi_errno_addr                       0x0807da2d   Thumb Code     4  errno.o(i.__aeabi_errno_addr)
    __rt_errno_addr                          0x0807da2d   Thumb Code     0  errno.o(i.__aeabi_errno_addr)
    __hardfp_atof                            0x0807da39   Thumb Code    44  atof.o(i.__hardfp_atof)
    __hardfp_difftime                        0x0807da71   Thumb Code    42  difftime.o(i.__hardfp_difftime)
    __hardfp_expf                            0x0807da9d   Thumb Code   426  expf.o(i.__hardfp_expf)
    __mathlib_expf                           0x0807da9d   Thumb Code     0  expf.o(i.__hardfp_expf)
    __hardfp_fabs                            0x0807dc85   Thumb Code    20  fabs.o(i.__hardfp_fabs)
    __hardfp_logf                            0x0807dc99   Thumb Code   320  logf.o(i.__hardfp_logf)
    __mathlib_logf                           0x0807dc99   Thumb Code     0  logf.o(i.__hardfp_logf)
    __hardfp_pow                             0x0807de09   Thumb Code  3044  pow.o(i.__hardfp_pow)
    __hardfp_sqrt                            0x0807ea41   Thumb Code   122  sqrt.o(i.__hardfp_sqrt)
    __kernel_poly                            0x0807eabb   Thumb Code   248  poly.o(i.__kernel_poly)
    __mathlib_dbl_divzero                    0x0807ebb9   Thumb Code    28  dunder.o(i.__mathlib_dbl_divzero)
    __mathlib_dbl_infnan2                    0x0807ebe9   Thumb Code    20  dunder.o(i.__mathlib_dbl_infnan2)
    __mathlib_dbl_invalid                    0x0807ec01   Thumb Code    24  dunder.o(i.__mathlib_dbl_invalid)
    __mathlib_dbl_overflow                   0x0807ec21   Thumb Code    24  dunder.o(i.__mathlib_dbl_overflow)
    __mathlib_dbl_underflow                  0x0807ec41   Thumb Code    24  dunder.o(i.__mathlib_dbl_underflow)
    __mathlib_flt_divzero                    0x0807ec61   Thumb Code    14  funder.o(i.__mathlib_flt_divzero)
    __mathlib_flt_infnan                     0x0807ec75   Thumb Code     6  funder.o(i.__mathlib_flt_infnan)
    __mathlib_flt_invalid                    0x0807ec7d   Thumb Code    10  funder.o(i.__mathlib_flt_invalid)
    __mathlib_flt_overflow                   0x0807ec8d   Thumb Code    10  funder.o(i.__mathlib_flt_overflow)
    __mathlib_flt_underflow                  0x0807ec9d   Thumb Code    10  funder.o(i.__mathlib_flt_underflow)
    __read_errno                             0x0807ecad   Thumb Code     6  errno.o(i.__read_errno)
    __scatterload_copy                       0x0807ecb9   Thumb Code    14  handlers.o(i.__scatterload_copy)
    __scatterload_null                       0x0807ecc7   Thumb Code     2  handlers.o(i.__scatterload_null)
    __scatterload_zeroinit                   0x0807ecc9   Thumb Code    14  handlers.o(i.__scatterload_zeroinit)
    __set_errno                              0x0807ecd9   Thumb Code     6  errno.o(i.__set_errno)
    _is_digit                                0x0807ee49   Thumb Code    14  scanf_fp.o(i._is_digit)
    fabs                                     0x0807f591   Thumb Code    24  fabs.o(i.fabs)
    sqrt                                     0x0807f5a9   Thumb Code   110  sqrt.o(i.sqrt)
    ROOT_DIR                                 0x0807f618   Data          10  file.o(.constdata)
    FOLDER_OF_Dust                           0x0807f622   Data          16  file.o(.constdata)
    FOLDER_OF_Dust00                         0x0807f632   Data          23  file.o(.constdata)
    LINK_OF_Dust                             0x0807f649   Data          25  file.o(.constdata)
    FOLDER_OF_Gas                            0x0807f662   Data          15  file.o(.constdata)
    FOLDER_OF_Gas00                          0x0807f671   Data          21  file.o(.constdata)
    LINK_OF_Gas                              0x0807f686   Data          24  file.o(.constdata)
    TEMP_OF_Gas                              0x0807f69e   Data          25  file.o(.constdata)
    FOLDER_OF_Work                           0x0807f6b7   Data          16  file.o(.constdata)
    FOLDER_OF_Work00                         0x0807f6c7   Data          23  file.o(.constdata)
    LINK_OF_Work                             0x0807f6de   Data          25  file.o(.constdata)
    FOLDER_OF_Flue                           0x0807f6f7   Data          16  file.o(.constdata)
    FOLDER_OF_Flue00                         0x0807f707   Data          23  file.o(.constdata)
    LINK_OF_Flue                             0x0807f71e   Data          25  file.o(.constdata)
    Work_line                                0x0807f737   Data         434  file.o(.constdata)
    Dust_line                                0x0807f8e9   Data        1209  file.o(.constdata)
    Gas_line                                 0x0807fda2   Data         775  file.o(.constdata)
    Gas_line_record                          0x080800a9   Data         201  file.o(.constdata)
    Flue_line                                0x08080172   Data         651  file.o(.constdata)
    Flue_YXSY                                0x080803fd   Data           5  file.o(.constdata)
    Flue_JXSY                                0x08080402   Data           6  file.o(.constdata)
    Flue_QTSY                                0x08080408   Data           2  file.o(.constdata)
    input                                    0x0808040c   Data         200  file.o(.constdata)
    auchCRCHi                                0x080804e0   Data         256  calculate.o(.constdata)
    auchCRCLo                                0x080805e0   Data         256  calculate.o(.constdata)
    Usb_FILE_DIR                             0x080806e0   Data          13  usb.o(.constdata)
    Usb_FILE_OF_Gas                          0x080806ed   Data           8  usb.o(.constdata)
    Usb_FILE_OF_Dust                         0x080806f5   Data           9  usb.o(.constdata)
    danwei                                   0x080806fe   Data         126  printer.o(.constdata)
    p_hand                                   0x0808077c   Data          33  printer.o(.constdata)
    p_gas_hand1                              0x0808079d   Data          33  printer.o(.constdata)
    p_dust_hand1                             0x080807be   Data          33  printer.o(.constdata)
    p_Work_hand1                             0x080807df   Data          33  printer.o(.constdata)
    p_gasminu_hand1                          0x08080800   Data          33  printer.o(.constdata)
    p_gasrealt_hand1                         0x08080821   Data          33  printer.o(.constdata)
    p_PressurePara_hand                      0x08080842   Data          33  printer.o(.constdata)
    p_TemperaturePara_hand                   0x08080863   Data          33  printer.o(.constdata)
    p_FlowPara_hand                          0x08080884   Data          33  printer.o(.constdata)
    p_ConcentraPara_hand                     0x080808a5   Data          33  printer.o(.constdata)
    p_item_name                              0x080808c6   Data         530  printer.o(.constdata)
    p_para_item_name                         0x08080ad8   Data         765  printer.o(.constdata)
    Crc8Table                                0x08080dd5   Data         256  ds18b20.o(.constdata)
    memtblsize                               0x08080ed8   Data          12  malloc.o(.constdata)
    memblksize                               0x08080ee4   Data          12  malloc.o(.constdata)
    memsize                                  0x08080ef0   Data          12  malloc.o(.constdata)
    FILE_TYPE_TBL                            0x080abc00   Data         112  exfuns.o(.constdata)
    strLC                                    0x080abc70   Data         210  screenlogic.o(.constdata)
    strFDLC                                  0x080abd42   Data         630  screenlogic.o(.constdata)
    CircularMeasurePoint                     0x080ac010   Data         240  screendiscalculate.o(.constdata)
    Testdata                                 0x080ac100   Data         200  screendiscalculate.o(.constdata)
    PN33                                     0x080ac1c8   Data          33  screendiscalculate.o(.constdata)
    IN8                                      0x080ac1e9   Data           8  screendiscalculate.o(.constdata)
    __mathlib_zero                           0x080ac300   Data           8  qnan.o(.constdata)
    __ctype_table                            0x080ac314   Data         129  ctype_o.o(.constdata)
    Region$$Table$$Base                      0x080ac3e0   Number         0  anon$$obj.o(Region$$Table)
    Region$$Table$$Limit                     0x080ac400   Number         0  anon$$obj.o(Region$$Table)
    mem3base                                 0x10000000   Data       61440  malloc.o(.ARM.__AT_0x10000000)
    mem3mapbase                              0x1000f000   Data        3840  malloc.o(.ARM.__AT_0x1000F000)
    Printf_Data                              0x20000000   Data           1  printf.o(.data)
    ButtonData                               0x20000002   Data           8  button.o(.data)
    writeWorkfileEnable                      0x2000000c   Data           4  file.o(.data)
    SD_Type                                  0x20000010   Data           1  mmc_sd.o(.data)
    SDData                                   0x20000011   Data           1  mmc_sd.o(.data)
    SpeakData                                0x20000012   Data           4  speak.o(.data)
    FM24CL64Data                             0x20000016   Data           4  fm24cl64.o(.data)
    FanData                                  0x2000001a   Data           4  fan.o(.data)
    SystemCoreClock                          0x20000030   Data           4  system_stm32f4xx.o(.data)
    AHBPrescTable                            0x20000034   Data          16  system_stm32f4xx.o(.data)
    mallco_dev                               0x20000044   Data          36  malloc.o(.data)
    file_sd                                  0x2000006c   Data           4  exfuns.o(.data)
    file_usb                                 0x20000070   Data           4  exfuns.o(.data)
    ftemp                                    0x20000074   Data           4  exfuns.o(.data)
    br_sd                                    0x20000078   Data           4  exfuns.o(.data)
    bw_sd                                    0x2000007c   Data           4  exfuns.o(.data)
    br_usb                                   0x20000080   Data           4  exfuns.o(.data)
    bw_usb                                   0x20000084   Data           4  exfuns.o(.data)
    fatbuf                                   0x20000088   Data           4  exfuns.o(.data)
    fatbuf_usb                               0x2000008c   Data           4  exfuns.o(.data)
    USBH_HCD_INT_cb                          0x20000090   Data          12  usbh_core.o(.data)
    USBH_HCD_INT_fops                        0x2000009c   Data           4  usbh_core.o(.data)
    MSC_Setup                                0x200000b8   Data           8  usbh_msc_core.o(.data)
    MSCErrorCount                            0x200000c0   Data           1  usbh_msc_core.o(.data)
    USBH_MSC_cb                              0x200000c4   Data          16  usbh_msc_core.o(.data)
    USH_User_App_flag                        0x200000dc   Data           1  usbh_usr.o(.data)
    USR_Callbacks                            0x200000e0   Data          72  usbh_usr.o(.data)
    g_BlueToothInitStateMachine              0x20000150   Data           1  screendiscalculate.o(.data)
    DisBuff                                  0x20000151   Data         240  screendiscalculate.o(.data)
    __stdout                                 0x20000250   Data           4  stdout.o(.data)
    Project_SysBuffer                        0x20000258   Data          12  project.o(.bss)
    USART1_Buffer                            0x20000264   Data        1338  usart.o(.bss)
    USART2_Buffer                            0x2000079e   Data        1338  usart.o(.bss)
    USART3_Buffer                            0x20000cd8   Data        1338  usart.o(.bss)
    USART_COM4_Data                          0x20001212   Data         105  usart.o(.bss)
    USART_COM5_Data                          0x2000127b   Data         105  usart.o(.bss)
    FlashispData                             0x200012e4   Data        1750  flashisp.o(.bss)
    SlaveData                                0x200019bc   Data        3892  slave.o(.bss)
    BatteryData                              0x200028f0   Data         664  battery.o(.bss)
    SdFile_Data                              0x20002b88   Data        5168  file.o(.bss)
    USB_Host                                 0x20003fb8   Data         148  usb.o(.bss)
    USB_OTG_Core                             0x2000404c   Data        1452  usb.o(.bss)
    Usb_Data                                 0x200045f8   Data         768  usb.o(.bss)
    At_Mode                                  0x200048f8   Data          32  at.o(.bss)
    LineData                                 0x20004918   Data        1815  printer.o(.bss)
    Printer_Data                             0x20005030   Data         496  printer.o(.bss)
    TestPowerData                            0x20005220   Data          14  testpower.o(.bss)
    C_F_Structure                            0x20005230   Data         172  calculationformula.o(.bss)
    FluxData                                 0x200052dc   Data        8872  flux.o(.bss)
    APP_Mode                                 0x20007584   Data          28  appat.o(.bss)
    PowerData                                0x200075a0   Data          14  power.o(.bss)
    LTC2944_Data                             0x200075b0   Data          52  ltc2944.o(.bss)
    DS18B20Data                              0x200075e4   Data          32  ds18b20.o(.bss)
    mem1base                                 0x20007620   Data       30720  malloc.o(.bss)
    mem1mapbase                              0x2000ee20   Data        1920  malloc.o(.bss)
    fs                                       0x2000f5ac   Data          12  exfuns.o(.bss)
    fileinfo_sd                              0x2000f5b8   Data          32  exfuns.o(.bss)
    fileinfo_usb                             0x2000f5d8   Data          32  exfuns.o(.bss)
    dir_sd                                   0x2000f5f8   Data          36  exfuns.o(.bss)
    dir_usb                                  0x2000f61c   Data          36  exfuns.o(.bss)
    USBH_MSC_CBWData                         0x2000f640   Data          32  usbh_msc_bot.o(.bss)
    USBH_MSC_CSWData                         0x2000f660   Data          16  usbh_msc_bot.o(.bss)
    USBH_MSC_BOTXferParam                    0x2000f670   Data          16  usbh_msc_bot.o(.bss)
    MSC_Machine                              0x2000f680   Data          74  usbh_msc_core.o(.bss)
    USBH_MSC_Param                           0x2000f6cc   Data          16  usbh_msc_scsi.o(.bss)
    USBH_DataInBuffer                        0x2000f6dc   Data         512  usbh_msc_scsi.o(.bss)
    USBH_DataOutBuffer                       0x2000f8dc   Data         512  usbh_msc_scsi.o(.bss)
    USBH_CfgDesc                             0x2000fadc   Data         512  usbh_stdreq.o(.bss)
    ScreenData                               0x2000fce0   Data         632  screen.o(.bss)
    uScreenRcvBuffer                         0x2000ff58   Data          15  screen.o(.bss)
    gMinuteData                              0x2000ff68   Data        1920  screendiscalculate.o(.bss)
    gSystemTime                              0x200106e8   Data         600  screendiscalculate.o(.bss)
    __initial_sp                             0x20014970   Data           0  startup_stm32f40_41xxx.o(STACK)
    mem2base                                 0x68000000   Data       983040  malloc.o(.ARM.__AT_0x68000000)
    mem2mapbase                              0x680f0000   Data       61440  malloc.o(.ARM.__AT_0x680F0000)



==============================================================================

Memory Map of the image

  Image Entry point : 0x08040189

  Load Region LR_IROM1 (Base: 0x08040000, Size: 0x0006c658, Max: 0x000c0000, ABSOLUTE, COMPRESSED[0x0006c4d8])

    Execution Region ER_IROM1 (Base: 0x08040000, Size: 0x0006c400, Max: 0x000c0000, ABSOLUTE)

    Base Addr    Size         Type   Attr      Idx    E Section Name        Object

    0x08040000   0x00000188   Data   RO         1387    RESET               startup_stm32f40_41xxx.o
    0x08040188   0x00000000   Code   RO         2109  * .ARM.Collect$$$$00000000  mc_w.l(entry.o)
    0x08040188   0x00000004   Code   RO         2456    .ARM.Collect$$$$00000001  mc_w.l(entry2.o)
    0x0804018c   0x00000004   Code   RO         2459    .ARM.Collect$$$$00000004  mc_w.l(entry5.o)
    0x08040190   0x00000000   Code   RO         2461    .ARM.Collect$$$$00000008  mc_w.l(entry7b.o)
    0x08040190   0x00000000   Code   RO         2463    .ARM.Collect$$$$0000000A  mc_w.l(entry8b.o)
    0x08040190   0x00000008   Code   RO         2464    .ARM.Collect$$$$0000000B  mc_w.l(entry9a.o)
    0x08040198   0x00000000   Code   RO         2466    .ARM.Collect$$$$0000000D  mc_w.l(entry10a.o)
    0x08040198   0x00000000   Code   RO         2468    .ARM.Collect$$$$0000000F  mc_w.l(entry11a.o)
    0x08040198   0x00000004   Code   RO         2457    .ARM.Collect$$$$00002712  mc_w.l(entry2.o)
    0x0804019c   0x00000068   Code   RO            3    .text               main.o
    0x08040204   0x000003bc   Code   RO          333    .text               project.o
    0x080405c0   0x00000028   Code   RO          474    .text               stm32f4xx_it.o
    0x080405e8   0x00000c80   Code   RO          497    .text               usart.o
    0x08041268   0x00000080   Code   RO          524    .text               printf.o
    0x080412e8   0x0000010c   Code   RO          547    .text               ascii.o
    0x080413f4   0x000012ac   Code   RO          570    .text               flashisp.o
    0x080426a0   0x000019ec   Code   RO          593    .text               slave.o
    0x0804408c   0x0000061c   Code   RO          616    .text               battery.o
    0x080446a8   0x0000057c   Code   RO          639    .text               button.o
    0x08044c24   0x000025c8   Code   RO          662    .text               file.o
    0x080471ec   0x00000544   Code   RO          690    .text               mmc_sd.o
    0x08047730   0x000004a4   Code   RO          720    .text               calculate.o
    0x08047bd4   0x00000118   Code   RO          743    .text               spi.o
    0x08047cec   0x00002010   Code   RO          763    .text               usb.o
    0x08049cfc   0x00000144   Code   RO          794    .text               process.o
    0x08049e40   0x000006f4   Code   RO          820    .text               at.o
    0x0804a534   0x0000456c   Code   RO          843    .text               printer.o
    0x0804eaa0   0x000000c4   Code   RO          870    .text               speak.o
    0x0804eb64   0x00000134   Code   RO          893    .text               testpower.o
    0x0804ec98   0x00000098   Code   RO          916    .text               mytimer.o
    0x0804ed30   0x000012f8   Code   RO          936    .text               calculationformula.o
    0x08050028   0x0000127c   Code   RO          960    .text               flux.o
    0x080512a4   0x00000290   Code   RO          983    .text               fm24cl64.o
    0x08051534   0x0000024c   Code   RO         1006    .text               myiic.o
    0x08051780   0x000006dc   Code   RO         1026    .text               appat.o
    0x08051e5c   0x00000310   Code   RO         1049    .text               power.o
    0x0805216c   0x000000cc   Code   RO         1072    .text               fan.o
    0x08052238   0x000008f4   Code   RO         1095    .text               ltc2944.o
    0x08052b2c   0x00000710   Code   RO         1121    .text               ds18b20.o
    0x0805323c   0x000000e0   Code   RO         1145    .text               misc.o
    0x0805331c   0x00000454   Code   RO         1165    .text               stm32f4xx_usart.o
    0x08053770   0x00000294   Code   RO         1185    .text               stm32f4xx_gpio.o
    0x08053a04   0x00000ca2   Code   RO         1205    .text               stm32f4xx_tim.o
    0x080546a6   0x00000002   PAD
    0x080546a8   0x0000065c   Code   RO         1225    .text               stm32f4xx_rcc.o
    0x08054d04   0x00000480   Code   RO         1247    .text               stm32f4xx_spi.o
    0x08055184   0x00000694   Code   RO         1287    .text               stm32f4xx_flash.o
    0x08055818   0x00000040   Code   RO         1307    .text               stm32f4xx_iwdg.o
    0x08055858   0x00000464   Code   RO         1327    .text               stm32f4xx_adc.o
    0x08055cbc   0x00000110   Code   RO         1347    .text               stm32f4xx_exti.o
    0x08055dcc   0x00000094   Code   RO         1367    .text               stm32f4xx_syscfg.o
    0x08055e60   0x00000024   Code   RO         1388    .text               startup_stm32f40_41xxx.o
    0x08055e84   0x00000210   Code   RO         1394    .text               system_stm32f4xx.o
    0x08056094   0x0000022c   Code   RO         1420    .text               malloc.o
    0x080562c0   0x00000204   Code   RO         1473    .text               diskio.o
    0x080564c4   0x00003362   Code   RO         1507    .text               ff.o
    0x08059826   0x00000002   PAD
    0x08059828   0x000000b4   Code   RO         1532    .text               cc936.o
    0x080598dc   0x000001c8   Code   RO         1557    .text               exfuns.o
    0x08059aa4   0x00000670   Code   RO         1605    .text               usbh_core.o
    0x0805a114   0x00000186   Code   RO         1631    .text               usbh_hcs.o
    0x0805a29a   0x000003a8   Code   RO         1651    .text               usbh_ioreq.o
    0x0805a642   0x00000002   PAD
    0x0805a644   0x00000454   Code   RO         1671    .text               usbh_msc_bot.o
    0x0805aa98   0x0000034c   Code   RO         1698    .text               usbh_msc_core.o
    0x0805ade4   0x000004f4   Code   RO         1725    .text               usbh_msc_scsi.o
    0x0805b2d8   0x000003dc   Code   RO         1752    .text               usbh_stdreq.o
    0x0805b6b4   0x000003fc   Code   RO         1779    .text               usbh_usr.o
    0x0805bab0   0x00000994   Code   RO         1814    .text               screendrive.o
    0x0805c444   0x000000bc   Code   RO         1838    .text               usb_bsp.o
    0x0805c500   0x00000c2a   Code   RO         1858    .text               usb_core.o
    0x0805d12a   0x000000e4   Code   RO         1878    .text               usb_hcd.o
    0x0805d20e   0x00000002   PAD
    0x0805d210   0x00000e74   Code   RO         1898    .text               usb_hcd_int.o
    0x0805e084   0x00002820   Code   RO         1918    .text               screen.o
    0x080608a4   0x0000b21c   Code   RO         1942    .text               screenlogic.o
    0x0806bac0   0x0000178c   Code   RO         1970    .text               screendwfunction.o
    0x0806d24c   0x000089b0   Code   RO         1993    .text               screenbutton.o
    0x08075bfc   0x00006c90   Code   RO         2014    .text               screendiscalculate.o
    0x0807c88c   0x00000024   Code   RO         2112    .text               mc_w.l(rand.o)
    0x0807c8b0   0x000000a8   Code   RO         2119    .text               mc_w.l(mktime.o)
    0x0807c958   0x00000024   Code   RO         2122    .text               mc_w.l(memcpya.o)
    0x0807c97c   0x00000024   Code   RO         2124    .text               mc_w.l(memseta.o)
    0x0807c9a0   0x00000018   Code   RO         2126    .text               mc_w.l(strcat.o)
    0x0807c9b8   0x00000018   Code   RO         2128    .text               mc_w.l(strncpy.o)
    0x0807c9d0   0x0000000e   Code   RO         2130    .text               mc_w.l(strlen.o)
    0x0807c9de   0x0000001c   Code   RO         2132    .text               mc_w.l(strcmp.o)
    0x0807c9fa   0x00000012   Code   RO         2134    .text               mc_w.l(strcpy.o)
    0x0807ca0c   0x0000001e   Code   RO         2136    .text               mc_w.l(strncmp.o)
    0x0807ca2a   0x0000001a   Code   RO         2401    .text               mc_w.l(atoi.o)
    0x0807ca44   0x0000001a   Code   RO         2403    .text               mc_w.l(atoll.o)
    0x0807ca5e   0x0000014e   Code   RO         2405    .text               mf_w.l(dadd.o)
    0x0807cbac   0x000000e4   Code   RO         2407    .text               mf_w.l(dmul.o)
    0x0807cc90   0x000000de   Code   RO         2409    .text               mf_w.l(ddiv.o)
    0x0807cd6e   0x0000001a   Code   RO         2411    .text               mf_w.l(dfltui.o)
    0x0807cd88   0x00000032   Code   RO         2413    .text               mf_w.l(dfixui.o)
    0x0807cdba   0x00000026   Code   RO         2415    .text               mf_w.l(f2d.o)
    0x0807cde0   0x00000030   Code   RO         2417    .text               mf_w.l(cdcmple.o)
    0x0807ce10   0x00000038   Code   RO         2419    .text               mf_w.l(d2f.o)
    0x0807ce48   0x0000002c   Code   RO         2471    .text               mc_w.l(uidiv.o)
    0x0807ce74   0x00000062   Code   RO         2473    .text               mc_w.l(uldiv.o)
    0x0807ced6   0x0000001e   Code   RO         2475    .text               mc_w.l(llshl.o)
    0x0807cef4   0x00000020   Code   RO         2477    .text               mc_w.l(llushr.o)
    0x0807cf14   0x00000024   Code   RO         2479    .text               mc_w.l(llsshr.o)
    0x0807cf38   0x0000000c   Code   RO         2481    .text               mc_w.l(localtime_w.o)
    0x0807cf44   0x0000008c   Code   RO         2484    .text               mc_w.l(localtime_i.o)
    0x0807cfd0   0x0000009c   Code   RO         2494    .text               mc_w.l(strtod.o)
    0x0807d06c   0x00000070   Code   RO         2496    .text               mc_w.l(strtol.o)
    0x0807d0dc   0x00000090   Code   RO         2498    .text               mc_w.l(__strtoll.o)
    0x0807d16c   0x00000000   Code   RO         2500    .text               mc_w.l(iusefp.o)
    0x0807d16c   0x0000006e   Code   RO         2501    .text               mf_w.l(fepilogue.o)
    0x0807d1da   0x000000ba   Code   RO         2503    .text               mf_w.l(depilogue.o)
    0x0807d294   0x0000002e   Code   RO         2507    .text               mf_w.l(dscalb.o)
    0x0807d2c2   0x000000a2   Code   RO         2509    .text               mf_w.l(dsqrt.o)
    0x0807d364   0x00000022   Code   RO         2511    .text               mf_w.l(dflti.o)
    0x0807d386   0x00000030   Code   RO         2513    .text               mf_w.l(dfixul.o)
    0x0807d3b6   0x00000002   PAD
    0x0807d3b8   0x00000030   Code   RO         2515    .text               mf_w.l(cdrcmple.o)
    0x0807d3e8   0x00000024   Code   RO         2519    .text               mc_w.l(init.o)
    0x0807d40c   0x00000008   Code   RO         2523    .text               mc_w.l(ctype_o.o)
    0x0807d414   0x00000012   Code   RO         2545    .text               mc_w.l(isspace_o.o)
    0x0807d426   0x00000002   PAD
    0x0807d428   0x00000338   Code   RO         2551    .text               mc_w.l(scanf_fp.o)
    0x0807d760   0x00000040   Code   RO         2555    .text               mc_w.l(_sgetc.o)
    0x0807d7a0   0x0000009e   Code   RO         2557    .text               mc_w.l(_strtoul.o)
    0x0807d83e   0x000000c2   Code   RO         2559    .text               mc_w.l(_strtoull.o)
    0x0807d900   0x0000001c   Code   RO         2564    .text               mc_w.l(_chval.o)
    0x0807d91c   0x00000018   Code   RO         2566    .text               mf_w.l(dfltul.o)
    0x0807d934   0x00000056   Code   RO         2576    .text               mc_w.l(__dczerorl2.o)
    0x0807d98a   0x00000002   PAD
    0x0807d98c   0x00000020   Code   RO         2373    i.__0printf         mc_w.l(printfa.o)
    0x0807d9ac   0x00000028   Code   RO         2375    i.__0sprintf        mc_w.l(printfa.o)
    0x0807d9d4   0x00000030   Code   RO         2435    i.__ARM_fpclassify  m_wm.l(fpclassify.o)
    0x0807da04   0x00000026   Code   RO         2437    i.__ARM_fpclassifyf  m_wm.l(fpclassifyf.o)
    0x0807da2a   0x00000002   PAD
    0x0807da2c   0x00000008   Code   RO         2487    i.__aeabi_errno_addr  mc_w.l(errno.o)
    0x0807da34   0x00000004   PAD
    0x0807da38   0x00000038   Code   RO         2037    i.__hardfp_atof     m_wm.l(atof.o)
    0x0807da70   0x0000002a   Code   RO         2043    i.__hardfp_difftime  m_wm.l(difftime.o)
    0x0807da9a   0x00000002   PAD
    0x0807da9c   0x000001e8   Code   RO         2049    i.__hardfp_expf     m_wm.l(expf.o)
    0x0807dc84   0x00000014   Code   RO         2063    i.__hardfp_fabs     m_wm.l(fabs.o)
    0x0807dc98   0x0000016c   Code   RO         2069    i.__hardfp_logf     m_wm.l(logf.o)
    0x0807de04   0x00000004   PAD
    0x0807de08   0x00000c38   Code   RO         2083    i.__hardfp_pow      m_wm.l(pow.o)
    0x0807ea40   0x0000007a   Code   RO         2097    i.__hardfp_sqrt     m_wm.l(sqrt.o)
    0x0807eaba   0x000000f8   Code   RO         2453    i.__kernel_poly     m_wm.l(poly.o)
    0x0807ebb2   0x00000006   PAD
    0x0807ebb8   0x00000030   Code   RO         2421    i.__mathlib_dbl_divzero  m_wm.l(dunder.o)
    0x0807ebe8   0x00000014   Code   RO         2423    i.__mathlib_dbl_infnan2  m_wm.l(dunder.o)
    0x0807ebfc   0x00000004   PAD
    0x0807ec00   0x00000020   Code   RO         2424    i.__mathlib_dbl_invalid  m_wm.l(dunder.o)
    0x0807ec20   0x00000020   Code   RO         2425    i.__mathlib_dbl_overflow  m_wm.l(dunder.o)
    0x0807ec40   0x00000020   Code   RO         2427    i.__mathlib_dbl_underflow  m_wm.l(dunder.o)
    0x0807ec60   0x00000014   Code   RO         2439    i.__mathlib_flt_divzero  m_wm.l(funder.o)
    0x0807ec74   0x00000006   Code   RO         2440    i.__mathlib_flt_infnan  m_wm.l(funder.o)
    0x0807ec7a   0x00000002   PAD
    0x0807ec7c   0x00000010   Code   RO         2442    i.__mathlib_flt_invalid  m_wm.l(funder.o)
    0x0807ec8c   0x00000010   Code   RO         2443    i.__mathlib_flt_overflow  m_wm.l(funder.o)
    0x0807ec9c   0x00000010   Code   RO         2445    i.__mathlib_flt_underflow  m_wm.l(funder.o)
    0x0807ecac   0x0000000c   Code   RO         2488    i.__read_errno      mc_w.l(errno.o)
    0x0807ecb8   0x0000000e   Code   RO         2570    i.__scatterload_copy  mc_w.l(handlers.o)
    0x0807ecc6   0x00000002   Code   RO         2571    i.__scatterload_null  mc_w.l(handlers.o)
    0x0807ecc8   0x0000000e   Code   RO         2572    i.__scatterload_zeroinit  mc_w.l(handlers.o)
    0x0807ecd6   0x00000002   PAD
    0x0807ecd8   0x0000000c   Code   RO         2489    i.__set_errno       mc_w.l(errno.o)
    0x0807ece4   0x00000164   Code   RO         2380    i._fp_digits        mc_w.l(printfa.o)
    0x0807ee48   0x0000000e   Code   RO         2553    i._is_digit         mc_w.l(scanf_fp.o)
    0x0807ee56   0x00000002   PAD
    0x0807ee58   0x000006dc   Code   RO         2381    i._printf_core      mc_w.l(printfa.o)
    0x0807f534   0x00000024   Code   RO         2382    i._printf_post_padding  mc_w.l(printfa.o)
    0x0807f558   0x0000002e   Code   RO         2383    i._printf_pre_padding  mc_w.l(printfa.o)
    0x0807f586   0x0000000a   Code   RO         2385    i._sputc            mc_w.l(printfa.o)
    0x0807f590   0x00000018   Code   RO         2065    i.fabs              m_wm.l(fabs.o)
    0x0807f5a8   0x0000006e   Code   RO         2099    i.sqrt              m_wm.l(sqrt.o)
    0x0807f616   0x00000002   PAD
    0x0807f618   0x00000ec8   Data   RO          664    .constdata          file.o
    0x080804e0   0x00000200   Data   RO          721    .constdata          calculate.o
    0x080806e0   0x0000001e   Data   RO          765    .constdata          usb.o
    0x080806fe   0x000006d7   Data   RO          845    .constdata          printer.o
    0x08080dd5   0x00000100   Data   RO         1123    .constdata          ds18b20.o
    0x08080ed5   0x00000003   PAD
    0x08080ed8   0x00000024   Data   RO         1426    .constdata          malloc.o
    0x08080efc   0x0000003a   Data   RO         1509    .constdata          ff.o
    0x08080f36   0x0002acc8   Data   RO         1533    .constdata          cc936.o
    0x080abbfe   0x00000002   PAD
    0x080abc00   0x00000070   Data   RO         1559    .constdata          exfuns.o
    0x080abc70   0x000003a0   Data   RO         1943    .constdata          screenlogic.o
    0x080ac010   0x000001e1   Data   RO         2016    .constdata          screendiscalculate.o
    0x080ac1f1   0x00000003   PAD
    0x080ac1f4   0x00000030   Data   RO         2052    .constdata          m_wm.l(expf.o)
    0x080ac224   0x00000040   Data   RO         2072    .constdata          m_wm.l(logf.o)
    0x080ac264   0x00000004   PAD
    0x080ac268   0x00000088   Data   RO         2086    .constdata          m_wm.l(pow.o)
    0x080ac2f0   0x0000000c   Data   RO         2120    .constdata          mc_w.l(mktime.o)
    0x080ac2fc   0x00000004   PAD
    0x080ac300   0x00000008   Data   RO         2455    .constdata          m_wm.l(qnan.o)
    0x080ac308   0x0000000c   Data   RO         2485    .constdata          mc_w.l(localtime_i.o)
    0x080ac314   0x00000081   Data   RO         2524    .constdata          mc_w.l(ctype_o.o)
    0x080ac395   0x00000003   PAD
    0x080ac398   0x00000004   Data   RO         2525    .constdata          mc_w.l(ctype_o.o)
    0x080ac39c   0x00000044   Data   RO         1560    .conststring        exfuns.o
    0x080ac3e0   0x00000020   Data   RO         2568    Region$$Table       anon$$obj.o


    Execution Region RW_IRAM1 (Base: 0x20000000, Size: 0x00014970, Max: 0x00020000, ABSOLUTE, COMPRESSED[0x000000d8])

    Base Addr    Size         Type   Attr      Idx    E Section Name        Object

    0x20000000   0x00000001   Data   RW          525    .data               printf.o
    0x20000001   0x00000001   PAD
    0x20000002   0x00000008   Data   RW          640    .data               button.o
    0x2000000a   0x00000002   PAD
    0x2000000c   0x00000004   Data   RW          665    .data               file.o
    0x20000010   0x00000002   Data   RW          691    .data               mmc_sd.o
    0x20000012   0x00000004   Data   RW          871    .data               speak.o
    0x20000016   0x00000004   Data   RW          984    .data               fm24cl64.o
    0x2000001a   0x00000004   Data   RW         1073    .data               fan.o
    0x2000001e   0x00000010   Data   RW         1226    .data               stm32f4xx_rcc.o
    0x2000002e   0x00000002   PAD
    0x20000030   0x00000014   Data   RW         1395    .data               system_stm32f4xx.o
    0x20000044   0x00000024   Data   RW         1427    .data               malloc.o
    0x20000068   0x00000002   Data   RW         1510    .data               ff.o
    0x2000006a   0x00000002   PAD
    0x2000006c   0x00000024   Data   RW         1561    .data               exfuns.o
    0x20000090   0x00000012   Data   RW         1606    .data               usbh_core.o
    0x200000a2   0x00000002   PAD
    0x200000a4   0x00000011   Data   RW         1673    .data               usbh_msc_bot.o
    0x200000b5   0x00000003   PAD
    0x200000b8   0x0000001d   Data   RW         1700    .data               usbh_msc_core.o
    0x200000d5   0x00000001   Data   RW         1727    .data               usbh_msc_scsi.o
    0x200000d6   0x00000003   Data   RW         1754    .data               usbh_stdreq.o
    0x200000d9   0x00000003   PAD
    0x200000dc   0x0000004c   Data   RW         1780    .data               usbh_usr.o
    0x20000128   0x00000028   Data   RW         1944    .data               screenlogic.o
    0x20000150   0x000000fc   Data   RW         2017    .data               screendiscalculate.o
    0x2000024c   0x00000004   Data   RW         2113    .data               mc_w.l(rand.o)
    0x20000250   0x00000004   Data   RW         2470    .data               mc_w.l(stdout.o)
    0x20000254   0x00000004   Data   RW         2490    .data               mc_w.l(errno.o)
    0x20000258   0x0000000c   Zero   RW          334    .bss                project.o
    0x20000264   0x00001080   Zero   RW          498    .bss                usart.o
    0x200012e4   0x000006d6   Zero   RW          571    .bss                flashisp.o
    0x200019ba   0x00000002   PAD
    0x200019bc   0x00000f34   Zero   RW          594    .bss                slave.o
    0x200028f0   0x00000298   Zero   RW          617    .bss                battery.o
    0x20002b88   0x00001430   Zero   RW          663    .bss                file.o
    0x20003fb8   0x00000940   Zero   RW          764    .bss                usb.o
    0x200048f8   0x00000020   Zero   RW          821    .bss                at.o
    0x20004918   0x00000908   Zero   RW          844    .bss                printer.o
    0x20005220   0x0000000e   Zero   RW          894    .bss                testpower.o
    0x2000522e   0x00000002   PAD
    0x20005230   0x000000ac   Zero   RW          937    .bss                calculationformula.o
    0x200052dc   0x000022a8   Zero   RW          961    .bss                flux.o
    0x20007584   0x0000001c   Zero   RW         1027    .bss                appat.o
    0x200075a0   0x0000000e   Zero   RW         1050    .bss                power.o
    0x200075ae   0x00000002   PAD
    0x200075b0   0x00000034   Zero   RW         1096    .bss                ltc2944.o
    0x200075e4   0x00000020   Zero   RW         1122    .bss                ds18b20.o
    0x20007604   0x0000001c   PAD
    0x20007620   0x00007f80   Zero   RW         1425    .bss                malloc.o
    0x2000f5a0   0x0000000c   Zero   RW         1508    .bss                ff.o
    0x2000f5ac   0x00000094   Zero   RW         1558    .bss                exfuns.o
    0x2000f640   0x00000040   Zero   RW         1672    .bss                usbh_msc_bot.o
    0x2000f680   0x0000004a   Zero   RW         1699    .bss                usbh_msc_core.o
    0x2000f6ca   0x00000002   PAD
    0x2000f6cc   0x00000410   Zero   RW         1726    .bss                usbh_msc_scsi.o
    0x2000fadc   0x00000200   Zero   RW         1753    .bss                usbh_stdreq.o
    0x2000fcdc   0x00000004   PAD
    0x2000fce0   0x00000287   Zero   RW         1919    .bss                screen.o
    0x2000ff67   0x00000001   PAD
    0x2000ff68   0x000009d8   Zero   RW         2015    .bss                screendiscalculate.o
    0x20010940   0x0000002c   Zero   RW         2482    .bss                mc_w.l(localtime_w.o)
    0x2001096c   0x00000004   PAD
    0x20010970   0x00004000   Zero   RW         1385    STACK               startup_stm32f40_41xxx.o



  Load Region LR$$.ARM.__AT_0x10000000 (Base: 0x10000000, Size: 0x00000000, Max: 0x0000f000, ABSOLUTE)

    Execution Region ER$$.ARM.__AT_0x10000000 (Base: 0x10000000, Size: 0x0000f000, Max: 0x0000f000, ABSOLUTE, UNINIT)

    Base Addr    Size         Type   Attr      Idx    E Section Name        Object

    0x10000000   0x0000f000   Zero   RW         1421    .ARM.__AT_0x10000000  malloc.o



  Load Region LR$$.ARM.__AT_0x1000F000 (Base: 0x1000f000, Size: 0x00000000, Max: 0x00000f00, ABSOLUTE)

    Execution Region ER$$.ARM.__AT_0x1000F000 (Base: 0x1000f000, Size: 0x00000f00, Max: 0x00000f00, ABSOLUTE, UNINIT)

    Base Addr    Size         Type   Attr      Idx    E Section Name        Object

    0x1000f000   0x00000f00   Zero   RW         1422    .ARM.__AT_0x1000F000  malloc.o



  Load Region LR$$.ARM.__AT_0x68000000 (Base: 0x68000000, Size: 0x00000000, Max: 0x000f0000, ABSOLUTE)

    Execution Region ER$$.ARM.__AT_0x68000000 (Base: 0x68000000, Size: 0x000f0000, Max: 0x000f0000, ABSOLUTE, UNINIT)

    Base Addr    Size         Type   Attr      Idx    E Section Name        Object

    0x68000000   0x000f0000   Zero   RW         1423    .ARM.__AT_0x68000000  malloc.o



  Load Region LR$$.ARM.__AT_0x680F0000 (Base: 0x680f0000, Size: 0x00000000, Max: 0x0000f000, ABSOLUTE)

    Execution Region ER$$.ARM.__AT_0x680F0000 (Base: 0x680f0000, Size: 0x0000f000, Max: 0x0000f000, ABSOLUTE, UNINIT)

    Base Addr    Size         Type   Attr      Idx    E Section Name        Object

    0x680f0000   0x0000f000   Zero   RW         1424    .ARM.__AT_0x680F0000  malloc.o


==============================================================================

Image component sizes


      Code (inc. data)   RO Data    RW Data    ZI Data      Debug   Object Name

      1756        212          0          0         28       4688   appat.o
       268         40          0          0          0        999   ascii.o
      1780        214          0          0         32       4647   at.o
      1564        160          0          0        664       3490   battery.o
      1404        126          0          8          0       3342   button.o
      1188         88        512          0          0       6085   calculate.o
      4856        280          0          0        172      13523   calculationformula.o
       180         18     175304          0          0       2313   cc936.o
       516          6          0          0          0       4513   diskio.o
      1808         94        256          0         32       5352   ds18b20.o
       456         30        180         36        148       3062   exfuns.o
       204          8          0          4          0       2320   fan.o
     13154        136         58          2         12      38037   ff.o
      9672       1790       3784          4       5168      22035   file.o
      4780        522          0          0       1750       5670   flashisp.o
      4732        372          0          0       8872      10056   flux.o
       656         18          0          4          0       3474   fm24cl64.o
      2292         80          0          0         52       7443   ltc2944.o
       104         10          0          0          0     104565   main.o
       556         18         36         36    1142400       4901   malloc.o
       224         20          0          0          0       1853   misc.o
      1348         26          0          2          0       8361   mmc_sd.o
       588         14          0          0          0       2219   myiic.o
       152          6          0          0          0       1074   mytimer.o
       784         36          0          0         14       3420   power.o
     17772       1740       1751          0       2312      17237   printer.o
       128         22          0          1          0       1593   printf.o
       324          0          0          0          0       2422   process.o
       956        304          0          0         12     334827   project.o
     10272        878          0          0        647      13070   screen.o
     35248        782          0          0          0      40604   screenbutton.o
     27792       1176        481        252       2520      25985   screendiscalculate.o
      2452         22          0          0          0       5356   screendrive.o
      6028        230          0          0          0      13373   screendwfunction.o
     45596       4926        928         40          0      39678   screenlogic.o
      6636        604          0          0       3892      11392   slave.o
       196         10          0          4          0       2726   speak.o
       280          8          0          0          0       1077   spi.o
        36          8        392          0      16384        836   startup_stm32f40_41xxx.o
      1124         24          0          0          0      10526   stm32f4xx_adc.o
       272         10          0          0          0       2299   stm32f4xx_exti.o
      1684         28          0          0          0       9194   stm32f4xx_flash.o
       660         44          0          0          0       4133   stm32f4xx_gpio.o
        40         12          0          0          0       1183   stm32f4xx_it.o
        64          6          0          0          0       1349   stm32f4xx_iwdg.o
      1628         52          0         16          0      13000   stm32f4xx_rcc.o
      1152         36          0          0          0       6881   stm32f4xx_spi.o
       148         12          0          0          0       1865   stm32f4xx_syscfg.o
      3234         60          0          0          0      22332   stm32f4xx_tim.o
      1108         34          0          0          0       7832   stm32f4xx_usart.o
       528         46          0         20          0       1903   system_stm32f4xx.o
       308         14          0          0         14       2131   testpower.o
      3200        166          0          0       4224       9570   usart.o
      8208        754         30          0       2368       7874   usb.o
       188         10          0          0          0       2335   usb_bsp.o
      3114         10          0          0          0      10010   usb_core.o
       228          0          0          0          0       3124   usb_hcd.o
      3700         10          0          0          0       6619   usb_hcd_int.o
      1648         42          0         18          0       5911   usbh_core.o
       390          0          0          0          0       2584   usbh_hcs.o
       936          0          0          0          0       4324   usbh_ioreq.o
      1108         68          0         17         64       5315   usbh_msc_bot.o
       844         28          0         29         74       4029   usbh_msc_core.o
      1268         40          0          1       1040       4998   usbh_msc_scsi.o
       988         12          0          3        512       5813   usbh_stdreq.o
      1020        502          0         76          0       5354   usbh_usr.o

    ----------------------------------------------------------------------
    247536      17054     183752        588    1193448     940106   Object Totals
         0          0         32          0          0          0   (incl. Generated)
         8          0          8         15         41          0   (incl. Padding)

    ----------------------------------------------------------------------

      Code (inc. data)   RO Data    RW Data    ZI Data      Debug   Library Member Name

        56         12          0          0          0        132   atof.o
        42          0          0          0          0        136   difftime.o
       164         44          0          0          0        620   dunder.o
       488         62         48          0          0        236   expf.o
        44          0          0          0          0        248   fabs.o
        48          0          0          0          0        124   fpclassify.o
        38          0          0          0          0        116   fpclassifyf.o
        74         24          0          0          0        580   funder.o
       364         44         64          0          0        140   logf.o
       248          0          0          0          0        152   poly.o
      3128        302        136          0          0        356   pow.o
         0          0          8          0          0          0   qnan.o
       232          0          0          0          0        296   sqrt.o
        86          0          0          0          0          0   __dczerorl2.o
       144          0          0          0          0         88   __strtoll.o
        28          0          0          0          0         68   _chval.o
        64          0          0          0          0         84   _sgetc.o
       158          0          0          0          0         92   _strtoul.o
       194          0          0          0          0         96   _strtoull.o
        26          0          0          0          0         80   atoi.o
        26          0          0          0          0         80   atoll.o
         8          4        133          0          0         68   ctype_o.o
         0          0          0          0          0          0   entry.o
         0          0          0          0          0          0   entry10a.o
         0          0          0          0          0          0   entry11a.o
         8          4          0          0          0          0   entry2.o
         4          0          0          0          0          0   entry5.o
         0          0          0          0          0          0   entry7b.o
         0          0          0          0          0          0   entry8b.o
         8          4          0          0          0          0   entry9a.o
        32         16          0          4          0        204   errno.o
        30          0          0          0          0          0   handlers.o
        36          8          0          0          0         68   init.o
        18          0          0          0          0         76   isspace_o.o
         0          0          0          0          0          0   iusefp.o
        30          0          0          0          0         68   llshl.o
        36          0          0          0          0         68   llsshr.o
        32          0          0          0          0         68   llushr.o
       140          6         12          0          0         76   localtime_i.o
        12          6          0          0         44         68   localtime_w.o
        36          0          0          0          0         68   memcpya.o
        36          0          0          0          0        108   memseta.o
       168         18         12          0          0         80   mktime.o
      2276         96          0          0          0        596   printfa.o
        36         10          0          4          0        136   rand.o
       838         12          0          0          0        216   scanf_fp.o
         0          0          0          4          0          0   stdout.o
        24          0          0          0          0         68   strcat.o
        28          0          0          0          0         76   strcmp.o
        18          0          0          0          0         68   strcpy.o
        14          0          0          0          0         68   strlen.o
        30          0          0          0          0         80   strncmp.o
        24          0          0          0          0         76   strncpy.o
       156         14          0          0          0        120   strtod.o
       112          0          0          0          0         88   strtol.o
        44          0          0          0          0         80   uidiv.o
        98          0          0          0          0         92   uldiv.o
        48          0          0          0          0         68   cdcmple.o
        48          0          0          0          0         68   cdrcmple.o
        56          0          0          0          0         88   d2f.o
       334          0          0          0          0        148   dadd.o
       222          0          0          0          0        100   ddiv.o
       186          0          0          0          0        176   depilogue.o
        50          0          0          0          0         76   dfixui.o
        48          0          0          0          0         68   dfixul.o
        34          0          0          0          0         76   dflti.o
        26          0          0          0          0         76   dfltui.o
        24          0          0          0          0         76   dfltul.o
       228          0          0          0          0         96   dmul.o
        46          0          0          0          0         80   dscalb.o
       162          0          0          0          0        100   dsqrt.o
        38          0          0          0          0         68   f2d.o
       110          0          0          0          0        168   fepilogue.o

    ----------------------------------------------------------------------
     11680        694        424         12         48       8040   Library Totals
        36          8         11          0          4          0   (incl. Padding)

    ----------------------------------------------------------------------

      Code (inc. data)   RO Data    RW Data    ZI Data      Debug   Library Name

      4926        488        256          0          0       3136   m_wm.l
      5058        198        157         12         44       3372   mc_w.l
      1660          0          0          0          0       1532   mf_w.l

    ----------------------------------------------------------------------
     11680        694        424         12         48       8040   Library Totals

    ----------------------------------------------------------------------

==============================================================================


      Code (inc. data)   RO Data    RW Data    ZI Data      Debug   

    259216      17748     184176        600    1193496     923122   Grand Totals
    259216      17748     184176        216    1193496     923122   ELF Image Totals (compressed)
    259216      17748     184176        216          0          0   ROM Totals

==============================================================================

    Total RO  Size (Code + RO Data)               443392 ( 433.00kB)
    Total RW  Size (RW Data + ZI Data)           1194096 (1166.11kB)
    Total ROM Size (Code + RO Data + RW Data)     443608 ( 433.21kB)

==============================================================================

