<!doctype html public "-//w3c//dtd html 4.0 transitional//en">
<html><head>
<title>Static Call Graph - [.\out\MBstmf407.axf]</title></head>
<body><HR>
<H1>Static Call Graph for image .\out\MBstmf407.axf</H1><HR>
<BR><P>#&#060CALLGRAPH&#062# ARM Linker, 5050106: Last Updated: Thu May 20 14:29:33 2021
<BR><P>
<H3>Maximum Stack Usage =       1260 bytes + Unknown(Cycles, Untraceable Function Pointers)</H3><H3>
Call chain for Maximum Stack Depth:</H3>
main &rArr; Mian_loop &rArr; Screen_Main &rArr; Screen_MeasureSomke &rArr; Screen_CLYQ_KSJC_Pag &rArr; SdFile_WriteGasFile &rArr; SdFile_WriteLinkRecord &rArr; SdFile_write_record &rArr; f_open &rArr; dir_register &rArr; dir_find &rArr; dir_next &rArr; create_chain &rArr; put_fat &rArr; move_window &rArr; sync_window &rArr; disk_write &rArr; USBH_UDISK_Write &rArr; USBH_MSC_HandleBOTXfer &rArr; USBH_BulkReceiveData &rArr; HCD_SubmitRequest &rArr; USB_OTG_HC_StartXfer &rArr; USB_OTG_WritePacket
<P>
<H3>
Mutually Recursive functions
</H3> <LI><a href="#[2c6]">FS_DeleteIntFile</a>&nbsp;&nbsp;&nbsp;&rArr;&nbsp;&nbsp;&nbsp;<a href="#[2c6]">FS_DeleteIntFile</a><BR>
 <LI><a href="#[24]">PendSV_Handler</a>&nbsp;&nbsp;&nbsp;&rArr;&nbsp;&nbsp;&nbsp;<a href="#[24]">PendSV_Handler</a><BR>
 <LI><a href="#[38]">ADC_IRQHandler</a>&nbsp;&nbsp;&nbsp;&rArr;&nbsp;&nbsp;&nbsp;<a href="#[38]">ADC_IRQHandler</a><BR>
</UL>
<P>
<H3>
Function Pointers
</H3><UL>
 <LI><a href="#[38]">ADC_IRQHandler</a> from startup_stm32f40_41xxx.o(.text) referenced from startup_stm32f40_41xxx.o(RESET)
 <LI><a href="#[20]">BusFault_Handler</a> from stm32f4xx_it.o(.text) referenced from startup_stm32f40_41xxx.o(RESET)
 <LI><a href="#[3a]">CAN1_RX0_IRQHandler</a> from startup_stm32f40_41xxx.o(.text) referenced from startup_stm32f40_41xxx.o(RESET)
 <LI><a href="#[3b]">CAN1_RX1_IRQHandler</a> from startup_stm32f40_41xxx.o(.text) referenced from startup_stm32f40_41xxx.o(RESET)
 <LI><a href="#[3c]">CAN1_SCE_IRQHandler</a> from startup_stm32f40_41xxx.o(.text) referenced from startup_stm32f40_41xxx.o(RESET)
 <LI><a href="#[39]">CAN1_TX_IRQHandler</a> from startup_stm32f40_41xxx.o(.text) referenced from startup_stm32f40_41xxx.o(RESET)
 <LI><a href="#[66]">CAN2_RX0_IRQHandler</a> from startup_stm32f40_41xxx.o(.text) referenced from startup_stm32f40_41xxx.o(RESET)
 <LI><a href="#[67]">CAN2_RX1_IRQHandler</a> from startup_stm32f40_41xxx.o(.text) referenced from startup_stm32f40_41xxx.o(RESET)
 <LI><a href="#[68]">CAN2_SCE_IRQHandler</a> from startup_stm32f40_41xxx.o(.text) referenced from startup_stm32f40_41xxx.o(RESET)
 <LI><a href="#[65]">CAN2_TX_IRQHandler</a> from startup_stm32f40_41xxx.o(.text) referenced from startup_stm32f40_41xxx.o(RESET)
 <LI><a href="#[75]">CRYP_IRQHandler</a> from startup_stm32f40_41xxx.o(.text) referenced from startup_stm32f40_41xxx.o(RESET)
 <LI><a href="#[74]">DCMI_IRQHandler</a> from startup_stm32f40_41xxx.o(.text) referenced from startup_stm32f40_41xxx.o(RESET)
 <LI><a href="#[31]">DMA1_Stream0_IRQHandler</a> from startup_stm32f40_41xxx.o(.text) referenced from startup_stm32f40_41xxx.o(RESET)
 <LI><a href="#[32]">DMA1_Stream1_IRQHandler</a> from startup_stm32f40_41xxx.o(.text) referenced from startup_stm32f40_41xxx.o(RESET)
 <LI><a href="#[33]">DMA1_Stream2_IRQHandler</a> from startup_stm32f40_41xxx.o(.text) referenced from startup_stm32f40_41xxx.o(RESET)
 <LI><a href="#[34]">DMA1_Stream3_IRQHandler</a> from startup_stm32f40_41xxx.o(.text) referenced from startup_stm32f40_41xxx.o(RESET)
 <LI><a href="#[35]">DMA1_Stream4_IRQHandler</a> from startup_stm32f40_41xxx.o(.text) referenced from startup_stm32f40_41xxx.o(RESET)
 <LI><a href="#[36]">DMA1_Stream5_IRQHandler</a> from startup_stm32f40_41xxx.o(.text) referenced from startup_stm32f40_41xxx.o(RESET)
 <LI><a href="#[37]">DMA1_Stream6_IRQHandler</a> from startup_stm32f40_41xxx.o(.text) referenced from startup_stm32f40_41xxx.o(RESET)
 <LI><a href="#[55]">DMA1_Stream7_IRQHandler</a> from startup_stm32f40_41xxx.o(.text) referenced from startup_stm32f40_41xxx.o(RESET)
 <LI><a href="#[5e]">DMA2_Stream0_IRQHandler</a> from startup_stm32f40_41xxx.o(.text) referenced from startup_stm32f40_41xxx.o(RESET)
 <LI><a href="#[5f]">DMA2_Stream1_IRQHandler</a> from startup_stm32f40_41xxx.o(.text) referenced from startup_stm32f40_41xxx.o(RESET)
 <LI><a href="#[60]">DMA2_Stream2_IRQHandler</a> from startup_stm32f40_41xxx.o(.text) referenced from startup_stm32f40_41xxx.o(RESET)
 <LI><a href="#[61]">DMA2_Stream3_IRQHandler</a> from startup_stm32f40_41xxx.o(.text) referenced from startup_stm32f40_41xxx.o(RESET)
 <LI><a href="#[62]">DMA2_Stream4_IRQHandler</a> from startup_stm32f40_41xxx.o(.text) referenced from startup_stm32f40_41xxx.o(RESET)
 <LI><a href="#[6a]">DMA2_Stream5_IRQHandler</a> from startup_stm32f40_41xxx.o(.text) referenced from startup_stm32f40_41xxx.o(RESET)
 <LI><a href="#[6b]">DMA2_Stream6_IRQHandler</a> from startup_stm32f40_41xxx.o(.text) referenced from startup_stm32f40_41xxx.o(RESET)
 <LI><a href="#[6c]">DMA2_Stream7_IRQHandler</a> from startup_stm32f40_41xxx.o(.text) referenced from startup_stm32f40_41xxx.o(RESET)
 <LI><a href="#[23]">DebugMon_Handler</a> from stm32f4xx_it.o(.text) referenced from startup_stm32f40_41xxx.o(RESET)
 <LI><a href="#[63]">ETH_IRQHandler</a> from startup_stm32f40_41xxx.o(.text) referenced from startup_stm32f40_41xxx.o(RESET)
 <LI><a href="#[64]">ETH_WKUP_IRQHandler</a> from startup_stm32f40_41xxx.o(.text) referenced from startup_stm32f40_41xxx.o(RESET)
 <LI><a href="#[2c]">EXTI0_IRQHandler</a> from startup_stm32f40_41xxx.o(.text) referenced from startup_stm32f40_41xxx.o(RESET)
 <LI><a href="#[4e]">EXTI15_10_IRQHandler</a> from power.o(.text) referenced from startup_stm32f40_41xxx.o(RESET)
 <LI><a href="#[2d]">EXTI1_IRQHandler</a> from startup_stm32f40_41xxx.o(.text) referenced from startup_stm32f40_41xxx.o(RESET)
 <LI><a href="#[2e]">EXTI2_IRQHandler</a> from startup_stm32f40_41xxx.o(.text) referenced from startup_stm32f40_41xxx.o(RESET)
 <LI><a href="#[2f]">EXTI3_IRQHandler</a> from startup_stm32f40_41xxx.o(.text) referenced from startup_stm32f40_41xxx.o(RESET)
 <LI><a href="#[30]">EXTI4_IRQHandler</a> from startup_stm32f40_41xxx.o(.text) referenced from startup_stm32f40_41xxx.o(RESET)
 <LI><a href="#[3d]">EXTI9_5_IRQHandler</a> from startup_stm32f40_41xxx.o(.text) referenced from startup_stm32f40_41xxx.o(RESET)
 <LI><a href="#[2a]">FLASH_IRQHandler</a> from startup_stm32f40_41xxx.o(.text) referenced from startup_stm32f40_41xxx.o(RESET)
 <LI><a href="#[77]">FPU_IRQHandler</a> from startup_stm32f40_41xxx.o(.text) referenced from startup_stm32f40_41xxx.o(RESET)
 <LI><a href="#[56]">FSMC_IRQHandler</a> from startup_stm32f40_41xxx.o(.text) referenced from startup_stm32f40_41xxx.o(RESET)
 <LI><a href="#[76]">HASH_RNG_IRQHandler</a> from startup_stm32f40_41xxx.o(.text) referenced from startup_stm32f40_41xxx.o(RESET)
 <LI><a href="#[1e]">HardFault_Handler</a> from stm32f4xx_it.o(.text) referenced from startup_stm32f40_41xxx.o(RESET)
 <LI><a href="#[46]">I2C1_ER_IRQHandler</a> from startup_stm32f40_41xxx.o(.text) referenced from startup_stm32f40_41xxx.o(RESET)
 <LI><a href="#[45]">I2C1_EV_IRQHandler</a> from startup_stm32f40_41xxx.o(.text) referenced from startup_stm32f40_41xxx.o(RESET)
 <LI><a href="#[48]">I2C2_ER_IRQHandler</a> from startup_stm32f40_41xxx.o(.text) referenced from startup_stm32f40_41xxx.o(RESET)
 <LI><a href="#[47]">I2C2_EV_IRQHandler</a> from startup_stm32f40_41xxx.o(.text) referenced from startup_stm32f40_41xxx.o(RESET)
 <LI><a href="#[6f]">I2C3_ER_IRQHandler</a> from startup_stm32f40_41xxx.o(.text) referenced from startup_stm32f40_41xxx.o(RESET)
 <LI><a href="#[6e]">I2C3_EV_IRQHandler</a> from startup_stm32f40_41xxx.o(.text) referenced from startup_stm32f40_41xxx.o(RESET)
 <LI><a href="#[1f]">MemManage_Handler</a> from stm32f4xx_it.o(.text) referenced from startup_stm32f40_41xxx.o(RESET)
 <LI><a href="#[1d]">NMI_Handler</a> from stm32f4xx_it.o(.text) referenced from startup_stm32f40_41xxx.o(RESET)
 <LI><a href="#[69]">OTG_FS_IRQHandler</a> from usbh_usr.o(.text) referenced from startup_stm32f40_41xxx.o(RESET)
 <LI><a href="#[50]">OTG_FS_WKUP_IRQHandler</a> from startup_stm32f40_41xxx.o(.text) referenced from startup_stm32f40_41xxx.o(RESET)
 <LI><a href="#[71]">OTG_HS_EP1_IN_IRQHandler</a> from startup_stm32f40_41xxx.o(.text) referenced from startup_stm32f40_41xxx.o(RESET)
 <LI><a href="#[70]">OTG_HS_EP1_OUT_IRQHandler</a> from startup_stm32f40_41xxx.o(.text) referenced from startup_stm32f40_41xxx.o(RESET)
 <LI><a href="#[73]">OTG_HS_IRQHandler</a> from startup_stm32f40_41xxx.o(.text) referenced from startup_stm32f40_41xxx.o(RESET)
 <LI><a href="#[72]">OTG_HS_WKUP_IRQHandler</a> from startup_stm32f40_41xxx.o(.text) referenced from startup_stm32f40_41xxx.o(RESET)
 <LI><a href="#[27]">PVD_IRQHandler</a> from startup_stm32f40_41xxx.o(.text) referenced from startup_stm32f40_41xxx.o(RESET)
 <LI><a href="#[24]">PendSV_Handler</a> from startup_stm32f40_41xxx.o(.text) referenced from startup_stm32f40_41xxx.o(RESET)
 <LI><a href="#[2b]">RCC_IRQHandler</a> from startup_stm32f40_41xxx.o(.text) referenced from startup_stm32f40_41xxx.o(RESET)
 <LI><a href="#[4f]">RTC_Alarm_IRQHandler</a> from startup_stm32f40_41xxx.o(.text) referenced from startup_stm32f40_41xxx.o(RESET)
 <LI><a href="#[29]">RTC_WKUP_IRQHandler</a> from startup_stm32f40_41xxx.o(.text) referenced from startup_stm32f40_41xxx.o(RESET)
 <LI><a href="#[1c]">Reset_Handler</a> from startup_stm32f40_41xxx.o(.text) referenced from startup_stm32f40_41xxx.o(RESET)
 <LI><a href="#[57]">SDIO_IRQHandler</a> from startup_stm32f40_41xxx.o(.text) referenced from startup_stm32f40_41xxx.o(RESET)
 <LI><a href="#[49]">SPI1_IRQHandler</a> from startup_stm32f40_41xxx.o(.text) referenced from startup_stm32f40_41xxx.o(RESET)
 <LI><a href="#[4a]">SPI2_IRQHandler</a> from startup_stm32f40_41xxx.o(.text) referenced from startup_stm32f40_41xxx.o(RESET)
 <LI><a href="#[59]">SPI3_IRQHandler</a> from startup_stm32f40_41xxx.o(.text) referenced from startup_stm32f40_41xxx.o(RESET)
 <LI><a href="#[22]">SVC_Handler</a> from stm32f4xx_it.o(.text) referenced from startup_stm32f40_41xxx.o(RESET)
 <LI><a href="#[25]">SysTick_Handler</a> from project.o(.text) referenced from startup_stm32f40_41xxx.o(RESET)
 <LI><a href="#[79]">SystemInit</a> from system_stm32f4xx.o(.text) referenced from startup_stm32f40_41xxx.o(.text)
 <LI><a href="#[28]">TAMP_STAMP_IRQHandler</a> from startup_stm32f40_41xxx.o(.text) referenced from startup_stm32f40_41xxx.o(RESET)
 <LI><a href="#[3e]">TIM1_BRK_TIM9_IRQHandler</a> from startup_stm32f40_41xxx.o(.text) referenced from startup_stm32f40_41xxx.o(RESET)
 <LI><a href="#[41]">TIM1_CC_IRQHandler</a> from startup_stm32f40_41xxx.o(.text) referenced from startup_stm32f40_41xxx.o(RESET)
 <LI><a href="#[40]">TIM1_TRG_COM_TIM11_IRQHandler</a> from startup_stm32f40_41xxx.o(.text) referenced from startup_stm32f40_41xxx.o(RESET)
 <LI><a href="#[3f]">TIM1_UP_TIM10_IRQHandler</a> from startup_stm32f40_41xxx.o(.text) referenced from startup_stm32f40_41xxx.o(RESET)
 <LI><a href="#[42]">TIM2_IRQHandler</a> from startup_stm32f40_41xxx.o(.text) referenced from startup_stm32f40_41xxx.o(RESET)
 <LI><a href="#[43]">TIM3_IRQHandler</a> from startup_stm32f40_41xxx.o(.text) referenced from startup_stm32f40_41xxx.o(RESET)
 <LI><a href="#[44]">TIM4_IRQHandler</a> from startup_stm32f40_41xxx.o(.text) referenced from startup_stm32f40_41xxx.o(RESET)
 <LI><a href="#[58]">TIM5_IRQHandler</a> from startup_stm32f40_41xxx.o(.text) referenced from startup_stm32f40_41xxx.o(RESET)
 <LI><a href="#[5c]">TIM6_DAC_IRQHandler</a> from startup_stm32f40_41xxx.o(.text) referenced from startup_stm32f40_41xxx.o(RESET)
 <LI><a href="#[5d]">TIM7_IRQHandler</a> from ds18b20.o(.text) referenced from startup_stm32f40_41xxx.o(RESET)
 <LI><a href="#[51]">TIM8_BRK_TIM12_IRQHandler</a> from startup_stm32f40_41xxx.o(.text) referenced from startup_stm32f40_41xxx.o(RESET)
 <LI><a href="#[54]">TIM8_CC_IRQHandler</a> from startup_stm32f40_41xxx.o(.text) referenced from startup_stm32f40_41xxx.o(RESET)
 <LI><a href="#[53]">TIM8_TRG_COM_TIM14_IRQHandler</a> from startup_stm32f40_41xxx.o(.text) referenced from startup_stm32f40_41xxx.o(RESET)
 <LI><a href="#[52]">TIM8_UP_TIM13_IRQHandler</a> from startup_stm32f40_41xxx.o(.text) referenced from startup_stm32f40_41xxx.o(RESET)
 <LI><a href="#[5a]">UART4_IRQHandler</a> from usart.o(.text) referenced from startup_stm32f40_41xxx.o(RESET)
 <LI><a href="#[5b]">UART5_IRQHandler</a> from usart.o(.text) referenced from startup_stm32f40_41xxx.o(RESET)
 <LI><a href="#[4b]">USART1_IRQHandler</a> from usart.o(.text) referenced from startup_stm32f40_41xxx.o(RESET)
 <LI><a href="#[4c]">USART2_IRQHandler</a> from usart.o(.text) referenced from startup_stm32f40_41xxx.o(RESET)
 <LI><a href="#[4d]">USART3_IRQHandler</a> from usart.o(.text) referenced from startup_stm32f40_41xxx.o(RESET)
 <LI><a href="#[6d]">USART6_IRQHandler</a> from startup_stm32f40_41xxx.o(.text) referenced from startup_stm32f40_41xxx.o(RESET)
 <LI><a href="#[4]">USBH_Connected</a> from usbh_core.o(.text) referenced 2 times from usbh_core.o(.data)
 <LI><a href="#[5]">USBH_Disconnected</a> from usbh_core.o(.text) referenced 2 times from usbh_core.o(.data)
 <LI><a href="#[8]">USBH_MSC_ClassRequest</a> from usbh_msc_core.o(.text) referenced 2 times from usbh_msc_core.o(.data)
 <LI><a href="#[9]">USBH_MSC_Handle</a> from usbh_msc_core.o(.text) referenced 2 times from usbh_msc_core.o(.data)
 <LI><a href="#[7]">USBH_MSC_InterfaceDeInit</a> from usbh_msc_core.o(.text) referenced 2 times from usbh_msc_core.o(.data)
 <LI><a href="#[6]">USBH_MSC_InterfaceInit</a> from usbh_msc_core.o(.text) referenced 2 times from usbh_msc_core.o(.data)
 <LI><a href="#[3]">USBH_SOF</a> from usbh_core.o(.text) referenced 2 times from usbh_core.o(.data)
 <LI><a href="#[13]">USBH_USR_Configuration_DescAvailable</a> from usbh_usr.o(.text) referenced 2 times from usbh_usr.o(.data)
 <LI><a href="#[b]">USBH_USR_DeInit</a> from usbh_usr.o(.text) referenced 2 times from usbh_usr.o(.data)
 <LI><a href="#[12]">USBH_USR_DeviceAddressAssigned</a> from usbh_usr.o(.text) referenced 2 times from usbh_usr.o(.data)
 <LI><a href="#[c]">USBH_USR_DeviceAttached</a> from usbh_usr.o(.text) referenced 2 times from usbh_usr.o(.data)
 <LI><a href="#[e]">USBH_USR_DeviceDisconnected</a> from usbh_usr.o(.text) referenced 2 times from usbh_usr.o(.data)
 <LI><a href="#[1a]">USBH_USR_DeviceNotSupported</a> from usbh_usr.o(.text) referenced 2 times from usbh_usr.o(.data)
 <LI><a href="#[10]">USBH_USR_DeviceSpeedDetected</a> from usbh_usr.o(.text) referenced 2 times from usbh_usr.o(.data)
 <LI><a href="#[11]">USBH_USR_Device_DescAvailable</a> from usbh_usr.o(.text) referenced 2 times from usbh_usr.o(.data)
 <LI><a href="#[17]">USBH_USR_EnumerationDone</a> from usbh_usr.o(.text) referenced 2 times from usbh_usr.o(.data)
 <LI><a href="#[a]">USBH_USR_Init</a> from usbh_usr.o(.text) referenced 2 times from usbh_usr.o(.data)
 <LI><a href="#[19]">USBH_USR_MSC_Application</a> from usbh_usr.o(.text) referenced 2 times from usbh_usr.o(.data)
 <LI><a href="#[14]">USBH_USR_Manufacturer_String</a> from usbh_usr.o(.text) referenced 2 times from usbh_usr.o(.data)
 <LI><a href="#[f]">USBH_USR_OverCurrentDetected</a> from usbh_usr.o(.text) referenced 2 times from usbh_usr.o(.data)
 <LI><a href="#[15]">USBH_USR_Product_String</a> from usbh_usr.o(.text) referenced 2 times from usbh_usr.o(.data)
 <LI><a href="#[d]">USBH_USR_ResetDevice</a> from usbh_usr.o(.text) referenced 2 times from usbh_usr.o(.data)
 <LI><a href="#[16]">USBH_USR_SerialNum_String</a> from usbh_usr.o(.text) referenced 2 times from usbh_usr.o(.data)
 <LI><a href="#[1b]">USBH_USR_UnrecoveredError</a> from usbh_usr.o(.text) referenced 2 times from usbh_usr.o(.data)
 <LI><a href="#[18]">USBH_USR_UserInput</a> from usbh_usr.o(.text) referenced 2 times from usbh_usr.o(.data)
 <LI><a href="#[21]">UsageFault_Handler</a> from stm32f4xx_it.o(.text) referenced from startup_stm32f40_41xxx.o(RESET)
 <LI><a href="#[26]">WWDG_IRQHandler</a> from startup_stm32f40_41xxx.o(.text) referenced from startup_stm32f40_41xxx.o(RESET)
 <LI><a href="#[7a]">__main</a> from entry.o(.ARM.Collect$$$$00000000) referenced from startup_stm32f40_41xxx.o(.text)
 <LI><a href="#[7c]">_sbackspace</a> from _sgetc.o(.text) referenced from strtod.o(.text)
 <LI><a href="#[7b]">_sgetc</a> from _sgetc.o(.text) referenced from strtod.o(.text)
 <LI><a href="#[7f]">_sputc</a> from printfa.o(i._sputc) referenced from printfa.o(i.__0sprintf)
 <LI><a href="#[7e]">fputc</a> from printf.o(.text) referenced from printfa.o(i.__0printf)
 <LI><a href="#[7d]">isspace</a> from isspace_o.o(.text) referenced from strtod.o(.text)
 <LI><a href="#[78]">main</a> from main.o(.text) referenced from entry9a.o(.ARM.Collect$$$$0000000B)
 <LI><a href="#[1]">my_mem_init</a> from malloc.o(.text) referenced 2 times from malloc.o(.data)
 <LI><a href="#[2]">my_mem_perused</a> from malloc.o(.text) referenced 2 times from malloc.o(.data)
</UL>
<P>
<H3>
Global Symbols
</H3>
<P><STRONG><a name="[7a]"></a>__main</STRONG> (Thumb, 0 bytes, Stack size unknown bytes, entry.o(.ARM.Collect$$$$00000000))
<BR>[Address Reference Count : 1]<UL><LI> startup_stm32f40_41xxx.o(.text)
</UL>
<P><STRONG><a name="[472]"></a>_main_stk</STRONG> (Thumb, 0 bytes, Stack size unknown bytes, entry2.o(.ARM.Collect$$$$00000001))

<P><STRONG><a name="[80]"></a>_main_scatterload</STRONG> (Thumb, 0 bytes, Stack size unknown bytes, entry5.o(.ARM.Collect$$$$00000004))
<BR><BR>[Calls]<UL><LI><a href="#[81]">&gt;&gt;</a>&nbsp;&nbsp;&nbsp;__scatterload
</UL>

<P><STRONG><a name="[452]"></a>__main_after_scatterload</STRONG> (Thumb, 0 bytes, Stack size unknown bytes, entry5.o(.ARM.Collect$$$$00000004))
<BR><BR>[Called By]<UL><LI><a href="#[81]">&gt;&gt;</a>&nbsp;&nbsp;&nbsp;__scatterload
</UL>

<P><STRONG><a name="[473]"></a>_main_clock</STRONG> (Thumb, 0 bytes, Stack size unknown bytes, entry7b.o(.ARM.Collect$$$$00000008))

<P><STRONG><a name="[474]"></a>_main_cpp_init</STRONG> (Thumb, 0 bytes, Stack size unknown bytes, entry8b.o(.ARM.Collect$$$$0000000A))

<P><STRONG><a name="[475]"></a>_main_init</STRONG> (Thumb, 0 bytes, Stack size unknown bytes, entry9a.o(.ARM.Collect$$$$0000000B))

<P><STRONG><a name="[476]"></a>__rt_final_cpp</STRONG> (Thumb, 0 bytes, Stack size unknown bytes, entry10a.o(.ARM.Collect$$$$0000000D))

<P><STRONG><a name="[477]"></a>__rt_final_exit</STRONG> (Thumb, 0 bytes, Stack size unknown bytes, entry11a.o(.ARM.Collect$$$$0000000F))

<P><STRONG><a name="[82]"></a>Mian_loop</STRONG> (Thumb, 72 bytes, Stack size 8 bytes, main.o(.text))
<BR><BR>[Stack]<UL><LI>Max Depth = 1260<LI>Call Chain = Mian_loop &rArr; Screen_Main &rArr; Screen_MeasureSomke &rArr; Screen_CLYQ_KSJC_Pag &rArr; SdFile_WriteGasFile &rArr; SdFile_WriteLinkRecord &rArr; SdFile_write_record &rArr; f_open &rArr; dir_register &rArr; dir_find &rArr; dir_next &rArr; create_chain &rArr; put_fat &rArr; move_window &rArr; sync_window &rArr; disk_write &rArr; USBH_UDISK_Write &rArr; USBH_MSC_HandleBOTXfer &rArr; USBH_BulkReceiveData &rArr; HCD_SubmitRequest &rArr; USB_OTG_HC_StartXfer &rArr; USB_OTG_WritePacket
</UL>
<BR>[Calls]<UL><LI><a href="#[88]">&gt;&gt;</a>&nbsp;&nbsp;&nbsp;Usb_Main
<LI><a href="#[86]">&gt;&gt;</a>&nbsp;&nbsp;&nbsp;USART_main
<LI><a href="#[85]">&gt;&gt;</a>&nbsp;&nbsp;&nbsp;Speak_Main
<LI><a href="#[89]">&gt;&gt;</a>&nbsp;&nbsp;&nbsp;Slave_Main
<LI><a href="#[84]">&gt;&gt;</a>&nbsp;&nbsp;&nbsp;Screen_Main
<LI><a href="#[8f]">&gt;&gt;</a>&nbsp;&nbsp;&nbsp;ProcessGetMinuteData
<LI><a href="#[8a]">&gt;&gt;</a>&nbsp;&nbsp;&nbsp;Print_Main
<LI><a href="#[91]">&gt;&gt;</a>&nbsp;&nbsp;&nbsp;LTC2944_Main
<LI><a href="#[93]">&gt;&gt;</a>&nbsp;&nbsp;&nbsp;IWDG_ReloadCounter
<LI><a href="#[90]">&gt;&gt;</a>&nbsp;&nbsp;&nbsp;Flux_Main
<LI><a href="#[8e]">&gt;&gt;</a>&nbsp;&nbsp;&nbsp;Flashisp_main
<LI><a href="#[83]">&gt;&gt;</a>&nbsp;&nbsp;&nbsp;Fan_Main
<LI><a href="#[92]">&gt;&gt;</a>&nbsp;&nbsp;&nbsp;DS18B20_Main
<LI><a href="#[87]">&gt;&gt;</a>&nbsp;&nbsp;&nbsp;Button_Main
<LI><a href="#[8d]">&gt;&gt;</a>&nbsp;&nbsp;&nbsp;Battery_Main
<LI><a href="#[8b]">&gt;&gt;</a>&nbsp;&nbsp;&nbsp;AT_main
<LI><a href="#[8c]">&gt;&gt;</a>&nbsp;&nbsp;&nbsp;APP_main
</UL>
<BR>[Called By]<UL><LI><a href="#[78]">&gt;&gt;</a>&nbsp;&nbsp;&nbsp;main
</UL>

<P><STRONG><a name="[78]"></a>main</STRONG> (Thumb, 22 bytes, Stack size 0 bytes, main.o(.text))
<BR><BR>[Stack]<UL><LI>Max Depth = 1260<LI>Call Chain = main &rArr; Mian_loop &rArr; Screen_Main &rArr; Screen_MeasureSomke &rArr; Screen_CLYQ_KSJC_Pag &rArr; SdFile_WriteGasFile &rArr; SdFile_WriteLinkRecord &rArr; SdFile_write_record &rArr; f_open &rArr; dir_register &rArr; dir_find &rArr; dir_next &rArr; create_chain &rArr; put_fat &rArr; move_window &rArr; sync_window &rArr; disk_write &rArr; USBH_UDISK_Write &rArr; USBH_MSC_HandleBOTXfer &rArr; USBH_BulkReceiveData &rArr; HCD_SubmitRequest &rArr; USB_OTG_HC_StartXfer &rArr; USB_OTG_WritePacket
</UL>
<BR>[Calls]<UL><LI><a href="#[94]">&gt;&gt;</a>&nbsp;&nbsp;&nbsp;SystemCoreClockUpdate
<LI><a href="#[95]">&gt;&gt;</a>&nbsp;&nbsp;&nbsp;Project_Init
<LI><a href="#[82]">&gt;&gt;</a>&nbsp;&nbsp;&nbsp;Mian_loop
</UL>
<BR>[Address Reference Count : 1]<UL><LI> entry9a.o(.ARM.Collect$$$$0000000B)
</UL>
<P><STRONG><a name="[96]"></a>Project_IWDGInit</STRONG> (Thumb, 62 bytes, Stack size 8 bytes, project.o(.text))
<BR><BR>[Stack]<UL><LI>Max Depth = 8<LI>Call Chain = Project_IWDGInit
</UL>
<BR>[Calls]<UL><LI><a href="#[97]">&gt;&gt;</a>&nbsp;&nbsp;&nbsp;IWDG_WriteAccessCmd
<LI><a href="#[99]">&gt;&gt;</a>&nbsp;&nbsp;&nbsp;IWDG_SetReload
<LI><a href="#[98]">&gt;&gt;</a>&nbsp;&nbsp;&nbsp;IWDG_SetPrescaler
<LI><a href="#[93]">&gt;&gt;</a>&nbsp;&nbsp;&nbsp;IWDG_ReloadCounter
</UL>
<BR>[Called By]<UL><LI><a href="#[95]">&gt;&gt;</a>&nbsp;&nbsp;&nbsp;Project_Init
</UL>

<P><STRONG><a name="[9a]"></a>Project_TimerInit</STRONG> (Thumb, 82 bytes, Stack size 16 bytes, project.o(.text))
<BR><BR>[Stack]<UL><LI>Max Depth = 40<LI>Call Chain = Project_TimerInit &rArr; __2printf
</UL>
<BR>[Calls]<UL><LI><a href="#[9b]">&gt;&gt;</a>&nbsp;&nbsp;&nbsp;__2printf
</UL>
<BR>[Called By]<UL><LI><a href="#[95]">&gt;&gt;</a>&nbsp;&nbsp;&nbsp;Project_Init
</UL>

<P><STRONG><a name="[95]"></a>Project_Init</STRONG> (Thumb, 214 bytes, Stack size 24 bytes, project.o(.text))
<BR><BR>[Stack]<UL><LI>Max Depth = 540<LI>Call Chain = Project_Init &rArr; SdFile_Init &rArr; SdFile_init_SD_dir &rArr; f_open &rArr; dir_register &rArr; dir_find &rArr; dir_next &rArr; create_chain &rArr; put_fat &rArr; move_window &rArr; sync_window &rArr; disk_write &rArr; USBH_UDISK_Write &rArr; USBH_MSC_HandleBOTXfer &rArr; USBH_BulkReceiveData &rArr; HCD_SubmitRequest &rArr; USB_OTG_HC_StartXfer &rArr; USB_OTG_WritePacket
</UL>
<BR>[Calls]<UL><LI><a href="#[a5]">&gt;&gt;</a>&nbsp;&nbsp;&nbsp;delay_us
<LI><a href="#[aa]">&gt;&gt;</a>&nbsp;&nbsp;&nbsp;Usb_Init
<LI><a href="#[9e]">&gt;&gt;</a>&nbsp;&nbsp;&nbsp;USART_InitAll
<LI><a href="#[b1]">&gt;&gt;</a>&nbsp;&nbsp;&nbsp;TestPower_Init
<LI><a href="#[9f]">&gt;&gt;</a>&nbsp;&nbsp;&nbsp;TIM4_Int_Init
<LI><a href="#[a2]">&gt;&gt;</a>&nbsp;&nbsp;&nbsp;Speak_Init
<LI><a href="#[a7]">&gt;&gt;</a>&nbsp;&nbsp;&nbsp;Slave_Init
<LI><a href="#[a9]">&gt;&gt;</a>&nbsp;&nbsp;&nbsp;SdFile_Init
<LI><a href="#[a8]">&gt;&gt;</a>&nbsp;&nbsp;&nbsp;Screen_Init
<LI><a href="#[9c]">&gt;&gt;</a>&nbsp;&nbsp;&nbsp;RCC_GetClocksFreq
<LI><a href="#[a1]">&gt;&gt;</a>&nbsp;&nbsp;&nbsp;Printf_Init
<LI><a href="#[ad]">&gt;&gt;</a>&nbsp;&nbsp;&nbsp;Print_Init
<LI><a href="#[a0]">&gt;&gt;</a>&nbsp;&nbsp;&nbsp;Power_Init
<LI><a href="#[9d]">&gt;&gt;</a>&nbsp;&nbsp;&nbsp;NVIC_PriorityGroupConfig
<LI><a href="#[b2]">&gt;&gt;</a>&nbsp;&nbsp;&nbsp;LTC2944_Init
<LI><a href="#[ae]">&gt;&gt;</a>&nbsp;&nbsp;&nbsp;Flux_Init
<LI><a href="#[a6]">&gt;&gt;</a>&nbsp;&nbsp;&nbsp;Flashisp_Init
<LI><a href="#[b0]">&gt;&gt;</a>&nbsp;&nbsp;&nbsp;Fan_Init
<LI><a href="#[a4]">&gt;&gt;</a>&nbsp;&nbsp;&nbsp;FM24CL64_Init
<LI><a href="#[b3]">&gt;&gt;</a>&nbsp;&nbsp;&nbsp;DS18B20_Init
<LI><a href="#[a3]">&gt;&gt;</a>&nbsp;&nbsp;&nbsp;Button_Init
<LI><a href="#[af]">&gt;&gt;</a>&nbsp;&nbsp;&nbsp;Battery_Init
<LI><a href="#[ab]">&gt;&gt;</a>&nbsp;&nbsp;&nbsp;AT_Init
<LI><a href="#[ac]">&gt;&gt;</a>&nbsp;&nbsp;&nbsp;APP_Init
<LI><a href="#[9a]">&gt;&gt;</a>&nbsp;&nbsp;&nbsp;Project_TimerInit
<LI><a href="#[96]">&gt;&gt;</a>&nbsp;&nbsp;&nbsp;Project_IWDGInit
<LI><a href="#[9b]">&gt;&gt;</a>&nbsp;&nbsp;&nbsp;__2printf
</UL>
<BR>[Called By]<UL><LI><a href="#[78]">&gt;&gt;</a>&nbsp;&nbsp;&nbsp;main
</UL>

<P><STRONG><a name="[b4]"></a>Project_Timer</STRONG> (Thumb, 90 bytes, Stack size 8 bytes, project.o(.text))
<BR><BR>[Stack]<UL><LI>Max Depth = 52<LI>Call Chain = Project_Timer &rArr; USART_Timer &rArr; USART2or3_Timer &rArr; USART_ITConfig
</UL>
<BR>[Calls]<UL><LI><a href="#[bd]">&gt;&gt;</a>&nbsp;&nbsp;&nbsp;Usb_Timer
<LI><a href="#[b5]">&gt;&gt;</a>&nbsp;&nbsp;&nbsp;USART_Timer
<LI><a href="#[bf]">&gt;&gt;</a>&nbsp;&nbsp;&nbsp;TestPower_Timer
<LI><a href="#[be]">&gt;&gt;</a>&nbsp;&nbsp;&nbsp;Speak_Timer
<LI><a href="#[b6]">&gt;&gt;</a>&nbsp;&nbsp;&nbsp;Slave_Timer
<LI><a href="#[bc]">&gt;&gt;</a>&nbsp;&nbsp;&nbsp;SdFile_Timer
<LI><a href="#[b7]">&gt;&gt;</a>&nbsp;&nbsp;&nbsp;Screen_Timer
<LI><a href="#[ba]">&gt;&gt;</a>&nbsp;&nbsp;&nbsp;PrintTimer
<LI><a href="#[c1]">&gt;&gt;</a>&nbsp;&nbsp;&nbsp;Power_Timer
<LI><a href="#[c2]">&gt;&gt;</a>&nbsp;&nbsp;&nbsp;LTC2944_Timer
<LI><a href="#[c0]">&gt;&gt;</a>&nbsp;&nbsp;&nbsp;FM24CL64_Timer
<LI><a href="#[c3]">&gt;&gt;</a>&nbsp;&nbsp;&nbsp;DS18B20_Timer
<LI><a href="#[bb]">&gt;&gt;</a>&nbsp;&nbsp;&nbsp;Button_Timer
<LI><a href="#[b8]">&gt;&gt;</a>&nbsp;&nbsp;&nbsp;AT_Timer
<LI><a href="#[b9]">&gt;&gt;</a>&nbsp;&nbsp;&nbsp;APP_Timer
</UL>
<BR>[Called By]<UL><LI><a href="#[25]">&gt;&gt;</a>&nbsp;&nbsp;&nbsp;SysTick_Handler
</UL>

<P><STRONG><a name="[c4]"></a>Project_SecTimer</STRONG> (Thumb, 16 bytes, Stack size 8 bytes, project.o(.text))
<BR><BR>[Stack]<UL><LI>Max Depth = 428<LI>Call Chain = Project_SecTimer &rArr; Screen_SecTimer &rArr; Screen_ShowDynamicData &rArr; Screen_ShowPowerState &rArr; Screen_RefreshDataMulti &rArr; USARTx_StoreBufferData &rArr; USART_ITConfig
</UL>
<BR>[Calls]<UL><LI><a href="#[c5]">&gt;&gt;</a>&nbsp;&nbsp;&nbsp;Screen_SecTimer
<LI><a href="#[c7]">&gt;&gt;</a>&nbsp;&nbsp;&nbsp;ScreenJPG_Timer
<LI><a href="#[c6]">&gt;&gt;</a>&nbsp;&nbsp;&nbsp;Flux_SecTimer
</UL>
<BR>[Called By]<UL><LI><a href="#[397]">&gt;&gt;</a>&nbsp;&nbsp;&nbsp;Screen_SecClock
</UL>

<P><STRONG><a name="[d0]"></a>Project_ClearProjectSysBuffer</STRONG> (Thumb, 14 bytes, Stack size 0 bytes, project.o(.text))
<BR><BR>[Called By]<UL><LI><a href="#[cd]">&gt;&gt;</a>&nbsp;&nbsp;&nbsp;Project_DebugASCII
</UL>

<P><STRONG><a name="[478]"></a>Project_GetData</STRONG> (Thumb, 4 bytes, Stack size 0 bytes, project.o(.text), UNUSED)

<P><STRONG><a name="[25]"></a>SysTick_Handler</STRONG> (Thumb, 8 bytes, Stack size 8 bytes, project.o(.text))
<BR><BR>[Stack]<UL><LI>Max Depth = 60<LI>Call Chain = SysTick_Handler &rArr; Project_Timer &rArr; USART_Timer &rArr; USART2or3_Timer &rArr; USART_ITConfig
</UL>
<BR>[Calls]<UL><LI><a href="#[b4]">&gt;&gt;</a>&nbsp;&nbsp;&nbsp;Project_Timer
</UL>
<BR>[Address Reference Count : 1]<UL><LI> startup_stm32f40_41xxx.o(RESET)
</UL>
<P><STRONG><a name="[c8]"></a>Project_InitLED</STRONG> (Thumb, 84 bytes, Stack size 16 bytes, project.o(.text), UNUSED)
<BR><BR>[Calls]<UL><LI><a href="#[c9]">&gt;&gt;</a>&nbsp;&nbsp;&nbsp;RCC_AHB1PeriphClockCmd
<LI><a href="#[cc]">&gt;&gt;</a>&nbsp;&nbsp;&nbsp;GPIO_SetBits
<LI><a href="#[cb]">&gt;&gt;</a>&nbsp;&nbsp;&nbsp;GPIO_ResetBits
<LI><a href="#[ca]">&gt;&gt;</a>&nbsp;&nbsp;&nbsp;GPIO_Init
</UL>

<P><STRONG><a name="[cd]"></a>Project_DebugASCII</STRONG> (Thumb, 78 bytes, Stack size 16 bytes, project.o(.text))
<BR><BR>[Stack]<UL><LI>Max Depth = 128<LI>Call Chain = Project_DebugASCII &rArr; Calculate_CharToU16 &rArr; atoi &rArr; strtol &rArr; _strtoul
</UL>
<BR>[Calls]<UL><LI><a href="#[cf]">&gt;&gt;</a>&nbsp;&nbsp;&nbsp;Flashisp_StoreData
<LI><a href="#[ce]">&gt;&gt;</a>&nbsp;&nbsp;&nbsp;Calculate_CharToU16
<LI><a href="#[d0]">&gt;&gt;</a>&nbsp;&nbsp;&nbsp;Project_ClearProjectSysBuffer
</UL>
<BR>[Called By]<UL><LI><a href="#[de]">&gt;&gt;</a>&nbsp;&nbsp;&nbsp;ASCII_CommunicateReceive
</UL>

<P><STRONG><a name="[1d]"></a>NMI_Handler</STRONG> (Thumb, 2 bytes, Stack size 0 bytes, stm32f4xx_it.o(.text))
<BR>[Address Reference Count : 1]<UL><LI> startup_stm32f40_41xxx.o(RESET)
</UL>
<P><STRONG><a name="[1e]"></a>HardFault_Handler</STRONG> (Thumb, 10 bytes, Stack size 0 bytes, stm32f4xx_it.o(.text))
<BR><BR>[Stack]<UL><LI>Max Depth = 24<LI>Call Chain = HardFault_Handler &rArr; __2printf
</UL>
<BR>[Calls]<UL><LI><a href="#[9b]">&gt;&gt;</a>&nbsp;&nbsp;&nbsp;__2printf
</UL>
<BR>[Address Reference Count : 1]<UL><LI> startup_stm32f40_41xxx.o(RESET)
</UL>
<P><STRONG><a name="[1f]"></a>MemManage_Handler</STRONG> (Thumb, 4 bytes, Stack size 0 bytes, stm32f4xx_it.o(.text))
<BR>[Address Reference Count : 1]<UL><LI> startup_stm32f40_41xxx.o(RESET)
</UL>
<P><STRONG><a name="[20]"></a>BusFault_Handler</STRONG> (Thumb, 4 bytes, Stack size 0 bytes, stm32f4xx_it.o(.text))
<BR>[Address Reference Count : 1]<UL><LI> startup_stm32f40_41xxx.o(RESET)
</UL>
<P><STRONG><a name="[21]"></a>UsageFault_Handler</STRONG> (Thumb, 4 bytes, Stack size 0 bytes, stm32f4xx_it.o(.text))
<BR>[Address Reference Count : 1]<UL><LI> startup_stm32f40_41xxx.o(RESET)
</UL>
<P><STRONG><a name="[22]"></a>SVC_Handler</STRONG> (Thumb, 2 bytes, Stack size 0 bytes, stm32f4xx_it.o(.text))
<BR>[Address Reference Count : 1]<UL><LI> startup_stm32f40_41xxx.o(RESET)
</UL>
<P><STRONG><a name="[23]"></a>DebugMon_Handler</STRONG> (Thumb, 2 bytes, Stack size 0 bytes, stm32f4xx_it.o(.text))
<BR>[Address Reference Count : 1]<UL><LI> startup_stm32f40_41xxx.o(RESET)
</UL>
<P><STRONG><a name="[d1]"></a>UART5_Configuration</STRONG> (Thumb, 192 bytes, Stack size 32 bytes, usart.o(.text))
<BR><BR>[Stack]<UL><LI>Max Depth = 100<LI>Call Chain = UART5_Configuration &rArr; USART_Init &rArr; RCC_GetClocksFreq
</UL>
<BR>[Calls]<UL><LI><a href="#[d4]">&gt;&gt;</a>&nbsp;&nbsp;&nbsp;USART_Init
<LI><a href="#[d5]">&gt;&gt;</a>&nbsp;&nbsp;&nbsp;USART_ITConfig
<LI><a href="#[d6]">&gt;&gt;</a>&nbsp;&nbsp;&nbsp;USART_Cmd
<LI><a href="#[d2]">&gt;&gt;</a>&nbsp;&nbsp;&nbsp;RCC_APB1PeriphClockCmd
<LI><a href="#[d7]">&gt;&gt;</a>&nbsp;&nbsp;&nbsp;NVIC_Init
<LI><a href="#[d3]">&gt;&gt;</a>&nbsp;&nbsp;&nbsp;GPIO_PinAFConfig
<LI><a href="#[c9]">&gt;&gt;</a>&nbsp;&nbsp;&nbsp;RCC_AHB1PeriphClockCmd
<LI><a href="#[ca]">&gt;&gt;</a>&nbsp;&nbsp;&nbsp;GPIO_Init
</UL>
<BR>[Called By]<UL><LI><a href="#[9e]">&gt;&gt;</a>&nbsp;&nbsp;&nbsp;USART_InitAll
</UL>

<P><STRONG><a name="[d8]"></a>UART4_Configuration</STRONG> (Thumb, 186 bytes, Stack size 32 bytes, usart.o(.text))
<BR><BR>[Stack]<UL><LI>Max Depth = 100<LI>Call Chain = UART4_Configuration &rArr; USART_Init &rArr; RCC_GetClocksFreq
</UL>
<BR>[Calls]<UL><LI><a href="#[d4]">&gt;&gt;</a>&nbsp;&nbsp;&nbsp;USART_Init
<LI><a href="#[d5]">&gt;&gt;</a>&nbsp;&nbsp;&nbsp;USART_ITConfig
<LI><a href="#[d6]">&gt;&gt;</a>&nbsp;&nbsp;&nbsp;USART_Cmd
<LI><a href="#[d2]">&gt;&gt;</a>&nbsp;&nbsp;&nbsp;RCC_APB1PeriphClockCmd
<LI><a href="#[d7]">&gt;&gt;</a>&nbsp;&nbsp;&nbsp;NVIC_Init
<LI><a href="#[d3]">&gt;&gt;</a>&nbsp;&nbsp;&nbsp;GPIO_PinAFConfig
<LI><a href="#[c9]">&gt;&gt;</a>&nbsp;&nbsp;&nbsp;RCC_AHB1PeriphClockCmd
<LI><a href="#[ca]">&gt;&gt;</a>&nbsp;&nbsp;&nbsp;GPIO_Init
</UL>
<BR>[Called By]<UL><LI><a href="#[9e]">&gt;&gt;</a>&nbsp;&nbsp;&nbsp;USART_InitAll
</UL>

<P><STRONG><a name="[d9]"></a>USART3_Configuration</STRONG> (Thumb, 186 bytes, Stack size 32 bytes, usart.o(.text))
<BR><BR>[Stack]<UL><LI>Max Depth = 100<LI>Call Chain = USART3_Configuration &rArr; USART_Init &rArr; RCC_GetClocksFreq
</UL>
<BR>[Calls]<UL><LI><a href="#[d4]">&gt;&gt;</a>&nbsp;&nbsp;&nbsp;USART_Init
<LI><a href="#[d5]">&gt;&gt;</a>&nbsp;&nbsp;&nbsp;USART_ITConfig
<LI><a href="#[d6]">&gt;&gt;</a>&nbsp;&nbsp;&nbsp;USART_Cmd
<LI><a href="#[d2]">&gt;&gt;</a>&nbsp;&nbsp;&nbsp;RCC_APB1PeriphClockCmd
<LI><a href="#[d7]">&gt;&gt;</a>&nbsp;&nbsp;&nbsp;NVIC_Init
<LI><a href="#[d3]">&gt;&gt;</a>&nbsp;&nbsp;&nbsp;GPIO_PinAFConfig
<LI><a href="#[c9]">&gt;&gt;</a>&nbsp;&nbsp;&nbsp;RCC_AHB1PeriphClockCmd
<LI><a href="#[ca]">&gt;&gt;</a>&nbsp;&nbsp;&nbsp;GPIO_Init
</UL>
<BR>[Called By]<UL><LI><a href="#[9e]">&gt;&gt;</a>&nbsp;&nbsp;&nbsp;USART_InitAll
</UL>

<P><STRONG><a name="[da]"></a>USART2_Configuration</STRONG> (Thumb, 184 bytes, Stack size 32 bytes, usart.o(.text))
<BR><BR>[Stack]<UL><LI>Max Depth = 100<LI>Call Chain = USART2_Configuration &rArr; USART_Init &rArr; RCC_GetClocksFreq
</UL>
<BR>[Calls]<UL><LI><a href="#[d4]">&gt;&gt;</a>&nbsp;&nbsp;&nbsp;USART_Init
<LI><a href="#[d5]">&gt;&gt;</a>&nbsp;&nbsp;&nbsp;USART_ITConfig
<LI><a href="#[d6]">&gt;&gt;</a>&nbsp;&nbsp;&nbsp;USART_Cmd
<LI><a href="#[d2]">&gt;&gt;</a>&nbsp;&nbsp;&nbsp;RCC_APB1PeriphClockCmd
<LI><a href="#[d7]">&gt;&gt;</a>&nbsp;&nbsp;&nbsp;NVIC_Init
<LI><a href="#[d3]">&gt;&gt;</a>&nbsp;&nbsp;&nbsp;GPIO_PinAFConfig
<LI><a href="#[c9]">&gt;&gt;</a>&nbsp;&nbsp;&nbsp;RCC_AHB1PeriphClockCmd
<LI><a href="#[ca]">&gt;&gt;</a>&nbsp;&nbsp;&nbsp;GPIO_Init
</UL>
<BR>[Called By]<UL><LI><a href="#[9e]">&gt;&gt;</a>&nbsp;&nbsp;&nbsp;USART_InitAll
</UL>

<P><STRONG><a name="[db]"></a>USART1_Configuration</STRONG> (Thumb, 188 bytes, Stack size 32 bytes, usart.o(.text))
<BR><BR>[Stack]<UL><LI>Max Depth = 100<LI>Call Chain = USART1_Configuration &rArr; USART_Init &rArr; RCC_GetClocksFreq
</UL>
<BR>[Calls]<UL><LI><a href="#[d4]">&gt;&gt;</a>&nbsp;&nbsp;&nbsp;USART_Init
<LI><a href="#[d5]">&gt;&gt;</a>&nbsp;&nbsp;&nbsp;USART_ITConfig
<LI><a href="#[d6]">&gt;&gt;</a>&nbsp;&nbsp;&nbsp;USART_Cmd
<LI><a href="#[dc]">&gt;&gt;</a>&nbsp;&nbsp;&nbsp;RCC_APB2PeriphClockCmd
<LI><a href="#[d7]">&gt;&gt;</a>&nbsp;&nbsp;&nbsp;NVIC_Init
<LI><a href="#[d3]">&gt;&gt;</a>&nbsp;&nbsp;&nbsp;GPIO_PinAFConfig
<LI><a href="#[c9]">&gt;&gt;</a>&nbsp;&nbsp;&nbsp;RCC_AHB1PeriphClockCmd
<LI><a href="#[ca]">&gt;&gt;</a>&nbsp;&nbsp;&nbsp;GPIO_Init
</UL>
<BR>[Called By]<UL><LI><a href="#[9e]">&gt;&gt;</a>&nbsp;&nbsp;&nbsp;USART_InitAll
</UL>

<P><STRONG><a name="[9e]"></a>USART_InitAll</STRONG> (Thumb, 24 bytes, Stack size 8 bytes, usart.o(.text))
<BR><BR>[Stack]<UL><LI>Max Depth = 108<LI>Call Chain = USART_InitAll &rArr; USART1_Configuration &rArr; USART_Init &rArr; RCC_GetClocksFreq
</UL>
<BR>[Calls]<UL><LI><a href="#[db]">&gt;&gt;</a>&nbsp;&nbsp;&nbsp;USART1_Configuration
<LI><a href="#[da]">&gt;&gt;</a>&nbsp;&nbsp;&nbsp;USART2_Configuration
<LI><a href="#[d9]">&gt;&gt;</a>&nbsp;&nbsp;&nbsp;USART3_Configuration
<LI><a href="#[d8]">&gt;&gt;</a>&nbsp;&nbsp;&nbsp;UART4_Configuration
<LI><a href="#[d1]">&gt;&gt;</a>&nbsp;&nbsp;&nbsp;UART5_Configuration
</UL>
<BR>[Called By]<UL><LI><a href="#[95]">&gt;&gt;</a>&nbsp;&nbsp;&nbsp;Project_Init
</UL>

<P><STRONG><a name="[df]"></a>Get_USART1Buffer</STRONG> (Thumb, 4 bytes, Stack size 0 bytes, usart.o(.text))
<BR><BR>[Called By]<UL><LI><a href="#[7e]">&gt;&gt;</a>&nbsp;&nbsp;&nbsp;fputc
<LI><a href="#[b5]">&gt;&gt;</a>&nbsp;&nbsp;&nbsp;USART_Timer
<LI><a href="#[86]">&gt;&gt;</a>&nbsp;&nbsp;&nbsp;USART_main
</UL>

<P><STRONG><a name="[dd]"></a>USARTx_DW</STRONG> (Thumb, 204 bytes, Stack size 32 bytes, usart.o(.text))
<BR><BR>[Stack]<UL><LI>Max Depth = 1172<LI>Call Chain = USARTx_DW &rArr; ASCII_CommunicateReceive &rArr; File_DebugASCII &rArr; SdFile_WriteGasFile &rArr; SdFile_WriteLinkRecord &rArr; SdFile_write_record &rArr; f_open &rArr; dir_register &rArr; dir_find &rArr; dir_next &rArr; create_chain &rArr; put_fat &rArr; move_window &rArr; sync_window &rArr; disk_write &rArr; USBH_UDISK_Write &rArr; USBH_MSC_HandleBOTXfer &rArr; USBH_BulkReceiveData &rArr; HCD_SubmitRequest &rArr; USB_OTG_HC_StartXfer &rArr; USB_OTG_WritePacket
</UL>
<BR>[Calls]<UL><LI><a href="#[de]">&gt;&gt;</a>&nbsp;&nbsp;&nbsp;ASCII_CommunicateReceive
</UL>
<BR>[Called By]<UL><LI><a href="#[86]">&gt;&gt;</a>&nbsp;&nbsp;&nbsp;USART_main
</UL>

<P><STRONG><a name="[86]"></a>USART_main</STRONG> (Thumb, 18 bytes, Stack size 8 bytes, usart.o(.text))
<BR><BR>[Stack]<UL><LI>Max Depth = 1180<LI>Call Chain = USART_main &rArr; USARTx_DW &rArr; ASCII_CommunicateReceive &rArr; File_DebugASCII &rArr; SdFile_WriteGasFile &rArr; SdFile_WriteLinkRecord &rArr; SdFile_write_record &rArr; f_open &rArr; dir_register &rArr; dir_find &rArr; dir_next &rArr; create_chain &rArr; put_fat &rArr; move_window &rArr; sync_window &rArr; disk_write &rArr; USBH_UDISK_Write &rArr; USBH_MSC_HandleBOTXfer &rArr; USBH_BulkReceiveData &rArr; HCD_SubmitRequest &rArr; USB_OTG_HC_StartXfer &rArr; USB_OTG_WritePacket
</UL>
<BR>[Calls]<UL><LI><a href="#[dd]">&gt;&gt;</a>&nbsp;&nbsp;&nbsp;USARTx_DW
<LI><a href="#[df]">&gt;&gt;</a>&nbsp;&nbsp;&nbsp;Get_USART1Buffer
</UL>
<BR>[Called By]<UL><LI><a href="#[82]">&gt;&gt;</a>&nbsp;&nbsp;&nbsp;Mian_loop
</UL>

<P><STRONG><a name="[e0]"></a>USART2or3_Timer</STRONG> (Thumb, 70 bytes, Stack size 16 bytes, usart.o(.text))
<BR><BR>[Stack]<UL><LI>Max Depth = 36<LI>Call Chain = USART2or3_Timer &rArr; USART_ITConfig
</UL>
<BR>[Calls]<UL><LI><a href="#[d5]">&gt;&gt;</a>&nbsp;&nbsp;&nbsp;USART_ITConfig
</UL>
<BR>[Called By]<UL><LI><a href="#[b5]">&gt;&gt;</a>&nbsp;&nbsp;&nbsp;USART_Timer
</UL>

<P><STRONG><a name="[e3]"></a>Get_USART3Buffer</STRONG> (Thumb, 4 bytes, Stack size 0 bytes, usart.o(.text))
<BR><BR>[Called By]<UL><LI><a href="#[b5]">&gt;&gt;</a>&nbsp;&nbsp;&nbsp;USART_Timer
<LI><a href="#[3a1]">&gt;&gt;</a>&nbsp;&nbsp;&nbsp;ScreenReadMemory
<LI><a href="#[394]">&gt;&gt;</a>&nbsp;&nbsp;&nbsp;Screen_DealWihtReceiveData
<LI><a href="#[31e]">&gt;&gt;</a>&nbsp;&nbsp;&nbsp;Screen_SetClock
<LI><a href="#[31d]">&gt;&gt;</a>&nbsp;&nbsp;&nbsp;Screen_RectangleFilling
<LI><a href="#[31c]">&gt;&gt;</a>&nbsp;&nbsp;&nbsp;Screen_PastePicture
<LI><a href="#[31b]">&gt;&gt;</a>&nbsp;&nbsp;&nbsp;Screen_ReadRegister
<LI><a href="#[31a]">&gt;&gt;</a>&nbsp;&nbsp;&nbsp;Screen_WriteRegisterOneData
<LI><a href="#[319]">&gt;&gt;</a>&nbsp;&nbsp;&nbsp;Screen_WriteRegister
<LI><a href="#[318]">&gt;&gt;</a>&nbsp;&nbsp;&nbsp;Screen_Reset
<LI><a href="#[317]">&gt;&gt;</a>&nbsp;&nbsp;&nbsp;Screen_RefreshVarData
<LI><a href="#[314]">&gt;&gt;</a>&nbsp;&nbsp;&nbsp;Screen_RefreshDataMulti
<LI><a href="#[313]">&gt;&gt;</a>&nbsp;&nbsp;&nbsp;Screen_ShowPage
</UL>

<P><STRONG><a name="[e2]"></a>Get_USART2Buffer</STRONG> (Thumb, 4 bytes, Stack size 0 bytes, usart.o(.text))
<BR><BR>[Called By]<UL><LI><a href="#[b5]">&gt;&gt;</a>&nbsp;&nbsp;&nbsp;USART_Timer
<LI><a href="#[11e]">&gt;&gt;</a>&nbsp;&nbsp;&nbsp;Slave_Communicate
<LI><a href="#[11c]">&gt;&gt;</a>&nbsp;&nbsp;&nbsp;Slave_CommSendData
</UL>

<P><STRONG><a name="[e1]"></a>USARTx_Timer</STRONG> (Thumb, 188 bytes, Stack size 0 bytes, usart.o(.text))
<BR><BR>[Called By]<UL><LI><a href="#[b5]">&gt;&gt;</a>&nbsp;&nbsp;&nbsp;USART_Timer
</UL>

<P><STRONG><a name="[b5]"></a>USART_Timer</STRONG> (Thumb, 46 bytes, Stack size 8 bytes, usart.o(.text))
<BR><BR>[Stack]<UL><LI>Max Depth = 44<LI>Call Chain = USART_Timer &rArr; USART2or3_Timer &rArr; USART_ITConfig
</UL>
<BR>[Calls]<UL><LI><a href="#[e1]">&gt;&gt;</a>&nbsp;&nbsp;&nbsp;USARTx_Timer
<LI><a href="#[e2]">&gt;&gt;</a>&nbsp;&nbsp;&nbsp;Get_USART2Buffer
<LI><a href="#[e3]">&gt;&gt;</a>&nbsp;&nbsp;&nbsp;Get_USART3Buffer
<LI><a href="#[e0]">&gt;&gt;</a>&nbsp;&nbsp;&nbsp;USART2or3_Timer
<LI><a href="#[df]">&gt;&gt;</a>&nbsp;&nbsp;&nbsp;Get_USART1Buffer
</UL>
<BR>[Called By]<UL><LI><a href="#[b4]">&gt;&gt;</a>&nbsp;&nbsp;&nbsp;Project_Timer
</UL>

<P><STRONG><a name="[e4]"></a>USARTx_Send</STRONG> (Thumb, 110 bytes, Stack size 16 bytes, usart.o(.text))
<BR><BR>[Stack]<UL><LI>Max Depth = 36<LI>Call Chain = USARTx_Send &rArr; USART_ITConfig
</UL>
<BR>[Calls]<UL><LI><a href="#[e5]">&gt;&gt;</a>&nbsp;&nbsp;&nbsp;USART_SendData
<LI><a href="#[d5]">&gt;&gt;</a>&nbsp;&nbsp;&nbsp;USART_ITConfig
<LI><a href="#[e6]">&gt;&gt;</a>&nbsp;&nbsp;&nbsp;USART_ClearFlag
</UL>
<BR>[Called By]<UL><LI><a href="#[4d]">&gt;&gt;</a>&nbsp;&nbsp;&nbsp;USART3_IRQHandler
<LI><a href="#[4c]">&gt;&gt;</a>&nbsp;&nbsp;&nbsp;USART2_IRQHandler
<LI><a href="#[4b]">&gt;&gt;</a>&nbsp;&nbsp;&nbsp;USART1_IRQHandler
</UL>

<P><STRONG><a name="[e8]"></a>USARTx_Receive</STRONG> (Thumb, 94 bytes, Stack size 8 bytes, usart.o(.text))
<BR><BR>[Stack]<UL><LI>Max Depth = 8<LI>Call Chain = USARTx_Receive
</UL>
<BR>[Called By]<UL><LI><a href="#[4b]">&gt;&gt;</a>&nbsp;&nbsp;&nbsp;USART1_IRQHandler
</UL>

<P><STRONG><a name="[4b]"></a>USART1_IRQHandler</STRONG> (Thumb, 50 bytes, Stack size 8 bytes, usart.o(.text))
<BR><BR>[Stack]<UL><LI>Max Depth = 44<LI>Call Chain = USART1_IRQHandler &rArr; USARTx_Send &rArr; USART_ITConfig
</UL>
<BR>[Calls]<UL><LI><a href="#[e7]">&gt;&gt;</a>&nbsp;&nbsp;&nbsp;USART_GetITStatus
<LI><a href="#[e8]">&gt;&gt;</a>&nbsp;&nbsp;&nbsp;USARTx_Receive
<LI><a href="#[e4]">&gt;&gt;</a>&nbsp;&nbsp;&nbsp;USARTx_Send
</UL>
<BR>[Address Reference Count : 1]<UL><LI> startup_stm32f40_41xxx.o(RESET)
</UL>
<P><STRONG><a name="[479]"></a>USART1_SendByte</STRONG> (Thumb, 20 bytes, Stack size 0 bytes, usart.o(.text), UNUSED)

<P><STRONG><a name="[4c]"></a>USART2_IRQHandler</STRONG> (Thumb, 232 bytes, Stack size 8 bytes, usart.o(.text))
<BR><BR>[Stack]<UL><LI>Max Depth = 44<LI>Call Chain = USART2_IRQHandler &rArr; USARTx_Send &rArr; USART_ITConfig
</UL>
<BR>[Calls]<UL><LI><a href="#[e9]">&gt;&gt;</a>&nbsp;&nbsp;&nbsp;USART_ReceiveData
<LI><a href="#[e7]">&gt;&gt;</a>&nbsp;&nbsp;&nbsp;USART_GetITStatus
<LI><a href="#[e4]">&gt;&gt;</a>&nbsp;&nbsp;&nbsp;USARTx_Send
</UL>
<BR>[Address Reference Count : 1]<UL><LI> startup_stm32f40_41xxx.o(RESET)
</UL>
<P><STRONG><a name="[4d]"></a>USART3_IRQHandler</STRONG> (Thumb, 336 bytes, Stack size 8 bytes, usart.o(.text))
<BR><BR>[Stack]<UL><LI>Max Depth = 44<LI>Call Chain = USART3_IRQHandler &rArr; USARTx_Send &rArr; USART_ITConfig
</UL>
<BR>[Calls]<UL><LI><a href="#[e9]">&gt;&gt;</a>&nbsp;&nbsp;&nbsp;USART_ReceiveData
<LI><a href="#[e7]">&gt;&gt;</a>&nbsp;&nbsp;&nbsp;USART_GetITStatus
<LI><a href="#[e4]">&gt;&gt;</a>&nbsp;&nbsp;&nbsp;USARTx_Send
</UL>
<BR>[Address Reference Count : 1]<UL><LI> startup_stm32f40_41xxx.o(RESET)
</UL>
<P><STRONG><a name="[1c3]"></a>USART_COM4_GetData</STRONG> (Thumb, 4 bytes, Stack size 0 bytes, usart.o(.text))
<BR><BR>[Called By]<UL><LI><a href="#[8b]">&gt;&gt;</a>&nbsp;&nbsp;&nbsp;AT_main
<LI><a href="#[1d9]">&gt;&gt;</a>&nbsp;&nbsp;&nbsp;Print_Low_Main
</UL>

<P><STRONG><a name="[47a]"></a>USART_COM4_Enable</STRONG> (Thumb, 8 bytes, Stack size 0 bytes, usart.o(.text), UNUSED)

<P><STRONG><a name="[47b]"></a>USART_COM4_Disable</STRONG> (Thumb, 8 bytes, Stack size 0 bytes, usart.o(.text), UNUSED)

<P><STRONG><a name="[1c2]"></a>USART_COM4_Receve_com</STRONG> (Thumb, 20 bytes, Stack size 0 bytes, usart.o(.text))
<BR><BR>[Called By]<UL><LI><a href="#[8b]">&gt;&gt;</a>&nbsp;&nbsp;&nbsp;AT_main
<LI><a href="#[1d9]">&gt;&gt;</a>&nbsp;&nbsp;&nbsp;Print_Low_Main
</UL>

<P><STRONG><a name="[5a]"></a>UART4_IRQHandler</STRONG> (Thumb, 116 bytes, Stack size 8 bytes, usart.o(.text))
<BR><BR>[Stack]<UL><LI>Max Depth = 24<LI>Call Chain = UART4_IRQHandler &rArr; USART_GetITStatus
</UL>
<BR>[Calls]<UL><LI><a href="#[e9]">&gt;&gt;</a>&nbsp;&nbsp;&nbsp;USART_ReceiveData
<LI><a href="#[e7]">&gt;&gt;</a>&nbsp;&nbsp;&nbsp;USART_GetITStatus
</UL>
<BR>[Address Reference Count : 1]<UL><LI> startup_stm32f40_41xxx.o(RESET)
</UL>
<P><STRONG><a name="[232]"></a>USART_COM5_GetData</STRONG> (Thumb, 4 bytes, Stack size 0 bytes, usart.o(.text))
<BR><BR>[Called By]<UL><LI><a href="#[8c]">&gt;&gt;</a>&nbsp;&nbsp;&nbsp;APP_main
</UL>

<P><STRONG><a name="[47c]"></a>USART_COM5_Enable</STRONG> (Thumb, 8 bytes, Stack size 0 bytes, usart.o(.text), UNUSED)

<P><STRONG><a name="[47d]"></a>USART_COM5_Disable</STRONG> (Thumb, 8 bytes, Stack size 0 bytes, usart.o(.text), UNUSED)

<P><STRONG><a name="[231]"></a>USART_COM5_Receve_com</STRONG> (Thumb, 20 bytes, Stack size 0 bytes, usart.o(.text))
<BR><BR>[Called By]<UL><LI><a href="#[8c]">&gt;&gt;</a>&nbsp;&nbsp;&nbsp;APP_main
</UL>

<P><STRONG><a name="[5b]"></a>UART5_IRQHandler</STRONG> (Thumb, 116 bytes, Stack size 8 bytes, usart.o(.text))
<BR><BR>[Stack]<UL><LI>Max Depth = 24<LI>Call Chain = UART5_IRQHandler &rArr; USART_GetITStatus
</UL>
<BR>[Calls]<UL><LI><a href="#[e9]">&gt;&gt;</a>&nbsp;&nbsp;&nbsp;USART_ReceiveData
<LI><a href="#[e7]">&gt;&gt;</a>&nbsp;&nbsp;&nbsp;USART_GetITStatus
</UL>
<BR>[Address Reference Count : 1]<UL><LI> startup_stm32f40_41xxx.o(RESET)
</UL>
<P><STRONG><a name="[ea]"></a>USARTx_StoreBufferData</STRONG> (Thumb, 102 bytes, Stack size 16 bytes, usart.o(.text))
<BR><BR>[Stack]<UL><LI>Max Depth = 36<LI>Call Chain = USARTx_StoreBufferData &rArr; USART_ITConfig
</UL>
<BR>[Calls]<UL><LI><a href="#[d5]">&gt;&gt;</a>&nbsp;&nbsp;&nbsp;USART_ITConfig
</UL>
<BR>[Called By]<UL><LI><a href="#[7e]">&gt;&gt;</a>&nbsp;&nbsp;&nbsp;fputc
<LI><a href="#[11c]">&gt;&gt;</a>&nbsp;&nbsp;&nbsp;Slave_CommSendData
<LI><a href="#[3a1]">&gt;&gt;</a>&nbsp;&nbsp;&nbsp;ScreenReadMemory
<LI><a href="#[31e]">&gt;&gt;</a>&nbsp;&nbsp;&nbsp;Screen_SetClock
<LI><a href="#[31d]">&gt;&gt;</a>&nbsp;&nbsp;&nbsp;Screen_RectangleFilling
<LI><a href="#[31c]">&gt;&gt;</a>&nbsp;&nbsp;&nbsp;Screen_PastePicture
<LI><a href="#[31b]">&gt;&gt;</a>&nbsp;&nbsp;&nbsp;Screen_ReadRegister
<LI><a href="#[31a]">&gt;&gt;</a>&nbsp;&nbsp;&nbsp;Screen_WriteRegisterOneData
<LI><a href="#[319]">&gt;&gt;</a>&nbsp;&nbsp;&nbsp;Screen_WriteRegister
<LI><a href="#[318]">&gt;&gt;</a>&nbsp;&nbsp;&nbsp;Screen_Reset
<LI><a href="#[317]">&gt;&gt;</a>&nbsp;&nbsp;&nbsp;Screen_RefreshVarData
<LI><a href="#[314]">&gt;&gt;</a>&nbsp;&nbsp;&nbsp;Screen_RefreshDataMulti
<LI><a href="#[313]">&gt;&gt;</a>&nbsp;&nbsp;&nbsp;Screen_ShowPage
</UL>

<P><STRONG><a name="[eb]"></a>USARTx_Printf</STRONG> (Thumb, 104 bytes, Stack size 16 bytes, usart.o(.text), UNUSED)
<BR><BR>[Calls]<UL><LI><a href="#[9b]">&gt;&gt;</a>&nbsp;&nbsp;&nbsp;__2printf
</UL>

<P><STRONG><a name="[ec]"></a>USART_SetEvenVerify</STRONG> (Thumb, 52 bytes, Stack size 24 bytes, usart.o(.text), UNUSED)
<BR><BR>[Calls]<UL><LI><a href="#[d4]">&gt;&gt;</a>&nbsp;&nbsp;&nbsp;USART_Init
</UL>

<P><STRONG><a name="[ed]"></a>USART_SetNoneVerify</STRONG> (Thumb, 42 bytes, Stack size 24 bytes, usart.o(.text), UNUSED)
<BR><BR>[Calls]<UL><LI><a href="#[d4]">&gt;&gt;</a>&nbsp;&nbsp;&nbsp;USART_Init
</UL>

<P><STRONG><a name="[ee]"></a>USART_ModeSet</STRONG> (Thumb, 148 bytes, Stack size 40 bytes, usart.o(.text), UNUSED)
<BR><BR>[Calls]<UL><LI><a href="#[d4]">&gt;&gt;</a>&nbsp;&nbsp;&nbsp;USART_Init
<LI><a href="#[d6]">&gt;&gt;</a>&nbsp;&nbsp;&nbsp;USART_Cmd
</UL>

<P><STRONG><a name="[1bc]"></a>Printf_GetData</STRONG> (Thumb, 4 bytes, Stack size 0 bytes, printf.o(.text))
<BR><BR>[Called By]<UL><LI><a href="#[22e]">&gt;&gt;</a>&nbsp;&nbsp;&nbsp;APP_BaudRate_Set
<LI><a href="#[22d]">&gt;&gt;</a>&nbsp;&nbsp;&nbsp;APP_Role_Set
<LI><a href="#[22c]">&gt;&gt;</a>&nbsp;&nbsp;&nbsp;APP_Password_Set
<LI><a href="#[22b]">&gt;&gt;</a>&nbsp;&nbsp;&nbsp;APP_AT_Set
<LI><a href="#[1d8]">&gt;&gt;</a>&nbsp;&nbsp;&nbsp;PrintLine
<LI><a href="#[1d7]">&gt;&gt;</a>&nbsp;&nbsp;&nbsp;Print_Chk_Com
<LI><a href="#[1d6]">&gt;&gt;</a>&nbsp;&nbsp;&nbsp;Print_ChangLine_Com
<LI><a href="#[1d5]">&gt;&gt;</a>&nbsp;&nbsp;&nbsp;Print_Printorder_Com
<LI><a href="#[1d4]">&gt;&gt;</a>&nbsp;&nbsp;&nbsp;Print_Init_Com
<LI><a href="#[1bf]">&gt;&gt;</a>&nbsp;&nbsp;&nbsp;AT_BaudRate_Set
<LI><a href="#[1be]">&gt;&gt;</a>&nbsp;&nbsp;&nbsp;AT_Role_Set
<LI><a href="#[1bd]">&gt;&gt;</a>&nbsp;&nbsp;&nbsp;AT_Password_Set
<LI><a href="#[1bb]">&gt;&gt;</a>&nbsp;&nbsp;&nbsp;AT_AT_Set
</UL>

<P><STRONG><a name="[a1]"></a>Printf_Init</STRONG> (Thumb, 8 bytes, Stack size 0 bytes, printf.o(.text))
<BR><BR>[Called By]<UL><LI><a href="#[95]">&gt;&gt;</a>&nbsp;&nbsp;&nbsp;Project_Init
</UL>

<P><STRONG><a name="[7e]"></a>fputc</STRONG> (Thumb, 100 bytes, Stack size 16 bytes, printf.o(.text))
<BR><BR>[Stack]<UL><LI>Max Depth = 52<LI>Call Chain = fputc &rArr; USARTx_StoreBufferData &rArr; USART_ITConfig
</UL>
<BR>[Calls]<UL><LI><a href="#[ea]">&gt;&gt;</a>&nbsp;&nbsp;&nbsp;USARTx_StoreBufferData
<LI><a href="#[df]">&gt;&gt;</a>&nbsp;&nbsp;&nbsp;Get_USART1Buffer
</UL>
<BR>[Address Reference Count : 1]<UL><LI> printfa.o(i.__0printf)
</UL>
<P><STRONG><a name="[de]"></a>ASCII_CommunicateReceive</STRONG> (Thumb, 236 bytes, Stack size 16 bytes, ascii.o(.text))
<BR><BR>[Stack]<UL><LI>Max Depth = 1140<LI>Call Chain = ASCII_CommunicateReceive &rArr; File_DebugASCII &rArr; SdFile_WriteGasFile &rArr; SdFile_WriteLinkRecord &rArr; SdFile_write_record &rArr; f_open &rArr; dir_register &rArr; dir_find &rArr; dir_next &rArr; create_chain &rArr; put_fat &rArr; move_window &rArr; sync_window &rArr; disk_write &rArr; USBH_UDISK_Write &rArr; USBH_MSC_HandleBOTXfer &rArr; USBH_BulkReceiveData &rArr; HCD_SubmitRequest &rArr; USB_OTG_HC_StartXfer &rArr; USB_OTG_WritePacket
</UL>
<BR>[Calls]<UL><LI><a href="#[f7]">&gt;&gt;</a>&nbsp;&nbsp;&nbsp;Usb_DebugASCII
<LI><a href="#[f6]">&gt;&gt;</a>&nbsp;&nbsp;&nbsp;Slave_DebugASCII
<LI><a href="#[f0]">&gt;&gt;</a>&nbsp;&nbsp;&nbsp;Screen_DebugASCII
<LI><a href="#[f3]">&gt;&gt;</a>&nbsp;&nbsp;&nbsp;Print_DebugASCII
<LI><a href="#[f2]">&gt;&gt;</a>&nbsp;&nbsp;&nbsp;Flux_DebugASCII
<LI><a href="#[ef]">&gt;&gt;</a>&nbsp;&nbsp;&nbsp;Flashisp_DebugASCII
<LI><a href="#[f1]">&gt;&gt;</a>&nbsp;&nbsp;&nbsp;File_DebugASCII
<LI><a href="#[f4]">&gt;&gt;</a>&nbsp;&nbsp;&nbsp;Button_DebugASCII
<LI><a href="#[f5]">&gt;&gt;</a>&nbsp;&nbsp;&nbsp;Battery_DebugASCII
<LI><a href="#[f8]">&gt;&gt;</a>&nbsp;&nbsp;&nbsp;AT_DebugASCII
<LI><a href="#[f9]">&gt;&gt;</a>&nbsp;&nbsp;&nbsp;APP_DebugASCII
<LI><a href="#[ce]">&gt;&gt;</a>&nbsp;&nbsp;&nbsp;Calculate_CharToU16
<LI><a href="#[cd]">&gt;&gt;</a>&nbsp;&nbsp;&nbsp;Project_DebugASCII
<LI><a href="#[9b]">&gt;&gt;</a>&nbsp;&nbsp;&nbsp;__2printf
</UL>
<BR>[Called By]<UL><LI><a href="#[dd]">&gt;&gt;</a>&nbsp;&nbsp;&nbsp;USARTx_DW
</UL>

<P><STRONG><a name="[8e]"></a>Flashisp_main</STRONG> (Thumb, 50 bytes, Stack size 8 bytes, flashisp.o(.text))
<BR><BR>[Stack]<UL><LI>Max Depth = 92<LI>Call Chain = Flashisp_main &rArr; FM24CL64_WriteData &rArr; IIC_Wait_Ack &rArr; IIC_Stop &rArr; SDA_OUT &rArr; GPIO_Init
</UL>
<BR>[Calls]<UL><LI><a href="#[fa]">&gt;&gt;</a>&nbsp;&nbsp;&nbsp;FM24CL64_WriteData
<LI><a href="#[9b]">&gt;&gt;</a>&nbsp;&nbsp;&nbsp;__2printf
</UL>
<BR>[Called By]<UL><LI><a href="#[82]">&gt;&gt;</a>&nbsp;&nbsp;&nbsp;Mian_loop
</UL>

<P><STRONG><a name="[fb]"></a>Flashisp_DataInit</STRONG> (Thumb, 18 bytes, Stack size 8 bytes, flashisp.o(.text))
<BR><BR>[Stack]<UL><LI>Max Depth = 100<LI>Call Chain = Flashisp_DataInit &rArr; FM24CL64_ReadData &rArr; FM24CL64_ReadOneByte &rArr; IIC_Read_Byte &rArr; IIC_NAck &rArr; SDA_OUT &rArr; GPIO_Init
</UL>
<BR>[Calls]<UL><LI><a href="#[fc]">&gt;&gt;</a>&nbsp;&nbsp;&nbsp;FM24CL64_ReadData
</UL>
<BR>[Called By]<UL><LI><a href="#[a6]">&gt;&gt;</a>&nbsp;&nbsp;&nbsp;Flashisp_Init
</UL>

<P><STRONG><a name="[fe]"></a>Flashisp_Backup</STRONG> (Thumb, 48 bytes, Stack size 16 bytes, flashisp.o(.text))
<BR><BR>[Stack]<UL><LI>Max Depth = 16<LI>Call Chain = Flashisp_Backup
</UL>
<BR>[Called By]<UL><LI><a href="#[fd]">&gt;&gt;</a>&nbsp;&nbsp;&nbsp;Flashisp_FactoryReset
<LI><a href="#[ef]">&gt;&gt;</a>&nbsp;&nbsp;&nbsp;Flashisp_DebugASCII
<LI><a href="#[3fe]">&gt;&gt;</a>&nbsp;&nbsp;&nbsp;Button_WHJZ_CJWH_Pag
</UL>

<P><STRONG><a name="[fd]"></a>Flashisp_FactoryReset</STRONG> (Thumb, 3508 bytes, Stack size 72 bytes, flashisp.o(.text))
<BR><BR>[Stack]<UL><LI>Max Depth = 156<LI>Call Chain = Flashisp_FactoryReset &rArr; FM24CL64_WriteData &rArr; IIC_Wait_Ack &rArr; IIC_Stop &rArr; SDA_OUT &rArr; GPIO_Init
</UL>
<BR>[Calls]<UL><LI><a href="#[ff]">&gt;&gt;</a>&nbsp;&nbsp;&nbsp;Screen_GetData
<LI><a href="#[fa]">&gt;&gt;</a>&nbsp;&nbsp;&nbsp;FM24CL64_WriteData
<LI><a href="#[fe]">&gt;&gt;</a>&nbsp;&nbsp;&nbsp;Flashisp_Backup
<LI><a href="#[9b]">&gt;&gt;</a>&nbsp;&nbsp;&nbsp;__2printf
</UL>
<BR>[Called By]<UL><LI><a href="#[ef]">&gt;&gt;</a>&nbsp;&nbsp;&nbsp;Flashisp_DebugASCII
<LI><a href="#[a6]">&gt;&gt;</a>&nbsp;&nbsp;&nbsp;Flashisp_Init
<LI><a href="#[3f0]">&gt;&gt;</a>&nbsp;&nbsp;&nbsp;Button_WHJZ_WHXZ_STSZ_Pag
</UL>

<P><STRONG><a name="[a6]"></a>Flashisp_Init</STRONG> (Thumb, 42 bytes, Stack size 8 bytes, flashisp.o(.text))
<BR><BR>[Stack]<UL><LI>Max Depth = 164<LI>Call Chain = Flashisp_Init &rArr; Flashisp_FactoryReset &rArr; FM24CL64_WriteData &rArr; IIC_Wait_Ack &rArr; IIC_Stop &rArr; SDA_OUT &rArr; GPIO_Init
</UL>
<BR>[Calls]<UL><LI><a href="#[fc]">&gt;&gt;</a>&nbsp;&nbsp;&nbsp;FM24CL64_ReadData
<LI><a href="#[fd]">&gt;&gt;</a>&nbsp;&nbsp;&nbsp;Flashisp_FactoryReset
<LI><a href="#[fb]">&gt;&gt;</a>&nbsp;&nbsp;&nbsp;Flashisp_DataInit
</UL>
<BR>[Called By]<UL><LI><a href="#[95]">&gt;&gt;</a>&nbsp;&nbsp;&nbsp;Project_Init
</UL>

<P><STRONG><a name="[108]"></a>Flashisp_GetData</STRONG> (Thumb, 4 bytes, Stack size 0 bytes, flashisp.o(.text))
<BR><BR>[Called By]<UL><LI><a href="#[fa]">&gt;&gt;</a>&nbsp;&nbsp;&nbsp;FM24CL64_WriteData
<LI><a href="#[fc]">&gt;&gt;</a>&nbsp;&nbsp;&nbsp;FM24CL64_ReadData
<LI><a href="#[f0]">&gt;&gt;</a>&nbsp;&nbsp;&nbsp;Screen_DebugASCII
<LI><a href="#[ef]">&gt;&gt;</a>&nbsp;&nbsp;&nbsp;Flashisp_DebugASCII
<LI><a href="#[f5]">&gt;&gt;</a>&nbsp;&nbsp;&nbsp;Battery_DebugASCII
<LI><a href="#[c6]">&gt;&gt;</a>&nbsp;&nbsp;&nbsp;Flux_SecTimer
<LI><a href="#[8f]">&gt;&gt;</a>&nbsp;&nbsp;&nbsp;ProcessGetMinuteData
<LI><a href="#[210]">&gt;&gt;</a>&nbsp;&nbsp;&nbsp;Flux_CalibrationFlux
<LI><a href="#[20f]">&gt;&gt;</a>&nbsp;&nbsp;&nbsp;Flux_GetDQPress
<LI><a href="#[20b]">&gt;&gt;</a>&nbsp;&nbsp;&nbsp;Flux_SaveSamplingRunData
<LI><a href="#[204]">&gt;&gt;</a>&nbsp;&nbsp;&nbsp;Flux_ReadFlashSamplingData
<LI><a href="#[203]">&gt;&gt;</a>&nbsp;&nbsp;&nbsp;Flux_ChannelRun
<LI><a href="#[201]">&gt;&gt;</a>&nbsp;&nbsp;&nbsp;CalculationFormula_SO2FomCO
<LI><a href="#[200]">&gt;&gt;</a>&nbsp;&nbsp;&nbsp;CalculationsinglyO2
<LI><a href="#[1ff]">&gt;&gt;</a>&nbsp;&nbsp;&nbsp;Calculationsinglygas
<LI><a href="#[1fd]">&gt;&gt;</a>&nbsp;&nbsp;&nbsp;CalculationFormula_CaALL
<LI><a href="#[1ee]">&gt;&gt;</a>&nbsp;&nbsp;&nbsp;CalculationFormula_LoadfromSlave
<LI><a href="#[185]">&gt;&gt;</a>&nbsp;&nbsp;&nbsp;SaveWorkData
<LI><a href="#[187]">&gt;&gt;</a>&nbsp;&nbsp;&nbsp;SaveGasData
<LI><a href="#[186]">&gt;&gt;</a>&nbsp;&nbsp;&nbsp;SaveDustData
<LI><a href="#[136]">&gt;&gt;</a>&nbsp;&nbsp;&nbsp;Battery_ReadFlashData
<LI><a href="#[114]">&gt;&gt;</a>&nbsp;&nbsp;&nbsp;Flux_CalculateFlux
<LI><a href="#[115]">&gt;&gt;</a>&nbsp;&nbsp;&nbsp;CalculationGas
<LI><a href="#[116]">&gt;&gt;</a>&nbsp;&nbsp;&nbsp;CalculationFormula_All
<LI><a href="#[12d]">&gt;&gt;</a>&nbsp;&nbsp;&nbsp;Slave_Zero_QT
<LI><a href="#[12c]">&gt;&gt;</a>&nbsp;&nbsp;&nbsp;Slave_Zero_Tem
<LI><a href="#[12b]">&gt;&gt;</a>&nbsp;&nbsp;&nbsp;Slave_Zero_Press
<LI><a href="#[12a]">&gt;&gt;</a>&nbsp;&nbsp;&nbsp;Slave_Zero
<LI><a href="#[120]">&gt;&gt;</a>&nbsp;&nbsp;&nbsp;Slave_ReadTPFlashData
<LI><a href="#[3a0]">&gt;&gt;</a>&nbsp;&nbsp;&nbsp;Screen_WaterPumOpenServo
<LI><a href="#[355]">&gt;&gt;</a>&nbsp;&nbsp;&nbsp;Screen_WHJZ_YQCGQXZ_Pag
<LI><a href="#[354]">&gt;&gt;</a>&nbsp;&nbsp;&nbsp;Screen_WHJZ_WHXZ_YLJZ_Pag
<LI><a href="#[356]">&gt;&gt;</a>&nbsp;&nbsp;&nbsp;Screen_WHJZ_WHXZ_WDJZ_Pag
<LI><a href="#[34e]">&gt;&gt;</a>&nbsp;&nbsp;&nbsp;Screen_WHJZ_WHXZ_STSZ_Pag
<LI><a href="#[34f]">&gt;&gt;</a>&nbsp;&nbsp;&nbsp;Screen_WHJZ_WHXZ_STSZ_CO_SO2_Pag
<LI><a href="#[352]">&gt;&gt;</a>&nbsp;&nbsp;&nbsp;Screen_WHJZ_WHXZ_NDJZ_Pag
<LI><a href="#[353]">&gt;&gt;</a>&nbsp;&nbsp;&nbsp;Screen_WHJZ_WHXZ_NDJZ_BLSZ_Pag
<LI><a href="#[351]">&gt;&gt;</a>&nbsp;&nbsp;&nbsp;Screen_WHJZ_WHXZ_MMSZ_Pag
<LI><a href="#[350]">&gt;&gt;</a>&nbsp;&nbsp;&nbsp;Screen_WHJZ_WHXZ_LLJZ_Pag
<LI><a href="#[357]">&gt;&gt;</a>&nbsp;&nbsp;&nbsp;Screen_WHJZ_WHXZ_DCBD_Pag
<LI><a href="#[359]">&gt;&gt;</a>&nbsp;&nbsp;&nbsp;Screen_WHJZ_CJWH_QTCGQPZ_Pag
<LI><a href="#[378]">&gt;&gt;</a>&nbsp;&nbsp;&nbsp;Screen_WCP_SetPag
<LI><a href="#[379]">&gt;&gt;</a>&nbsp;&nbsp;&nbsp;Screen_WCP_PressureZeroPag
<LI><a href="#[37b]">&gt;&gt;</a>&nbsp;&nbsp;&nbsp;Screen_WCP_PredictedVelocityPag
<LI><a href="#[37a]">&gt;&gt;</a>&nbsp;&nbsp;&nbsp;Screen_WCP_FumeTemperaturPag
<LI><a href="#[37c]">&gt;&gt;</a>&nbsp;&nbsp;&nbsp;Screen_WCP_CheckAveragePag
<LI><a href="#[384]">&gt;&gt;</a>&nbsp;&nbsp;&nbsp;Screen_SystemSetPag
<LI><a href="#[387]">&gt;&gt;</a>&nbsp;&nbsp;&nbsp;Screen_PowerOffPag
<LI><a href="#[389]">&gt;&gt;</a>&nbsp;&nbsp;&nbsp;Screen_MainLayer
<LI><a href="#[38a]">&gt;&gt;</a>&nbsp;&nbsp;&nbsp;Screen_KJ_MMSR_Pag
<LI><a href="#[34d]">&gt;&gt;</a>&nbsp;&nbsp;&nbsp;Screen_JZWH_WHXZ_Pag
<LI><a href="#[34c]">&gt;&gt;</a>&nbsp;&nbsp;&nbsp;Screen_JZWH_MMSR_Pag
<LI><a href="#[358]">&gt;&gt;</a>&nbsp;&nbsp;&nbsp;Screen_JZWH_CJWH_Pag
<LI><a href="#[380]">&gt;&gt;</a>&nbsp;&nbsp;&nbsp;Screen_FlueSquarePag
<LI><a href="#[382]">&gt;&gt;</a>&nbsp;&nbsp;&nbsp;Screen_FlueSeekPag
<LI><a href="#[37e]">&gt;&gt;</a>&nbsp;&nbsp;&nbsp;Screen_FluePag
<LI><a href="#[381]">&gt;&gt;</a>&nbsp;&nbsp;&nbsp;Screen_FlueOtherPag
<LI><a href="#[37f]">&gt;&gt;</a>&nbsp;&nbsp;&nbsp;Screen_FlueCircularPag
<LI><a href="#[368]">&gt;&gt;</a>&nbsp;&nbsp;&nbsp;Screen_CLYQ_YQJZ_Pag
<LI><a href="#[370]">&gt;&gt;</a>&nbsp;&nbsp;&nbsp;Screen_CLYQ_YQCX_WJGL_Pag
<LI><a href="#[36d]">&gt;&gt;</a>&nbsp;&nbsp;&nbsp;Screen_CLYQ_YQCX_Pag
<LI><a href="#[36f]">&gt;&gt;</a>&nbsp;&nbsp;&nbsp;Screen_CLYQ_YQCX_JS_YQSR_Pag
<LI><a href="#[36e]">&gt;&gt;</a>&nbsp;&nbsp;&nbsp;Screen_CLYQ_YQCX_JS_Pag
<LI><a href="#[372]">&gt;&gt;</a>&nbsp;&nbsp;&nbsp;Screen_CLYQ_YQCX_FZSJ_Pag
<LI><a href="#[371]">&gt;&gt;</a>&nbsp;&nbsp;&nbsp;Screen_CLYQ_YQCX_DYXX_Pag
<LI><a href="#[36b]">&gt;&gt;</a>&nbsp;&nbsp;&nbsp;Screen_CLYQ_YQAX_Pag
<LI><a href="#[367]">&gt;&gt;</a>&nbsp;&nbsp;&nbsp;Screen_CLYQ_SetPag
<LI><a href="#[369]">&gt;&gt;</a>&nbsp;&nbsp;&nbsp;Screen_CLYQ_KSJC_Pag
<LI><a href="#[36c]">&gt;&gt;</a>&nbsp;&nbsp;&nbsp;Screen_CLYQ_JIPINGJUN_Pag
<LI><a href="#[36a]">&gt;&gt;</a>&nbsp;&nbsp;&nbsp;Screen_CLYQ_CLJS_Pag
<LI><a href="#[376]">&gt;&gt;</a>&nbsp;&nbsp;&nbsp;Screen_CHSL_ZRF_Pag
<LI><a href="#[374]">&gt;&gt;</a>&nbsp;&nbsp;&nbsp;Screen_CHSL_SetPag
<LI><a href="#[375]">&gt;&gt;</a>&nbsp;&nbsp;&nbsp;Screen_CHSL_GSQF_Pag
<LI><a href="#[386]">&gt;&gt;</a>&nbsp;&nbsp;&nbsp;Screen_AutoCheck
<LI><a href="#[39d]">&gt;&gt;</a>&nbsp;&nbsp;&nbsp;GetFlaotdataFormFlash2Word
<LI><a href="#[3a2]">&gt;&gt;</a>&nbsp;&nbsp;&nbsp;Screen_SavePowerDownMsg
<LI><a href="#[39c]">&gt;&gt;</a>&nbsp;&nbsp;&nbsp;Screen_ShowDynamicData
<LI><a href="#[394]">&gt;&gt;</a>&nbsp;&nbsp;&nbsp;Screen_DealWihtReceiveData
<LI><a href="#[385]">&gt;&gt;</a>&nbsp;&nbsp;&nbsp;Screen_MainPage
<LI><a href="#[430]">&gt;&gt;</a>&nbsp;&nbsp;&nbsp;SquareCalculationMeasurePoint
<LI><a href="#[42e]">&gt;&gt;</a>&nbsp;&nbsp;&nbsp;TemperatureCaribration
<LI><a href="#[421]">&gt;&gt;</a>&nbsp;&nbsp;&nbsp;SaveGas_Z_J_F_RecordData
<LI><a href="#[420]">&gt;&gt;</a>&nbsp;&nbsp;&nbsp;SaveGasAverageRecordData
<LI><a href="#[41a]">&gt;&gt;</a>&nbsp;&nbsp;&nbsp;SaveFlueData
<LI><a href="#[426]">&gt;&gt;</a>&nbsp;&nbsp;&nbsp;SaveDustDataLoad
<LI><a href="#[41e]">&gt;&gt;</a>&nbsp;&nbsp;&nbsp;PrintCurTest
<LI><a href="#[42f]">&gt;&gt;</a>&nbsp;&nbsp;&nbsp;GetKjMm
<LI><a href="#[428]">&gt;&gt;</a>&nbsp;&nbsp;&nbsp;GetDustJS_INpuData
<LI><a href="#[41b]">&gt;&gt;</a>&nbsp;&nbsp;&nbsp;ApplicationFlueFileData
<LI><a href="#[40f]">&gt;&gt;</a>&nbsp;&nbsp;&nbsp;SoftKeyboardConfirmEnter
<LI><a href="#[40e]">&gt;&gt;</a>&nbsp;&nbsp;&nbsp;DisQTND
<LI><a href="#[40d]">&gt;&gt;</a>&nbsp;&nbsp;&nbsp;GetFlueArea
<LI><a href="#[40c]">&gt;&gt;</a>&nbsp;&nbsp;&nbsp;Set_SysCheckBox
<LI><a href="#[40b]">&gt;&gt;</a>&nbsp;&nbsp;&nbsp;ScreenTextTwinkle
<LI><a href="#[409]">&gt;&gt;</a>&nbsp;&nbsp;&nbsp;ScreenConfirmEnter
<LI><a href="#[402]">&gt;&gt;</a>&nbsp;&nbsp;&nbsp;SaveU32ToFlash
<LI><a href="#[3e2]">&gt;&gt;</a>&nbsp;&nbsp;&nbsp;YC_SampleControl
<LI><a href="#[3bd]">&gt;&gt;</a>&nbsp;&nbsp;&nbsp;SquareCalculationMeasurePointN
<LI><a href="#[3b0]">&gt;&gt;</a>&nbsp;&nbsp;&nbsp;ScreenSetJitu
<LI><a href="#[3bc]">&gt;&gt;</a>&nbsp;&nbsp;&nbsp;SaveU16ToFlash
<LI><a href="#[3d0]">&gt;&gt;</a>&nbsp;&nbsp;&nbsp;SaveGasDataLoad
<LI><a href="#[3b5]">&gt;&gt;</a>&nbsp;&nbsp;&nbsp;SaveFlaotToFlash
<LI><a href="#[3c5]">&gt;&gt;</a>&nbsp;&nbsp;&nbsp;ReadWorkData
<LI><a href="#[3e8]">&gt;&gt;</a>&nbsp;&nbsp;&nbsp;ReadLampBlackFirstData
<LI><a href="#[3d4]">&gt;&gt;</a>&nbsp;&nbsp;&nbsp;ReadGasFirstData
<LI><a href="#[3b8]">&gt;&gt;</a>&nbsp;&nbsp;&nbsp;ReadFlueData
<LI><a href="#[3e7]">&gt;&gt;</a>&nbsp;&nbsp;&nbsp;ReadDustFirstData
<LI><a href="#[3e6]">&gt;&gt;</a>&nbsp;&nbsp;&nbsp;ReadDustData
<LI><a href="#[3c3]">&gt;&gt;</a>&nbsp;&nbsp;&nbsp;GetYDBD_Describe
<LI><a href="#[3ad]">&gt;&gt;</a>&nbsp;&nbsp;&nbsp;GetU32dataFormFlash2Word
<LI><a href="#[3d5]">&gt;&gt;</a>&nbsp;&nbsp;&nbsp;GetGasSecondData
<LI><a href="#[3d8]">&gt;&gt;</a>&nbsp;&nbsp;&nbsp;GetGasLongDuData
<LI><a href="#[3dd]">&gt;&gt;</a>&nbsp;&nbsp;&nbsp;GetGasFileRecodData
<LI><a href="#[3e9]">&gt;&gt;</a>&nbsp;&nbsp;&nbsp;GetDustSecondData
<LI><a href="#[3b6]">&gt;&gt;</a>&nbsp;&nbsp;&nbsp;CalculationCircularMeasurePoint
<LI><a href="#[3e4]">&gt;&gt;</a>&nbsp;&nbsp;&nbsp;Button_YCCY_YCFDX_Pag
<LI><a href="#[3ec]">&gt;&gt;</a>&nbsp;&nbsp;&nbsp;Button_YCCY_YCCX_WJGL_Pag
<LI><a href="#[3e5]">&gt;&gt;</a>&nbsp;&nbsp;&nbsp;Button_YCCY_YCCX_Pag
<LI><a href="#[3eb]">&gt;&gt;</a>&nbsp;&nbsp;&nbsp;Button_YCCY_YCCX_JS_YY_Pag
<LI><a href="#[3ea]">&gt;&gt;</a>&nbsp;&nbsp;&nbsp;Button_YCCY_YCCX_JS_YC_Pag
<LI><a href="#[3ed]">&gt;&gt;</a>&nbsp;&nbsp;&nbsp;Button_YCCY_YCCX_DYXX_Pag
<LI><a href="#[3e0]">&gt;&gt;</a>&nbsp;&nbsp;&nbsp;Button_YCCY_QMJC_Pag
<LI><a href="#[3e1]">&gt;&gt;</a>&nbsp;&nbsp;&nbsp;Button_YCCY_KSCL_Pag
<LI><a href="#[3de]">&gt;&gt;</a>&nbsp;&nbsp;&nbsp;Button_YCCY_CYSZ_Pag
<LI><a href="#[3e3]">&gt;&gt;</a>&nbsp;&nbsp;&nbsp;Button_YCCY_CLJS_Pag
<LI><a href="#[3fb]">&gt;&gt;</a>&nbsp;&nbsp;&nbsp;Button_WHJZ_YQCGQXZ_Pag
<LI><a href="#[3fa]">&gt;&gt;</a>&nbsp;&nbsp;&nbsp;Button_WHJZ_WHXZ_YLJZ_Pag
<LI><a href="#[3f0]">&gt;&gt;</a>&nbsp;&nbsp;&nbsp;Button_WHJZ_WHXZ_STSZ_Pag
<LI><a href="#[3f1]">&gt;&gt;</a>&nbsp;&nbsp;&nbsp;Button_WHJZ_WHXZ_STSZ_CO_SO2_Pag
<LI><a href="#[3ef]">&gt;&gt;</a>&nbsp;&nbsp;&nbsp;Button_WHJZ_WHXZ_Pag
<LI><a href="#[3f8]">&gt;&gt;</a>&nbsp;&nbsp;&nbsp;Button_WHJZ_WHXZ_NDJZ_Pag
<LI><a href="#[3f9]">&gt;&gt;</a>&nbsp;&nbsp;&nbsp;Button_WHJZ_WHXZ_NDJZ_BLSZ_Pag
<LI><a href="#[3f5]">&gt;&gt;</a>&nbsp;&nbsp;&nbsp;Button_WHJZ_WHXZ_MMSZ_Pag
<LI><a href="#[3f2]">&gt;&gt;</a>&nbsp;&nbsp;&nbsp;Button_WHJZ_WHXZ_LLJZ_Pag
<LI><a href="#[3fc]">&gt;&gt;</a>&nbsp;&nbsp;&nbsp;Button_WHJZ_WDJZ_Pag
<LI><a href="#[3ee]">&gt;&gt;</a>&nbsp;&nbsp;&nbsp;Button_WHJZ_MMSR_Pag
<LI><a href="#[3fd]">&gt;&gt;</a>&nbsp;&nbsp;&nbsp;Button_WHJZ_DCBD_Pag
<LI><a href="#[3ff]">&gt;&gt;</a>&nbsp;&nbsp;&nbsp;Button_WHJZ_CJWH_QTCGQXZ_Pag
<LI><a href="#[3fe]">&gt;&gt;</a>&nbsp;&nbsp;&nbsp;Button_WHJZ_CJWH_Pag
<LI><a href="#[3be]">&gt;&gt;</a>&nbsp;&nbsp;&nbsp;Button_WCP_SetPag
<LI><a href="#[3bf]">&gt;&gt;</a>&nbsp;&nbsp;&nbsp;Button_WCP_PressureZeroPag
<LI><a href="#[3c2]">&gt;&gt;</a>&nbsp;&nbsp;&nbsp;Button_WCP_PredictedVelocityPag
<LI><a href="#[3c0]">&gt;&gt;</a>&nbsp;&nbsp;&nbsp;Button_WCP_FumeTemperaturPag
<LI><a href="#[3c4]">&gt;&gt;</a>&nbsp;&nbsp;&nbsp;Button_WCP_CheckAveragePag
<LI><a href="#[3af]">&gt;&gt;</a>&nbsp;&nbsp;&nbsp;Button_SysSetPage
<LI><a href="#[400]">&gt;&gt;</a>&nbsp;&nbsp;&nbsp;Button_KJ_MMSR_Pag
<LI><a href="#[3ba]">&gt;&gt;</a>&nbsp;&nbsp;&nbsp;Button_FlueSquarePage
<LI><a href="#[3b2]">&gt;&gt;</a>&nbsp;&nbsp;&nbsp;Button_FlueSetPage
<LI><a href="#[3b7]">&gt;&gt;</a>&nbsp;&nbsp;&nbsp;Button_FlueSeekPage
<LI><a href="#[3b9]">&gt;&gt;</a>&nbsp;&nbsp;&nbsp;Button_FlueOtherPage
<LI><a href="#[3b4]">&gt;&gt;</a>&nbsp;&nbsp;&nbsp;Button_FlueCircularPage
<LI><a href="#[3d2]">&gt;&gt;</a>&nbsp;&nbsp;&nbsp;Button_CLYQ_YQQX_Pag
<LI><a href="#[3cd]">&gt;&gt;</a>&nbsp;&nbsp;&nbsp;Button_CLYQ_YQJZ_Pag
<LI><a href="#[3d9]">&gt;&gt;</a>&nbsp;&nbsp;&nbsp;Button_CLYQ_YQCX_WJGL_Pag
<LI><a href="#[3d3]">&gt;&gt;</a>&nbsp;&nbsp;&nbsp;Button_CLYQ_YQCX_Pag
<LI><a href="#[3d7]">&gt;&gt;</a>&nbsp;&nbsp;&nbsp;Button_CLYQ_YQCX_JS_YQSR_Pag
<LI><a href="#[3d6]">&gt;&gt;</a>&nbsp;&nbsp;&nbsp;Button_CLYQ_YQCX_JS_Pag
<LI><a href="#[3dc]">&gt;&gt;</a>&nbsp;&nbsp;&nbsp;Button_CLYQ_YQCX_FZSJ_Pag
<LI><a href="#[3db]">&gt;&gt;</a>&nbsp;&nbsp;&nbsp;Button_CLYQ_YQCX_DYXX_Pag
<LI><a href="#[3cc]">&gt;&gt;</a>&nbsp;&nbsp;&nbsp;Button_CLYQ_SetPag
<LI><a href="#[3cf]">&gt;&gt;</a>&nbsp;&nbsp;&nbsp;Button_CLYQ_KSCL_Pag
<LI><a href="#[3ce]">&gt;&gt;</a>&nbsp;&nbsp;&nbsp;Button_CLYQ_JIPINGJUN_Pag
<LI><a href="#[3d1]">&gt;&gt;</a>&nbsp;&nbsp;&nbsp;Button_CLYQ_CLJS_Pag
<LI><a href="#[3c9]">&gt;&gt;</a>&nbsp;&nbsp;&nbsp;Button_CHSL_ZRF_Pag
<LI><a href="#[3c6]">&gt;&gt;</a>&nbsp;&nbsp;&nbsp;Button_CHSL_SetPag
<LI><a href="#[3cb]">&gt;&gt;</a>&nbsp;&nbsp;&nbsp;Button_CHSL_HSLCX_Pag
<LI><a href="#[3c7]">&gt;&gt;</a>&nbsp;&nbsp;&nbsp;Button_CHSL_GSQF_Pag
<LI><a href="#[3ac]">&gt;&gt;</a>&nbsp;&nbsp;&nbsp;Buttom_PowerOffPage
<LI><a href="#[3ca]">&gt;&gt;</a>&nbsp;&nbsp;&nbsp;Screen_CHSL_HSLCX_Pag
<LI><a href="#[365]">&gt;&gt;</a>&nbsp;&nbsp;&nbsp;Screen_YCCY_YCFDX_Pag
<LI><a href="#[35d]">&gt;&gt;</a>&nbsp;&nbsp;&nbsp;Screen_YCCY_YCCX_WJGL_Pag
<LI><a href="#[35b]">&gt;&gt;</a>&nbsp;&nbsp;&nbsp;Screen_YCCY_YCCX_Pag
<LI><a href="#[35f]">&gt;&gt;</a>&nbsp;&nbsp;&nbsp;Screen_YCCY_YCCX_JS_YY_Pag
<LI><a href="#[35c]">&gt;&gt;</a>&nbsp;&nbsp;&nbsp;Screen_YCCY_YCCX_JS_YC_Pag
<LI><a href="#[35e]">&gt;&gt;</a>&nbsp;&nbsp;&nbsp;Screen_YCCY_YCCX_DYXX_Pag
<LI><a href="#[362]">&gt;&gt;</a>&nbsp;&nbsp;&nbsp;Screen_YCCY_QMJC_Pag
<LI><a href="#[363]">&gt;&gt;</a>&nbsp;&nbsp;&nbsp;Screen_YCCY_KSJC_Pag
<LI><a href="#[361]">&gt;&gt;</a>&nbsp;&nbsp;&nbsp;Screen_YCCY_CYSZ_Pag
<LI><a href="#[364]">&gt;&gt;</a>&nbsp;&nbsp;&nbsp;Screen_YCCY_CLJS_Pag
<LI><a href="#[398]">&gt;&gt;</a>&nbsp;&nbsp;&nbsp;Screen_WaterPumServo
</UL>

<P><STRONG><a name="[100]"></a>Flashisp_Restore</STRONG> (Thumb, 56 bytes, Stack size 24 bytes, flashisp.o(.text))
<BR><BR>[Stack]<UL><LI>Max Depth = 72<LI>Call Chain = Flashisp_Restore &rArr; Slave_ReadFlashData &rArr; Slave_ReadFlashZOData &rArr; Slave_ReadTPFlashData
</UL>
<BR>[Calls]<UL><LI><a href="#[101]">&gt;&gt;</a>&nbsp;&nbsp;&nbsp;Slave_ReadFlashData
</UL>
<BR>[Called By]<UL><LI><a href="#[ef]">&gt;&gt;</a>&nbsp;&nbsp;&nbsp;Flashisp_DebugASCII
<LI><a href="#[3f0]">&gt;&gt;</a>&nbsp;&nbsp;&nbsp;Button_WHJZ_WHXZ_STSZ_Pag
</UL>

<P><STRONG><a name="[104]"></a>STMFLASH_GetFlashSector</STRONG> (Thumb, 116 bytes, Stack size 0 bytes, flashisp.o(.text))
<BR><BR>[Called By]<UL><LI><a href="#[cf]">&gt;&gt;</a>&nbsp;&nbsp;&nbsp;Flashisp_StoreData
</UL>

<P><STRONG><a name="[cf]"></a>Flashisp_StoreData</STRONG> (Thumb, 76 bytes, Stack size 16 bytes, flashisp.o(.text))
<BR><BR>[Stack]<UL><LI>Max Depth = 40<LI>Call Chain = Flashisp_StoreData &rArr; FLASH_EraseSector &rArr; FLASH_WaitForLastOperation
</UL>
<BR>[Calls]<UL><LI><a href="#[102]">&gt;&gt;</a>&nbsp;&nbsp;&nbsp;FLASH_Unlock
<LI><a href="#[106]">&gt;&gt;</a>&nbsp;&nbsp;&nbsp;FLASH_ProgramHalfWord
<LI><a href="#[107]">&gt;&gt;</a>&nbsp;&nbsp;&nbsp;FLASH_Lock
<LI><a href="#[105]">&gt;&gt;</a>&nbsp;&nbsp;&nbsp;FLASH_EraseSector
<LI><a href="#[103]">&gt;&gt;</a>&nbsp;&nbsp;&nbsp;FLASH_DataCacheCmd
<LI><a href="#[104]">&gt;&gt;</a>&nbsp;&nbsp;&nbsp;STMFLASH_GetFlashSector
</UL>
<BR>[Called By]<UL><LI><a href="#[cd]">&gt;&gt;</a>&nbsp;&nbsp;&nbsp;Project_DebugASCII
</UL>

<P><STRONG><a name="[ef]"></a>Flashisp_DebugASCII</STRONG> (Thumb, 700 bytes, Stack size 96 bytes, flashisp.o(.text))
<BR><BR>[Stack]<UL><LI>Max Depth = 252<LI>Call Chain = Flashisp_DebugASCII &rArr; Flashisp_FactoryReset &rArr; FM24CL64_WriteData &rArr; IIC_Wait_Ack &rArr; IIC_Stop &rArr; SDA_OUT &rArr; GPIO_Init
</UL>
<BR>[Calls]<UL><LI><a href="#[109]">&gt;&gt;</a>&nbsp;&nbsp;&nbsp;__aeabi_f2d
<LI><a href="#[100]">&gt;&gt;</a>&nbsp;&nbsp;&nbsp;Flashisp_Restore
<LI><a href="#[108]">&gt;&gt;</a>&nbsp;&nbsp;&nbsp;Flashisp_GetData
<LI><a href="#[fd]">&gt;&gt;</a>&nbsp;&nbsp;&nbsp;Flashisp_FactoryReset
<LI><a href="#[fe]">&gt;&gt;</a>&nbsp;&nbsp;&nbsp;Flashisp_Backup
<LI><a href="#[ce]">&gt;&gt;</a>&nbsp;&nbsp;&nbsp;Calculate_CharToU16
<LI><a href="#[10b]">&gt;&gt;</a>&nbsp;&nbsp;&nbsp;__aeabi_memcpy4
<LI><a href="#[10a]">&gt;&gt;</a>&nbsp;&nbsp;&nbsp;localtime
<LI><a href="#[9b]">&gt;&gt;</a>&nbsp;&nbsp;&nbsp;__2printf
</UL>
<BR>[Called By]<UL><LI><a href="#[de]">&gt;&gt;</a>&nbsp;&nbsp;&nbsp;ASCII_CommunicateReceive
</UL>

<P><STRONG><a name="[10d]"></a>Slave_MotorPidPara</STRONG> (Thumb, 354 bytes, Stack size 0 bytes, slave.o(.text))
<BR><BR>[Called By]<UL><LI><a href="#[10c]">&gt;&gt;</a>&nbsp;&nbsp;&nbsp;Slave_MotorRun
</UL>

<P><STRONG><a name="[10c]"></a>Slave_MotorRun</STRONG> (Thumb, 214 bytes, Stack size 16 bytes, slave.o(.text))
<BR><BR>[Stack]<UL><LI>Max Depth = 16<LI>Call Chain = Slave_MotorRun
</UL>
<BR>[Calls]<UL><LI><a href="#[10d]">&gt;&gt;</a>&nbsp;&nbsp;&nbsp;Slave_MotorPidPara
<LI><a href="#[10e]">&gt;&gt;</a>&nbsp;&nbsp;&nbsp;Pid_Calculate
</UL>
<BR>[Called By]<UL><LI><a href="#[89]">&gt;&gt;</a>&nbsp;&nbsp;&nbsp;Slave_Main
</UL>

<P><STRONG><a name="[10f]"></a>Slave_DataMaping</STRONG> (Thumb, 224 bytes, Stack size 32 bytes, slave.o(.text))
<BR><BR>[Stack]<UL><LI>Max Depth = 40<LI>Call Chain = Slave_DataMaping &rArr; __hardfp_fabs
</UL>
<BR>[Calls]<UL><LI><a href="#[109]">&gt;&gt;</a>&nbsp;&nbsp;&nbsp;__aeabi_f2d
<LI><a href="#[111]">&gt;&gt;</a>&nbsp;&nbsp;&nbsp;__aeabi_cdcmple
<LI><a href="#[110]">&gt;&gt;</a>&nbsp;&nbsp;&nbsp;__hardfp_fabs
</UL>
<BR>[Called By]<UL><LI><a href="#[112]">&gt;&gt;</a>&nbsp;&nbsp;&nbsp;Slave_GetSensorData
</UL>

<P><STRONG><a name="[112]"></a>Slave_GetSensorData</STRONG> (Thumb, 454 bytes, Stack size 16 bytes, slave.o(.text))
<BR><BR>[Stack]<UL><LI>Max Depth = 424<LI>Call Chain = Slave_GetSensorData &rArr; CalculationFormula_All &rArr; CalculationFormula_LoadfromSlave &rArr; CalculationFormula_Ps &rArr; __hardfp_pow &rArr; __kernel_poly &rArr; __aeabi_dmul &rArr; _double_epilogue &rArr; _double_round
</UL>
<BR>[Calls]<UL><LI><a href="#[10f]">&gt;&gt;</a>&nbsp;&nbsp;&nbsp;Slave_DataMaping
<LI><a href="#[114]">&gt;&gt;</a>&nbsp;&nbsp;&nbsp;Flux_CalculateFlux
<LI><a href="#[115]">&gt;&gt;</a>&nbsp;&nbsp;&nbsp;CalculationGas
<LI><a href="#[116]">&gt;&gt;</a>&nbsp;&nbsp;&nbsp;CalculationFormula_All
<LI><a href="#[113]">&gt;&gt;</a>&nbsp;&nbsp;&nbsp;CalcAdcToTemperature
</UL>
<BR>[Called By]<UL><LI><a href="#[89]">&gt;&gt;</a>&nbsp;&nbsp;&nbsp;Slave_Main
</UL>

<P><STRONG><a name="[119]"></a>Slave_DataFilter</STRONG> (Thumb, 158 bytes, Stack size 0 bytes, slave.o(.text))
<BR><BR>[Called By]<UL><LI><a href="#[117]">&gt;&gt;</a>&nbsp;&nbsp;&nbsp;Slave_DataDealWith
</UL>

<P><STRONG><a name="[118]"></a>Slave_DataMiddleFilter</STRONG> (Thumb, 388 bytes, Stack size 20 bytes, slave.o(.text))
<BR><BR>[Stack]<UL><LI>Max Depth = 20<LI>Call Chain = Slave_DataMiddleFilter
</UL>
<BR>[Called By]<UL><LI><a href="#[117]">&gt;&gt;</a>&nbsp;&nbsp;&nbsp;Slave_DataDealWith
</UL>

<P><STRONG><a name="[117]"></a>Slave_DataDealWith</STRONG> (Thumb, 72 bytes, Stack size 12 bytes, slave.o(.text))
<BR><BR>[Stack]<UL><LI>Max Depth = 32<LI>Call Chain = Slave_DataDealWith &rArr; Slave_DataMiddleFilter
</UL>
<BR>[Calls]<UL><LI><a href="#[118]">&gt;&gt;</a>&nbsp;&nbsp;&nbsp;Slave_DataMiddleFilter
<LI><a href="#[119]">&gt;&gt;</a>&nbsp;&nbsp;&nbsp;Slave_DataFilter
</UL>
<BR>[Called By]<UL><LI><a href="#[11a]">&gt;&gt;</a>&nbsp;&nbsp;&nbsp;Slave_CommReceiveData
</UL>

<P><STRONG><a name="[11a]"></a>Slave_CommReceiveData</STRONG> (Thumb, 462 bytes, Stack size 24 bytes, slave.o(.text))
<BR><BR>[Stack]<UL><LI>Max Depth = 60<LI>Call Chain = Slave_CommReceiveData &rArr; AnalysisCRC &rArr; CRC16
</UL>
<BR>[Calls]<UL><LI><a href="#[117]">&gt;&gt;</a>&nbsp;&nbsp;&nbsp;Slave_DataDealWith
<LI><a href="#[11b]">&gt;&gt;</a>&nbsp;&nbsp;&nbsp;AnalysisCRC
</UL>
<BR>[Called By]<UL><LI><a href="#[11e]">&gt;&gt;</a>&nbsp;&nbsp;&nbsp;Slave_Communicate
</UL>

<P><STRONG><a name="[11c]"></a>Slave_CommSendData</STRONG> (Thumb, 366 bytes, Stack size 48 bytes, slave.o(.text))
<BR><BR>[Stack]<UL><LI>Max Depth = 84<LI>Call Chain = Slave_CommSendData &rArr; USARTx_StoreBufferData &rArr; USART_ITConfig
</UL>
<BR>[Calls]<UL><LI><a href="#[ea]">&gt;&gt;</a>&nbsp;&nbsp;&nbsp;USARTx_StoreBufferData
<LI><a href="#[e2]">&gt;&gt;</a>&nbsp;&nbsp;&nbsp;Get_USART2Buffer
<LI><a href="#[11d]">&gt;&gt;</a>&nbsp;&nbsp;&nbsp;CRC16
</UL>
<BR>[Called By]<UL><LI><a href="#[11e]">&gt;&gt;</a>&nbsp;&nbsp;&nbsp;Slave_Communicate
</UL>

<P><STRONG><a name="[11e]"></a>Slave_Communicate</STRONG> (Thumb, 276 bytes, Stack size 8 bytes, slave.o(.text))
<BR><BR>[Stack]<UL><LI>Max Depth = 92<LI>Call Chain = Slave_Communicate &rArr; Slave_CommSendData &rArr; USARTx_StoreBufferData &rArr; USART_ITConfig
</UL>
<BR>[Calls]<UL><LI><a href="#[e2]">&gt;&gt;</a>&nbsp;&nbsp;&nbsp;Get_USART2Buffer
<LI><a href="#[11c]">&gt;&gt;</a>&nbsp;&nbsp;&nbsp;Slave_CommSendData
<LI><a href="#[11a]">&gt;&gt;</a>&nbsp;&nbsp;&nbsp;Slave_CommReceiveData
</UL>
<BR>[Called By]<UL><LI><a href="#[89]">&gt;&gt;</a>&nbsp;&nbsp;&nbsp;Slave_Main
</UL>

<P><STRONG><a name="[89]"></a>Slave_Main</STRONG> (Thumb, 66 bytes, Stack size 16 bytes, slave.o(.text))
<BR><BR>[Stack]<UL><LI>Max Depth = 440<LI>Call Chain = Slave_Main &rArr; Slave_GetSensorData &rArr; CalculationFormula_All &rArr; CalculationFormula_LoadfromSlave &rArr; CalculationFormula_Ps &rArr; __hardfp_pow &rArr; __kernel_poly &rArr; __aeabi_dmul &rArr; _double_epilogue &rArr; _double_round
</UL>
<BR>[Calls]<UL><LI><a href="#[112]">&gt;&gt;</a>&nbsp;&nbsp;&nbsp;Slave_GetSensorData
<LI><a href="#[10c]">&gt;&gt;</a>&nbsp;&nbsp;&nbsp;Slave_MotorRun
<LI><a href="#[11f]">&gt;&gt;</a>&nbsp;&nbsp;&nbsp;Flux_GetData
<LI><a href="#[11e]">&gt;&gt;</a>&nbsp;&nbsp;&nbsp;Slave_Communicate
</UL>
<BR>[Called By]<UL><LI><a href="#[82]">&gt;&gt;</a>&nbsp;&nbsp;&nbsp;Mian_loop
</UL>

<P><STRONG><a name="[129]"></a>Slave_MotorPidDataInit</STRONG> (Thumb, 250 bytes, Stack size 0 bytes, slave.o(.text))
<BR><BR>[Called By]<UL><LI><a href="#[a7]">&gt;&gt;</a>&nbsp;&nbsp;&nbsp;Slave_Init
</UL>

<P><STRONG><a name="[128]"></a>Slave_MotorInit</STRONG> (Thumb, 10 bytes, Stack size 0 bytes, slave.o(.text))
<BR><BR>[Called By]<UL><LI><a href="#[a7]">&gt;&gt;</a>&nbsp;&nbsp;&nbsp;Slave_Init
</UL>

<P><STRONG><a name="[120]"></a>Slave_ReadTPFlashData</STRONG> (Thumb, 34 bytes, Stack size 16 bytes, slave.o(.text))
<BR><BR>[Stack]<UL><LI>Max Depth = 16<LI>Call Chain = Slave_ReadTPFlashData
</UL>
<BR>[Calls]<UL><LI><a href="#[108]">&gt;&gt;</a>&nbsp;&nbsp;&nbsp;Flashisp_GetData
</UL>
<BR>[Called By]<UL><LI><a href="#[124]">&gt;&gt;</a>&nbsp;&nbsp;&nbsp;Slave_ReadFlashZOData
<LI><a href="#[123]">&gt;&gt;</a>&nbsp;&nbsp;&nbsp;Slave_ReadFlashBLData
<LI><a href="#[122]">&gt;&gt;</a>&nbsp;&nbsp;&nbsp;Slave_ReadFlashBLDatak1
<LI><a href="#[121]">&gt;&gt;</a>&nbsp;&nbsp;&nbsp;Slave_ReadFlashBLDatak2
</UL>

<P><STRONG><a name="[121]"></a>Slave_ReadFlashBLDatak2</STRONG> (Thumb, 18 bytes, Stack size 16 bytes, slave.o(.text))
<BR><BR>[Stack]<UL><LI>Max Depth = 32<LI>Call Chain = Slave_ReadFlashBLDatak2 &rArr; Slave_ReadTPFlashData
</UL>
<BR>[Calls]<UL><LI><a href="#[120]">&gt;&gt;</a>&nbsp;&nbsp;&nbsp;Slave_ReadTPFlashData
</UL>
<BR>[Called By]<UL><LI><a href="#[101]">&gt;&gt;</a>&nbsp;&nbsp;&nbsp;Slave_ReadFlashData
</UL>

<P><STRONG><a name="[122]"></a>Slave_ReadFlashBLDatak1</STRONG> (Thumb, 18 bytes, Stack size 16 bytes, slave.o(.text))
<BR><BR>[Stack]<UL><LI>Max Depth = 32<LI>Call Chain = Slave_ReadFlashBLDatak1 &rArr; Slave_ReadTPFlashData
</UL>
<BR>[Calls]<UL><LI><a href="#[120]">&gt;&gt;</a>&nbsp;&nbsp;&nbsp;Slave_ReadTPFlashData
</UL>
<BR>[Called By]<UL><LI><a href="#[101]">&gt;&gt;</a>&nbsp;&nbsp;&nbsp;Slave_ReadFlashData
</UL>

<P><STRONG><a name="[123]"></a>Slave_ReadFlashBLData</STRONG> (Thumb, 18 bytes, Stack size 16 bytes, slave.o(.text))
<BR><BR>[Stack]<UL><LI>Max Depth = 32<LI>Call Chain = Slave_ReadFlashBLData &rArr; Slave_ReadTPFlashData
</UL>
<BR>[Calls]<UL><LI><a href="#[120]">&gt;&gt;</a>&nbsp;&nbsp;&nbsp;Slave_ReadTPFlashData
</UL>
<BR>[Called By]<UL><LI><a href="#[101]">&gt;&gt;</a>&nbsp;&nbsp;&nbsp;Slave_ReadFlashData
<LI><a href="#[42e]">&gt;&gt;</a>&nbsp;&nbsp;&nbsp;TemperatureCaribration
<LI><a href="#[3fc]">&gt;&gt;</a>&nbsp;&nbsp;&nbsp;Button_WHJZ_WDJZ_Pag
</UL>

<P><STRONG><a name="[124]"></a>Slave_ReadFlashZOData</STRONG> (Thumb, 34 bytes, Stack size 24 bytes, slave.o(.text))
<BR><BR>[Stack]<UL><LI>Max Depth = 40<LI>Call Chain = Slave_ReadFlashZOData &rArr; Slave_ReadTPFlashData
</UL>
<BR>[Calls]<UL><LI><a href="#[120]">&gt;&gt;</a>&nbsp;&nbsp;&nbsp;Slave_ReadTPFlashData
</UL>
<BR>[Called By]<UL><LI><a href="#[101]">&gt;&gt;</a>&nbsp;&nbsp;&nbsp;Slave_ReadFlashData
<LI><a href="#[42e]">&gt;&gt;</a>&nbsp;&nbsp;&nbsp;TemperatureCaribration
<LI><a href="#[3fa]">&gt;&gt;</a>&nbsp;&nbsp;&nbsp;Button_WHJZ_WHXZ_YLJZ_Pag
<LI><a href="#[3f8]">&gt;&gt;</a>&nbsp;&nbsp;&nbsp;Button_WHJZ_WHXZ_NDJZ_Pag
<LI><a href="#[3fc]">&gt;&gt;</a>&nbsp;&nbsp;&nbsp;Button_WHJZ_WDJZ_Pag
</UL>

<P><STRONG><a name="[101]"></a>Slave_ReadFlashData</STRONG> (Thumb, 508 bytes, Stack size 8 bytes, slave.o(.text))
<BR><BR>[Stack]<UL><LI>Max Depth = 48<LI>Call Chain = Slave_ReadFlashData &rArr; Slave_ReadFlashZOData &rArr; Slave_ReadTPFlashData
</UL>
<BR>[Calls]<UL><LI><a href="#[124]">&gt;&gt;</a>&nbsp;&nbsp;&nbsp;Slave_ReadFlashZOData
<LI><a href="#[123]">&gt;&gt;</a>&nbsp;&nbsp;&nbsp;Slave_ReadFlashBLData
<LI><a href="#[122]">&gt;&gt;</a>&nbsp;&nbsp;&nbsp;Slave_ReadFlashBLDatak1
<LI><a href="#[121]">&gt;&gt;</a>&nbsp;&nbsp;&nbsp;Slave_ReadFlashBLDatak2
</UL>
<BR>[Called By]<UL><LI><a href="#[100]">&gt;&gt;</a>&nbsp;&nbsp;&nbsp;Flashisp_Restore
<LI><a href="#[a7]">&gt;&gt;</a>&nbsp;&nbsp;&nbsp;Slave_Init
<LI><a href="#[3f9]">&gt;&gt;</a>&nbsp;&nbsp;&nbsp;Button_WHJZ_WHXZ_NDJZ_BLSZ_Pag
</UL>

<P><STRONG><a name="[127]"></a>Slave_InitActualData</STRONG> (Thumb, 68 bytes, Stack size 0 bytes, slave.o(.text))
<BR><BR>[Called By]<UL><LI><a href="#[a7]">&gt;&gt;</a>&nbsp;&nbsp;&nbsp;Slave_Init
</UL>

<P><STRONG><a name="[126]"></a>Slave_InitRawData</STRONG> (Thumb, 112 bytes, Stack size 0 bytes, slave.o(.text))
<BR><BR>[Called By]<UL><LI><a href="#[a7]">&gt;&gt;</a>&nbsp;&nbsp;&nbsp;Slave_Init
</UL>

<P><STRONG><a name="[125]"></a>Slave_InitComm</STRONG> (Thumb, 14 bytes, Stack size 0 bytes, slave.o(.text))
<BR><BR>[Called By]<UL><LI><a href="#[a7]">&gt;&gt;</a>&nbsp;&nbsp;&nbsp;Slave_Init
</UL>

<P><STRONG><a name="[a7]"></a>Slave_Init</STRONG> (Thumb, 354 bytes, Stack size 8 bytes, slave.o(.text))
<BR><BR>[Stack]<UL><LI>Max Depth = 56<LI>Call Chain = Slave_Init &rArr; Slave_ReadFlashData &rArr; Slave_ReadFlashZOData &rArr; Slave_ReadTPFlashData
</UL>
<BR>[Calls]<UL><LI><a href="#[101]">&gt;&gt;</a>&nbsp;&nbsp;&nbsp;Slave_ReadFlashData
<LI><a href="#[125]">&gt;&gt;</a>&nbsp;&nbsp;&nbsp;Slave_InitComm
<LI><a href="#[126]">&gt;&gt;</a>&nbsp;&nbsp;&nbsp;Slave_InitRawData
<LI><a href="#[127]">&gt;&gt;</a>&nbsp;&nbsp;&nbsp;Slave_InitActualData
<LI><a href="#[128]">&gt;&gt;</a>&nbsp;&nbsp;&nbsp;Slave_MotorInit
<LI><a href="#[129]">&gt;&gt;</a>&nbsp;&nbsp;&nbsp;Slave_MotorPidDataInit
</UL>
<BR>[Called By]<UL><LI><a href="#[95]">&gt;&gt;</a>&nbsp;&nbsp;&nbsp;Project_Init
</UL>

<P><STRONG><a name="[b6]"></a>Slave_Timer</STRONG> (Thumb, 142 bytes, Stack size 0 bytes, slave.o(.text))
<BR><BR>[Called By]<UL><LI><a href="#[b4]">&gt;&gt;</a>&nbsp;&nbsp;&nbsp;Project_Timer
</UL>

<P><STRONG><a name="[1ef]"></a>Slave_GetData</STRONG> (Thumb, 4 bytes, Stack size 0 bytes, slave.o(.text))
<BR><BR>[Called By]<UL><LI><a href="#[8f]">&gt;&gt;</a>&nbsp;&nbsp;&nbsp;ProcessGetMinuteData
<LI><a href="#[215]">&gt;&gt;</a>&nbsp;&nbsp;&nbsp;Flux_StarSampling
<LI><a href="#[214]">&gt;&gt;</a>&nbsp;&nbsp;&nbsp;Flux_GetJWTem
[...]
</UL>
<BR>[Calls]<UL><LI><a href="#[2aa]">&gt;&gt;</a>&nbsp;&nbsp;&nbsp;ff_wtoupper
<LI><a href="#[2b6]">&gt;&gt;</a>&nbsp;&nbsp;&nbsp;ff_convert
<LI><a href="#[2b8]">&gt;&gt;</a>&nbsp;&nbsp;&nbsp;chk_chr
<LI><a href="#[2a0]">&gt;&gt;</a>&nbsp;&nbsp;&nbsp;mem_set
</UL>
<BR>[Called By]<UL><LI><a href="#[2b9]">&gt;&gt;</a>&nbsp;&nbsp;&nbsp;follow_path
</UL>

<P><STRONG><a name="[2b9]"></a>follow_path</STRONG> (Thumb, 144 bytes, Stack size 32 bytes, ff.o(.text))
<BR><BR>[Stack]<UL><LI>Max Depth = 388<LI>Call Chain = follow_path &rArr; dir_find &rArr; dir_next &rArr; create_chain &rArr; put_fat &rArr; move_window &rArr; sync_window &rArr; disk_write &rArr; USBH_UDISK_Write &rArr; USBH_MSC_HandleBOTXfer &rArr; USBH_BulkReceiveData &rArr; HCD_SubmitRequest &rArr; USB_OTG_HC_StartXfer &rArr; USB_OTG_WritePacket
</UL>
<BR>[Calls]<UL><LI><a href="#[2a5]">&gt;&gt;</a>&nbsp;&nbsp;&nbsp;dir_sdi
<LI><a href="#[2b7]">&gt;&gt;</a>&nbsp;&nbsp;&nbsp;create_name
<LI><a href="#[2ad]">&gt;&gt;</a>&nbsp;&nbsp;&nbsp;dir_find
<LI><a href="#[2ba]">&gt;&gt;</a>&nbsp;&nbsp;&nbsp;ld_clust
</UL>
<BR>[Called By]<UL><LI><a href="#[157]">&gt;&gt;</a>&nbsp;&nbsp;&nbsp;f_unlink
<LI><a href="#[15a]">&gt;&gt;</a>&nbsp;&nbsp;&nbsp;f_opendir
<LI><a href="#[148]">&gt;&gt;</a>&nbsp;&nbsp;&nbsp;f_open
<LI><a href="#[152]">&gt;&gt;</a>&nbsp;&nbsp;&nbsp;f_mkdir
<LI><a href="#[2c9]">&gt;&gt;</a>&nbsp;&nbsp;&nbsp;f_rename
<LI><a href="#[2c8]">&gt;&gt;</a>&nbsp;&nbsp;&nbsp;f_utime
<LI><a href="#[2c7]">&gt;&gt;</a>&nbsp;&nbsp;&nbsp;f_chmod
<LI><a href="#[2c3]">&gt;&gt;</a>&nbsp;&nbsp;&nbsp;f_stat
</UL>

<P><STRONG><a name="[2bd]"></a>get_ldnumber</STRONG> (Thumb, 74 bytes, Stack size 16 bytes, ff.o(.text))
<BR><BR>[Stack]<UL><LI>Max Depth = 16<LI>Call Chain = get_ldnumber
</UL>
<BR>[Called By]<UL><LI><a href="#[165]">&gt;&gt;</a>&nbsp;&nbsp;&nbsp;f_mount
<LI><a href="#[2cc]">&gt;&gt;</a>&nbsp;&nbsp;&nbsp;f_mkfs
<LI><a href="#[2c9]">&gt;&gt;</a>&nbsp;&nbsp;&nbsp;f_rename
<LI><a href="#[2bc]">&gt;&gt;</a>&nbsp;&nbsp;&nbsp;find_volume
</UL>

<P><STRONG><a name="[2bb]"></a>check_fs</STRONG> (Thumb, 140 bytes, Stack size 16 bytes, ff.o(.text))
<BR><BR>[Stack]<UL><LI>Max Depth = 252<LI>Call Chain = check_fs &rArr; move_window &rArr; sync_window &rArr; disk_write &rArr; USBH_UDISK_Write &rArr; USBH_MSC_HandleBOTXfer &rArr; USBH_BulkReceiveData &rArr; HCD_SubmitRequest &rArr; USB_OTG_HC_StartXfer &rArr; USB_OTG_WritePacket
</UL>
<BR>[Calls]<UL><LI><a href="#[29e]">&gt;&gt;</a>&nbsp;&nbsp;&nbsp;move_window
</UL>
<BR>[Called By]<UL><LI><a href="#[2bc]">&gt;&gt;</a>&nbsp;&nbsp;&nbsp;find_volume
</UL>

<P><STRONG><a name="[2bc]"></a>find_volume</STRONG> (Thumb, 916 bytes, Stack size 80 bytes, ff.o(.text))
<BR><BR>[Stack]<UL><LI>Max Depth = 332<LI>Call Chain = find_volume &rArr; check_fs &rArr; move_window &rArr; sync_window &rArr; disk_write &rArr; USBH_UDISK_Write &rArr; USBH_MSC_HandleBOTXfer &rArr; USBH_BulkReceiveData &rArr; HCD_SubmitRequest &rArr; USB_OTG_HC_StartXfer &rArr; USB_OTG_WritePacket
</UL>
<BR>[Calls]<UL><LI><a href="#[2bb]">&gt;&gt;</a>&nbsp;&nbsp;&nbsp;check_fs
<LI><a href="#[2bd]">&gt;&gt;</a>&nbsp;&nbsp;&nbsp;get_ldnumber
<LI><a href="#[29e]">&gt;&gt;</a>&nbsp;&nbsp;&nbsp;move_window
<LI><a href="#[2be]">&gt;&gt;</a>&nbsp;&nbsp;&nbsp;disk_status
<LI><a href="#[294]">&gt;&gt;</a>&nbsp;&nbsp;&nbsp;disk_initialize
</UL>
<BR>[Called By]<UL><LI><a href="#[157]">&gt;&gt;</a>&nbsp;&nbsp;&nbsp;f_unlink
<LI><a href="#[15a]">&gt;&gt;</a>&nbsp;&nbsp;&nbsp;f_opendir
<LI><a href="#[148]">&gt;&gt;</a>&nbsp;&nbsp;&nbsp;f_open
<LI><a href="#[165]">&gt;&gt;</a>&nbsp;&nbsp;&nbsp;f_mount
<LI><a href="#[152]">&gt;&gt;</a>&nbsp;&nbsp;&nbsp;f_mkdir
<LI><a href="#[2cb]">&gt;&gt;</a>&nbsp;&nbsp;&nbsp;f_setlabel
<LI><a href="#[2ca]">&gt;&gt;</a>&nbsp;&nbsp;&nbsp;f_getlabel
<LI><a href="#[2c9]">&gt;&gt;</a>&nbsp;&nbsp;&nbsp;f_rename
<LI><a href="#[2c8]">&gt;&gt;</a>&nbsp;&nbsp;&nbsp;f_utime
<LI><a href="#[2c7]">&gt;&gt;</a>&nbsp;&nbsp;&nbsp;f_chmod
<LI><a href="#[2c4]">&gt;&gt;</a>&nbsp;&nbsp;&nbsp;f_getfree
<LI><a href="#[2c3]">&gt;&gt;</a>&nbsp;&nbsp;&nbsp;f_stat
</UL>

<P><STRONG><a name="[2bf]"></a>validate</STRONG> (Thumb, 54 bytes, Stack size 16 bytes, ff.o(.text))
<BR><BR>[Stack]<UL><LI>Max Depth = 16<LI>Call Chain = validate
</UL>
<BR>[Calls]<UL><LI><a href="#[2be]">&gt;&gt;</a>&nbsp;&nbsp;&nbsp;disk_status
</UL>
<BR>[Called By]<UL><LI><a href="#[1ad]">&gt;&gt;</a>&nbsp;&nbsp;&nbsp;f_sync
<LI><a href="#[183]">&gt;&gt;</a>&nbsp;&nbsp;&nbsp;f_write
<LI><a href="#[15e]">&gt;&gt;</a>&nbsp;&nbsp;&nbsp;f_readdir
<LI><a href="#[182]">&gt;&gt;</a>&nbsp;&nbsp;&nbsp;f_read
<LI><a href="#[149]">&gt;&gt;</a>&nbsp;&nbsp;&nbsp;f_lseek
<LI><a href="#[161]">&gt;&gt;</a>&nbsp;&nbsp;&nbsp;f_closedir
<LI><a href="#[14b]">&gt;&gt;</a>&nbsp;&nbsp;&nbsp;f_close
<LI><a href="#[2c5]">&gt;&gt;</a>&nbsp;&nbsp;&nbsp;f_truncate
</UL>

<P><STRONG><a name="[2cd]"></a>putc_bfd</STRONG> (Thumb, 68 bytes, Stack size 24 bytes, ff.o(.text))
<BR><BR>[Stack]<UL><LI>Max Depth = 388<LI>Call Chain = putc_bfd &rArr; f_write &rArr; create_chain &rArr; put_fat &rArr; move_window &rArr; sync_window &rArr; disk_write &rArr; USBH_UDISK_Write &rArr; USBH_MSC_HandleBOTXfer &rArr; USBH_BulkReceiveData &rArr; HCD_SubmitRequest &rArr; USB_OTG_HC_StartXfer &rArr; USB_OTG_WritePacket
</UL>
<BR>[Calls]<UL><LI><a href="#[183]">&gt;&gt;</a>&nbsp;&nbsp;&nbsp;f_write
</UL>
<BR>[Called By]<UL><LI><a href="#[14e]">&gt;&gt;</a>&nbsp;&nbsp;&nbsp;f_puts
<LI><a href="#[2cf]">&gt;&gt;</a>&nbsp;&nbsp;&nbsp;f_printf
<LI><a href="#[2ce]">&gt;&gt;</a>&nbsp;&nbsp;&nbsp;f_putc
</UL>

<P><STRONG><a name="[2df]"></a>USBH_HandleEnum</STRONG> (Thumb, 472 bytes, Stack size 88 bytes, usbh_core.o(.text))
<BR><BR>[Stack]<UL><LI>Max Depth = 192<LI>Call Chain = USBH_HandleEnum &rArr; USBH_Get_StringDesc &rArr; USBH_GetDescriptor &rArr; USBH_CtlReq &rArr; USBH_SubmitSetupRequest
</UL>
<BR>[Calls]<UL><LI><a href="#[2e4]">&gt;&gt;</a>&nbsp;&nbsp;&nbsp;USB_OTG_BSP_mDelay
<LI><a href="#[2e7]">&gt;&gt;</a>&nbsp;&nbsp;&nbsp;USBH_SetCfg
<LI><a href="#[2e3]">&gt;&gt;</a>&nbsp;&nbsp;&nbsp;USBH_SetAddress
<LI><a href="#[2e2]">&gt;&gt;</a>&nbsp;&nbsp;&nbsp;USBH_Modify_Channel
<LI><a href="#[2e6]">&gt;&gt;</a>&nbsp;&nbsp;&nbsp;USBH_Get_StringDesc
<LI><a href="#[2e0]">&gt;&gt;</a>&nbsp;&nbsp;&nbsp;USBH_Get_DevDesc
<LI><a href="#[2e5]">&gt;&gt;</a>&nbsp;&nbsp;&nbsp;USBH_Get_CfgDesc
<LI><a href="#[2e1]">&gt;&gt;</a>&nbsp;&nbsp;&nbsp;HCD_ResetPort
</UL>
<BR>[Called By]<UL><LI><a href="#[1b4]">&gt;&gt;</a>&nbsp;&nbsp;&nbsp;USBH_Process
</UL>

<P><STRONG><a name="[2ef]"></a>USBH_GetFreeChannel</STRONG> (Thumb, 40 bytes, Stack size 0 bytes, usbh_hcs.o(.text))
<BR><BR>[Called By]<UL><LI><a href="#[2e9]">&gt;&gt;</a>&nbsp;&nbsp;&nbsp;USBH_Alloc_Channel
</UL>

<P><STRONG><a name="[2f1]"></a>USBH_SubmitSetupRequest</STRONG> (Thumb, 24 bytes, Stack size 8 bytes, usbh_ioreq.o(.text))
<BR><BR>[Stack]<UL><LI>Max Depth = 8<LI>Call Chain = USBH_SubmitSetupRequest
</UL>
<BR>[Called By]<UL><LI><a href="#[2f0]">&gt;&gt;</a>&nbsp;&nbsp;&nbsp;USBH_CtlReq
</UL>

<P><STRONG><a name="[6]"></a>USBH_MSC_InterfaceInit</STRONG> (Thumb, 202 bytes, Stack size 24 bytes, usbh_msc_core.o(.text))
<BR><BR>[Stack]<UL><LI>Max Depth = 84<LI>Call Chain = USBH_MSC_InterfaceInit &rArr; USBH_Open_Channel &rArr; USB_OTG_HC_Init
</UL>
<BR>[Calls]<UL><LI><a href="#[2eb]">&gt;&gt;</a>&nbsp;&nbsp;&nbsp;USBH_Open_Channel
<LI><a href="#[2e9]">&gt;&gt;</a>&nbsp;&nbsp;&nbsp;USBH_Alloc_Channel
</UL>
<BR>[Address Reference Count : 1]<UL><LI> usbh_msc_core.o(.data)
</UL>
<P><STRONG><a name="[7]"></a>USBH_MSC_InterfaceDeInit</STRONG> (Thumb, 72 bytes, Stack size 16 bytes, usbh_msc_core.o(.text))
<BR><BR>[Stack]<UL><LI>Max Depth = 48<LI>Call Chain = USBH_MSC_InterfaceDeInit &rArr; USB_OTG_HC_Halt
</UL>
<BR>[Calls]<UL><LI><a href="#[2ff]">&gt;&gt;</a>&nbsp;&nbsp;&nbsp;USB_OTG_HC_Halt
<LI><a href="#[2d4]">&gt;&gt;</a>&nbsp;&nbsp;&nbsp;USBH_Free_Channel
</UL>
<BR>[Address Reference Count : 1]<UL><LI> usbh_msc_core.o(.data)
</UL>
<P><STRONG><a name="[8]"></a>USBH_MSC_ClassRequest</STRONG> (Thumb, 14 bytes, Stack size 8 bytes, usbh_msc_core.o(.text))
<BR><BR>[Stack]<UL><LI>Max Depth = 8<LI>Call Chain = USBH_MSC_ClassRequest
</UL>
<BR>[Address Reference Count : 1]<UL><LI> usbh_msc_core.o(.data)
</UL>
<P><STRONG><a name="[300]"></a>USBH_MSC_GETMaxLUN</STRONG> (Thumb, 40 bytes, Stack size 16 bytes, usbh_msc_core.o(.text))
<BR><BR>[Stack]<UL><LI>Max Depth = 48<LI>Call Chain = USBH_MSC_GETMaxLUN &rArr; USBH_CtlReq &rArr; USBH_SubmitSetupRequest
</UL>
<BR>[Calls]<UL><LI><a href="#[2f0]">&gt;&gt;</a>&nbsp;&nbsp;&nbsp;USBH_CtlReq
</UL>
<BR>[Called By]<UL><LI><a href="#[9]">&gt;&gt;</a>&nbsp;&nbsp;&nbsp;USBH_MSC_Handle
</UL>

<P><STRONG><a name="[301]"></a>USBH_MSC_BOTReset</STRONG> (Thumb, 36 bytes, Stack size 16 bytes, usbh_msc_core.o(.text))
<BR><BR>[Stack]<UL><LI>Max Depth = 48<LI>Call Chain = USBH_MSC_BOTReset &rArr; USBH_CtlReq &rArr; USBH_SubmitSetupRequest
</UL>
<BR>[Calls]<UL><LI><a href="#[2f0]">&gt;&gt;</a>&nbsp;&nbsp;&nbsp;USBH_CtlReq
</UL>
<BR>[Called By]<UL><LI><a href="#[9]">&gt;&gt;</a>&nbsp;&nbsp;&nbsp;USBH_MSC_Handle
</UL>

<P><STRONG><a name="[9]"></a>USBH_MSC_Handle</STRONG> (Thumb, 406 bytes, Stack size 32 bytes, usbh_msc_core.o(.text))
<BR><BR>[Stack]<UL><LI>Max Depth = 188<LI>Call Chain = USBH_MSC_Handle &rArr; USBH_MSC_HandleBOTXfer &rArr; USBH_BulkReceiveData &rArr; HCD_SubmitRequest &rArr; USB_OTG_HC_StartXfer &rArr; USB_OTG_WritePacket
</UL>
<BR>[Calls]<UL><LI><a href="#[302]">&gt;&gt;</a>&nbsp;&nbsp;&nbsp;USBH_MSC_TestUnitReady
<LI><a href="#[306]">&gt;&gt;</a>&nbsp;&nbsp;&nbsp;USBH_MSC_RequestSense
<LI><a href="#[304]">&gt;&gt;</a>&nbsp;&nbsp;&nbsp;USBH_MSC_ReadCapacity10
<LI><a href="#[305]">&gt;&gt;</a>&nbsp;&nbsp;&nbsp;USBH_MSC_ModeSense6
<LI><a href="#[303]">&gt;&gt;</a>&nbsp;&nbsp;&nbsp;USBH_MSC_ErrorHandle
<LI><a href="#[301]">&gt;&gt;</a>&nbsp;&nbsp;&nbsp;USBH_MSC_BOTReset
<LI><a href="#[300]">&gt;&gt;</a>&nbsp;&nbsp;&nbsp;USBH_MSC_GETMaxLUN
<LI><a href="#[2fb]">&gt;&gt;</a>&nbsp;&nbsp;&nbsp;USBH_ClrFeature
<LI><a href="#[2fe]">&gt;&gt;</a>&nbsp;&nbsp;&nbsp;USBH_MSC_HandleBOTXfer
<LI><a href="#[2f9]">&gt;&gt;</a>&nbsp;&nbsp;&nbsp;USBH_MSC_Init
<LI><a href="#[2e8]">&gt;&gt;</a>&nbsp;&nbsp;&nbsp;HCD_IsDeviceConnected
</UL>
<BR>[Address Reference Count : 1]<UL><LI> usbh_msc_core.o(.data)
</UL>
<P><STRONG><a name="[30a]"></a>USBH_ParseDevDesc</STRONG> (Thumb, 88 bytes, Stack size 8 bytes, usbh_stdreq.o(.text))
<BR><BR>[Stack]<UL><LI>Max Depth = 8<LI>Call Chain = USBH_ParseDevDesc
</UL>
<BR>[Called By]<UL><LI><a href="#[2e0]">&gt;&gt;</a>&nbsp;&nbsp;&nbsp;USBH_Get_DevDesc
</UL>

<P><STRONG><a name="[30e]"></a>USBH_ParseEPDesc</STRONG> (Thumb, 32 bytes, Stack size 0 bytes, usbh_stdreq.o(.text))
<BR><BR>[Called By]<UL><LI><a href="#[30b]">&gt;&gt;</a>&nbsp;&nbsp;&nbsp;USBH_ParseCfgDesc
</UL>

<P><STRONG><a name="[30d]"></a>USBH_ParseInterfaceDesc</STRONG> (Thumb, 38 bytes, Stack size 0 bytes, usbh_stdreq.o(.text))
<BR><BR>[Called By]<UL><LI><a href="#[30b]">&gt;&gt;</a>&nbsp;&nbsp;&nbsp;USBH_ParseCfgDesc
</UL>

<P><STRONG><a name="[30b]"></a>USBH_ParseCfgDesc</STRONG> (Thumb, 278 bytes, Stack size 56 bytes, usbh_stdreq.o(.text))
<BR><BR>[Stack]<UL><LI>Max Depth = 64<LI>Call Chain = USBH_ParseCfgDesc &rArr; USBH_GetNextDesc
</UL>
<BR>[Calls]<UL><LI><a href="#[30c]">&gt;&gt;</a>&nbsp;&nbsp;&nbsp;USBH_GetNextDesc
<LI><a href="#[30d]">&gt;&gt;</a>&nbsp;&nbsp;&nbsp;USBH_ParseInterfaceDesc
<LI><a href="#[30e]">&gt;&gt;</a>&nbsp;&nbsp;&nbsp;USBH_ParseEPDesc
</UL>
<BR>[Called By]<UL><LI><a href="#[2e5]">&gt;&gt;</a>&nbsp;&nbsp;&nbsp;USBH_Get_CfgDesc
</UL>

<P><STRONG><a name="[30f]"></a>USBH_ParseStringDesc</STRONG> (Thumb, 54 bytes, Stack size 12 bytes, usbh_stdreq.o(.text))
<BR><BR>[Stack]<UL><LI>Max Depth = 12<LI>Call Chain = USBH_ParseStringDesc
</UL>
<BR>[Called By]<UL><LI><a href="#[2e6]">&gt;&gt;</a>&nbsp;&nbsp;&nbsp;USBH_Get_StringDesc
</UL>

<P><STRONG><a name="[32a]"></a>USB_OTG_EnableCommonInt</STRONG> (Thumb, 52 bytes, Stack size 8 bytes, usb_core.o(.text))
<BR><BR>[Stack]<UL><LI>Max Depth = 8<LI>Call Chain = USB_OTG_EnableCommonInt
</UL>
<BR>[Called By]<UL><LI><a href="#[329]">&gt;&gt;</a>&nbsp;&nbsp;&nbsp;USB_OTG_EnableHostInt
</UL>

<P><STRONG><a name="[321]"></a>USB_OTG_CoreReset</STRONG> (Thumb, 108 bytes, Stack size 24 bytes, usb_core.o(.text))
<BR><BR>[Stack]<UL><LI>Max Depth = 32<LI>Call Chain = USB_OTG_CoreReset &rArr; USB_OTG_BSP_uDelay
</UL>
<BR>[Calls]<UL><LI><a href="#[320]">&gt;&gt;</a>&nbsp;&nbsp;&nbsp;USB_OTG_BSP_uDelay
</UL>
<BR>[Called By]<UL><LI><a href="#[322]">&gt;&gt;</a>&nbsp;&nbsp;&nbsp;USB_OTG_CoreInit
</UL>

<P><STRONG><a name="[346]"></a>USB_OTG_USBH_handle_IncompletePeriodicXfer_ISR</STRONG> (Thumb, 70 bytes, Stack size 12 bytes, usb_hcd_int.o(.text))
<BR><BR>[Stack]<UL><LI>Max Depth = 12<LI>Call Chain = USB_OTG_USBH_handle_IncompletePeriodicXfer_ISR
</UL>
<BR>[Called By]<UL><LI><a href="#[311]">&gt;&gt;</a>&nbsp;&nbsp;&nbsp;USBH_OTG_ISR_Handler
</UL>

<P><STRONG><a name="[345]"></a>USB_OTG_USBH_handle_Disconnect_ISR</STRONG> (Thumb, 40 bytes, Stack size 16 bytes, usb_hcd_int.o(.text))
<BR><BR>[Stack]<UL><LI>Max Depth = 16<LI>Call Chain = USB_OTG_USBH_handle_Disconnect_ISR
</UL>
<BR>[Called By]<UL><LI><a href="#[311]">&gt;&gt;</a>&nbsp;&nbsp;&nbsp;USBH_OTG_ISR_Handler
</UL>

<P><STRONG><a name="[339]"></a>USB_OTG_USBH_handle_port_ISR</STRONG> (Thumb, 282 bytes, Stack size 32 bytes, usb_hcd_int.o(.text))
<BR><BR>[Stack]<UL><LI>Max Depth = 60<LI>Call Chain = USB_OTG_USBH_handle_port_ISR &rArr; USB_OTG_ResetPort &rArr; USB_OTG_BSP_mDelay &rArr; delay_ms
</UL>
<BR>[Calls]<UL><LI><a href="#[330]">&gt;&gt;</a>&nbsp;&nbsp;&nbsp;USB_OTG_InitFSLSPClkSel
<LI><a href="#[32e]">&gt;&gt;</a>&nbsp;&nbsp;&nbsp;USB_OTG_ResetPort
</UL>
<BR>[Called By]<UL><LI><a href="#[311]">&gt;&gt;</a>&nbsp;&nbsp;&nbsp;USBH_OTG_ISR_Handler
</UL>

<P><STRONG><a name="[33a]"></a>USB_OTG_USBH_handle_hc_n_Out_ISR</STRONG> (Thumb, 984 bytes, Stack size 32 bytes, usb_hcd_int.o(.text))
<BR><BR>[Stack]<UL><LI>Max Depth = 64<LI>Call Chain = USB_OTG_USBH_handle_hc_n_Out_ISR &rArr; USB_OTG_HC_Halt
</UL>
<BR>[Calls]<UL><LI><a href="#[33b]">&gt;&gt;</a>&nbsp;&nbsp;&nbsp;USB_OTG_HC_DoPing
<LI><a href="#[2ff]">&gt;&gt;</a>&nbsp;&nbsp;&nbsp;USB_OTG_HC_Halt
</UL>
<BR>[Called By]<UL><LI><a href="#[33d]">&gt;&gt;</a>&nbsp;&nbsp;&nbsp;USB_OTG_USBH_handle_hc_ISR
</UL>

<P><STRONG><a name="[33c]"></a>USB_OTG_USBH_handle_hc_n_In_ISR</STRONG> (Thumb, 1066 bytes, Stack size 40 bytes, usb_hcd_int.o(.text))
<BR><BR>[Stack]<UL><LI>Max Depth = 72<LI>Call Chain = USB_OTG_USBH_handle_hc_n_In_ISR &rArr; USB_OTG_HC_Halt
</UL>
<BR>[Calls]<UL><LI><a href="#[2ff]">&gt;&gt;</a>&nbsp;&nbsp;&nbsp;USB_OTG_HC_Halt
</UL>
<BR>[Called By]<UL><LI><a href="#[33d]">&gt;&gt;</a>&nbsp;&nbsp;&nbsp;USB_OTG_USBH_handle_hc_ISR
</UL>

<P><STRONG><a name="[33d]"></a>USB_OTG_USBH_handle_hc_ISR</STRONG> (Thumb, 86 bytes, Stack size 24 bytes, usb_hcd_int.o(.text))
<BR><BR>[Stack]<UL><LI>Max Depth = 96<LI>Call Chain = USB_OTG_USBH_handle_hc_ISR &rArr; USB_OTG_USBH_handle_hc_n_In_ISR &rArr; USB_OTG_HC_Halt
</UL>
<BR>[Calls]<UL><LI><a href="#[33c]">&gt;&gt;</a>&nbsp;&nbsp;&nbsp;USB_OTG_USBH_handle_hc_n_In_ISR
<LI><a href="#[33a]">&gt;&gt;</a>&nbsp;&nbsp;&nbsp;USB_OTG_USBH_handle_hc_n_Out_ISR
<LI><a href="#[33e]">&gt;&gt;</a>&nbsp;&nbsp;&nbsp;USB_OTG_ReadHostAllChannels_intr
</UL>
<BR>[Called By]<UL><LI><a href="#[311]">&gt;&gt;</a>&nbsp;&nbsp;&nbsp;USBH_OTG_ISR_Handler
</UL>

<P><STRONG><a name="[33f]"></a>USB_OTG_USBH_handle_ptxfempty_ISR</STRONG> (Thumb, 302 bytes, Stack size 32 bytes, usb_hcd_int.o(.text))
<BR><BR>[Stack]<UL><LI>Max Depth = 56<LI>Call Chain = USB_OTG_USBH_handle_ptxfempty_ISR &rArr; USB_OTG_WritePacket
</UL>
<BR>[Calls]<UL><LI><a href="#[333]">&gt;&gt;</a>&nbsp;&nbsp;&nbsp;USB_OTG_WritePacket
</UL>
<BR>[Called By]<UL><LI><a href="#[311]">&gt;&gt;</a>&nbsp;&nbsp;&nbsp;USBH_OTG_ISR_Handler
</UL>

<P><STRONG><a name="[340]"></a>USB_OTG_USBH_handle_nptxfempty_ISR</STRONG> (Thumb, 302 bytes, Stack size 32 bytes, usb_hcd_int.o(.text))
<BR><BR>[Stack]<UL><LI>Max Depth = 56<LI>Call Chain = USB_OTG_USBH_handle_nptxfempty_ISR &rArr; USB_OTG_WritePacket
</UL>
<BR>[Calls]<UL><LI><a href="#[333]">&gt;&gt;</a>&nbsp;&nbsp;&nbsp;USB_OTG_WritePacket
</UL>
<BR>[Called By]<UL><LI><a href="#[311]">&gt;&gt;</a>&nbsp;&nbsp;&nbsp;USBH_OTG_ISR_Handler
</UL>

<P><STRONG><a name="[341]"></a>USB_OTG_USBH_handle_rx_qlvl_ISR</STRONG> (Thumb, 356 bytes, Stack size 32 bytes, usb_hcd_int.o(.text))
<BR><BR>[Stack]<UL><LI>Max Depth = 52<LI>Call Chain = USB_OTG_USBH_handle_rx_qlvl_ISR &rArr; USB_OTG_ReadPacket
</UL>
<BR>[Calls]<UL><LI><a href="#[342]">&gt;&gt;</a>&nbsp;&nbsp;&nbsp;USB_OTG_ReadPacket
</UL>
<BR>[Called By]<UL><LI><a href="#[311]">&gt;&gt;</a>&nbsp;&nbsp;&nbsp;USBH_OTG_ISR_Handler
</UL>

<P><STRONG><a name="[344]"></a>USB_OTG_USBH_handle_sof_ISR</STRONG> (Thumb, 38 bytes, Stack size 16 bytes, usb_hcd_int.o(.text))
<BR><BR>[Stack]<UL><LI>Max Depth = 16<LI>Call Chain = USB_OTG_USBH_handle_sof_ISR
</UL>
<BR>[Called By]<UL><LI><a href="#[311]">&gt;&gt;</a>&nbsp;&nbsp;&nbsp;USBH_OTG_ISR_Handler
</UL>

<P><STRONG><a name="[46e]"></a>_fp_digits</STRONG> (Thumb, 334 bytes, Stack size 56 bytes, printfa.o(i._fp_digits), UNUSED)
<BR><BR>[Calls]<UL><LI><a href="#[1eb]">&gt;&gt;</a>&nbsp;&nbsp;&nbsp;__aeabi_dmul
<LI><a href="#[1ec]">&gt;&gt;</a>&nbsp;&nbsp;&nbsp;__aeabi_ddiv
<LI><a href="#[1f2]">&gt;&gt;</a>&nbsp;&nbsp;&nbsp;__aeabi_dadd
<LI><a href="#[46b]">&gt;&gt;</a>&nbsp;&nbsp;&nbsp;__aeabi_cdrcmple
<LI><a href="#[448]">&gt;&gt;</a>&nbsp;&nbsp;&nbsp;__aeabi_uldivmod
<LI><a href="#[451]">&gt;&gt;</a>&nbsp;&nbsp;&nbsp;__aeabi_d2ulz
</UL>
<BR>[Called By]<UL><LI><a href="#[459]">&gt;&gt;</a>&nbsp;&nbsp;&nbsp;_printf_core
</UL>

<P><STRONG><a name="[459]"></a>_printf_core</STRONG> (Thumb, 1744 bytes, Stack size 136 bytes, printfa.o(i._printf_core), UNUSED)
<BR><BR>[Calls]<UL><LI><a href="#[448]">&gt;&gt;</a>&nbsp;&nbsp;&nbsp;__aeabi_uldivmod
<LI><a href="#[471]">&gt;&gt;</a>&nbsp;&nbsp;&nbsp;__aeabi_uidivmod
<LI><a href="#[46f]">&gt;&gt;</a>&nbsp;&nbsp;&nbsp;_printf_pre_padding
<LI><a href="#[470]">&gt;&gt;</a>&nbsp;&nbsp;&nbsp;_printf_post_padding
<LI><a href="#[46e]">&gt;&gt;</a>&nbsp;&nbsp;&nbsp;_fp_digits
</UL>
<BR>[Called By]<UL><LI><a href="#[45a]">&gt;&gt;</a>&nbsp;&nbsp;&nbsp;__0sprintf
<LI><a href="#[458]">&gt;&gt;</a>&nbsp;&nbsp;&nbsp;__0printf
</UL>

<P><STRONG><a name="[470]"></a>_printf_post_padding</STRONG> (Thumb, 36 bytes, Stack size 24 bytes, printfa.o(i._printf_post_padding), UNUSED)
<BR><BR>[Called By]<UL><LI><a href="#[459]">&gt;&gt;</a>&nbsp;&nbsp;&nbsp;_printf_core
</UL>

<P><STRONG><a name="[46f]"></a>_printf_pre_padding</STRONG> (Thumb, 46 bytes, Stack size 24 bytes, printfa.o(i._printf_pre_padding), UNUSED)
<BR><BR>[Called By]<UL><LI><a href="#[459]">&gt;&gt;</a>&nbsp;&nbsp;&nbsp;_printf_core
</UL>

<P><STRONG><a name="[7f]"></a>_sputc</STRONG> (Thumb, 10 bytes, Stack size 0 bytes, printfa.o(i._sputc))
<BR><BR>[Called By]<UL><LI><a href="#[45a]">&gt;&gt;</a>&nbsp;&nbsp;&nbsp;__0sprintf
</UL>
<BR>[Address Reference Count : 1]<UL><LI> printfa.o(i.__0sprintf)
</UL>
<P><STRONG><a name="[449]"></a>_local_sscanf</STRONG> (Thumb, 54 bytes, Stack size 56 bytes, strtod.o(.text))
<BR><BR>[Stack]<UL><LI>Max Depth = 160<LI>Call Chain = _local_sscanf &rArr; _scanf_real
</UL>
<BR>[Calls]<UL><LI><a href="#[44a]">&gt;&gt;</a>&nbsp;&nbsp;&nbsp;_scanf_real
</UL>
<BR>[Called By]<UL><LI><a href="#[44b]">&gt;&gt;</a>&nbsp;&nbsp;&nbsp;__strtod_int
</UL>

<P><STRONG><a name="[453]"></a>_fp_value</STRONG> (Thumb, 256 bytes, Stack size 56 bytes, scanf_fp.o(.text), UNUSED)
<BR><BR>[Calls]<UL><LI><a href="#[1eb]">&gt;&gt;</a>&nbsp;&nbsp;&nbsp;__aeabi_dmul
<LI><a href="#[1ec]">&gt;&gt;</a>&nbsp;&nbsp;&nbsp;__aeabi_ddiv
<LI><a href="#[454]">&gt;&gt;</a>&nbsp;&nbsp;&nbsp;__aeabi_ul2d
</UL>
<BR>[Called By]<UL><LI><a href="#[455]">&gt;&gt;</a>&nbsp;&nbsp;&nbsp;_scanf_really_real
</UL>
<P>
<H3>
Undefined Global Symbols
</H3><HR></body></html>
