<html>
<body>
<pre>
<h1>µVision Build Log</h1>
<h2>Tool Versions:</h2>
IDE-Version: ¦ÌVision V5.29.0.0
Copyright (C) 2019 ARM Ltd and ARM Germany GmbH. All rights reserved.
License Information: sss Microsoft, Microsoft, LIC=JL2Z9-4MCHR-Q0PNJ-U8844-DQA6P-RA0ZQ
 
Tool Versions:
Toolchain:       MDK-ARM Plus  Version: 5.29.0.0
Toolchain Path:  C:\Keil_v5\ARM\ARMCC\Bin
C Compiler:      Armcc.exe V5.06 update 6 (build 750)
Assembler:       Armasm.exe V5.06 update 6 (build 750)
Linker/Locator:  ArmLink.exe V5.06 update 6 (build 750)
Library Manager: ArmAr.exe V5.06 update 6 (build 750)
Hex Converter:   FromElf.exe V5.06 update 6 (build 750)
CPU DLL:         SARMCM3.DLL V5.29.0.0
Dialog DLL:      DCM.DLL V1.17.3.0
Target DLL:      STLink\ST-LINKIII-KEIL_SWO.dll V3.0.7.0
Dialog DLL:      TCM.DLL V1.36.5.0
 
<h2>Project:</h2>
E:\Alfred\data\YLB-3330\Software\YLB-3330\YLB-3330.uvprojx
Project File Date:  06/20/2020

<h2>Output:</h2>
*** Using Compiler 'V5.06 update 6 (build 750)', folder: 'C:\Keil_v5\ARM\ARMCC\Bin'
Build target 'Project'
compiling stm32f4xx_it.c...
compiling main.c...
compiling project.c...
compiling usart.c...
compiling ASCII.c...
compiling printf.c...
compiling flashisp.c...
compiling calculate.c...
compiling slave.c...
compiling button.c...
compiling battery.c...
compiling file.c...
compiling MMC_SD.C...
compiling spi.c...
compiling usb.c...
compiling AT.c...
compiling process.c...
compiling Printer.c...
compiling SPEAK.c...
compiling mytimer.c...
compiling TestPower.c...
compiling flux.c...
compiling FM24CL64.c...
compiling CalculationFormula.c...
compiling APPAT.c...
compiling myiic.c...
compiling fan.c...
compiling LTC2944.c...
compiling POWER.c...
compiling misc.c...
compiling stm32f4xx_usart.c...
compiling stm32f4xx_gpio.c...
compiling stm32f4xx_tim.c...
compiling stm32f4xx_spi.c...
compiling stm32f4xx_rcc.c...
compiling stm32f4xx_i2c.c...
compiling stm32f4xx_iwdg.c...
assembling startup_stm32f40_41xxx.s...
compiling stm32f4xx_flash.c...
compiling system_stm32f4xx.c...
compiling stm32f4xx_adc.c...
compiling malloc.c...
compiling ff.c...
compiling cc936.c...
compiling sys.c...
compiling diskio.c...
compiling exfuns.c...
compiling usbh_hcs.c...
compiling usbh_core.c...
compiling usbh_ioreq.c...
compiling usbh_msc_core.c...
compiling usbh_msc_bot.c...
compiling usbh_msc_scsi.c...
compiling usbh_usr.c...
compiling usbh_stdreq.c...
compiling usb_bsp.c...
compiling usb_core.c...
compiling usb_hcd.c...
compiling usb_hcd_int.c...
compiling ScreenDrive.c...
compiling Screen.c...
compiling Screenlogic.c...
compiling ScreenDwFunction.c...
compiling ScreenDisCalculate.c...
compiling ScreenButton.c...
linking...
Program Size: Code=231950 RO-data=183922 RW-data=612 ZI-data=1193220  
FromELF: creating hex file...
".\out\v0.axf" - 0 Error(s), 0 Warning(s).

<h2>Software Packages used:</h2>

Package Vendor: Keil
                http://www.keil.com/pack/Keil.STM32F4xx_DFP.2.7.0.pack
                Keil.STM32F4xx_DFP.2.7.0
                STMicroelectronics STM32F4 Series Device Support, Drivers and Examples

<h2>Collection of Component include folders:</h2>
  .\RTE\_Project
  C:\Users\Administrator\AppData\Local\Arm\Packs\Keil\STM32F4xx_DFP\2.7.0\Drivers\CMSIS\Device\ST\STM32F4xx\Include

<h2>Collection of Component Files used:</h2>
Build Time Elapsed:  00:00:45
</pre>
</body>
</html>
