Component: ARM Compiler 5.06 update 6 (build 750) Tool: armlink [4d35ed]

==============================================================================

Section Cross References

    main.o(.text) refers to fan.o(.text) for Fan_Main
    main.o(.text) refers to screen.o(.text) for Screen_Main
    main.o(.text) refers to speak.o(.text) for Speak_Main
    main.o(.text) refers to usart.o(.text) for USART_main
    main.o(.text) refers to button.o(.text) for Button_Main
    main.o(.text) refers to usb.o(.text) for Usb_Main
    main.o(.text) refers to slave.o(.text) for Slave_Main
    main.o(.text) refers to printer.o(.text) for Print_Main
    main.o(.text) refers to at.o(.text) for AT_main
    main.o(.text) refers to appat.o(.text) for APP_main
    main.o(.text) refers to battery.o(.text) for Battery_Main
    main.o(.text) refers to flashisp.o(.text) for Flashisp_main
    main.o(.text) refers to screendiscalculate.o(.text) for ProcessGetMinuteData
    main.o(.text) refers to flux.o(.text) for Flux_Main
    main.o(.text) refers to ltc2944.o(.text) for LTC2944_Main
    main.o(.text) refers to stm32f4xx_iwdg.o(.text) for IWDG_ReloadCounter
    main.o(.text) refers to system_stm32f4xx.o(.text) for SystemCoreClockUpdate
    main.o(.text) refers to project.o(.text) for Project_Init
    project.o(.text) refers to stm32f4xx_iwdg.o(.text) for IWDG_WriteAccessCmd
    project.o(.text) refers to printfa.o(i.__0printf) for __2printf
    project.o(.text) refers to stm32f4xx_rcc.o(.text) for RCC_GetClocksFreq
    project.o(.text) refers to misc.o(.text) for NVIC_PriorityGroupConfig
    project.o(.text) refers to usart.o(.text) for USART_InitAll
    project.o(.text) refers to mytimer.o(.text) for TIM4_Int_Init
    project.o(.text) refers to power.o(.text) for Power_Init
    project.o(.text) refers to printf.o(.text) for Printf_Init
    project.o(.text) refers to screen.o(.text) for Screen_Init
    project.o(.text) refers to speak.o(.text) for Speak_Init
    project.o(.text) refers to button.o(.text) for Button_Init
    project.o(.text) refers to fm24cl64.o(.text) for FM24CL64_Init
    project.o(.text) refers to flashisp.o(.text) for Flashisp_Init
    project.o(.text) refers to slave.o(.text) for Slave_Init
    project.o(.text) refers to file.o(.text) for SdFile_Init
    project.o(.text) refers to usb.o(.text) for Usb_Init
    project.o(.text) refers to at.o(.text) for AT_Init
    project.o(.text) refers to appat.o(.text) for APP_Init
    project.o(.text) refers to printer.o(.text) for Print_Init
    project.o(.text) refers to flux.o(.text) for Flux_Init
    project.o(.text) refers to battery.o(.text) for Battery_Init
    project.o(.text) refers to fan.o(.text) for Fan_Init
    project.o(.text) refers to testpower.o(.text) for TestPower_Init
    project.o(.text) refers to ltc2944.o(.text) for LTC2944_Init
    project.o(.text) refers to stm32f4xx_gpio.o(.text) for GPIO_Init
    project.o(.text) refers to calculate.o(.text) for Calculate_CharToU16
    project.o(.text) refers to project.o(.bss) for Project_SysBuffer
    stm32f4xx_it.o(.text) refers to printfa.o(i.__0printf) for __2printf
    usart.o(.text) refers to stm32f4xx_rcc.o(.text) for RCC_AHB1PeriphClockCmd
    usart.o(.text) refers to stm32f4xx_gpio.o(.text) for GPIO_PinAFConfig
    usart.o(.text) refers to stm32f4xx_usart.o(.text) for USART_Init
    usart.o(.text) refers to misc.o(.text) for NVIC_Init
    usart.o(.text) refers to usart.o(.bss) for USART1_Buffer
    usart.o(.text) refers to ascii.o(.text) for ASCII_CommunicateReceive
    usart.o(.text) refers to printfa.o(i.__0printf) for __2printf
    printf.o(.text) refers to usart.o(.text) for Get_USART1Buffer
    printf.o(.text) refers to printf.o(.data) for Printf_Data
    ascii.o(.text) refers to calculate.o(.text) for Calculate_CharToU16
    ascii.o(.text) refers to flashisp.o(.text) for Flashisp_DebugASCII
    ascii.o(.text) refers to screen.o(.text) for Screen_DebugASCII
    ascii.o(.text) refers to file.o(.text) for File_DebugASCII
    ascii.o(.text) refers to flux.o(.text) for Flux_DebugASCII
    ascii.o(.text) refers to printer.o(.text) for Print_DebugASCII
    ascii.o(.text) refers to button.o(.text) for Button_DebugASCII
    ascii.o(.text) refers to battery.o(.text) for Battery_DebugASCII
    ascii.o(.text) refers to slave.o(.text) for Slave_DebugASCII
    ascii.o(.text) refers to usb.o(.text) for Usb_DebugASCII
    ascii.o(.text) refers to project.o(.text) for Project_DebugASCII
    ascii.o(.text) refers to at.o(.text) for AT_DebugASCII
    ascii.o(.text) refers to appat.o(.text) for APP_DebugASCII
    ascii.o(.text) refers to printfa.o(i.__0printf) for __2printf
    calculate.o(.text) refers to atoi.o(.text) for atoi
    calculate.o(.text) refers to atoll.o(.text) for atoll
    calculate.o(.text) refers to atof.o(i.__hardfp_atof) for __hardfp_atof
    calculate.o(.text) refers to logf.o(i.__hardfp_logf) for __hardfp_logf
    calculate.o(.text) refers to expf.o(i.__hardfp_expf) for __hardfp_expf
[...]
    USBH_MSC_TestUnitReady                   0x08058b7d   Thumb Code   162  usbh_msc_scsi.o(.text)
    USBH_MSC_ReadCapacity10                  0x08058c1f   Thumb Code   202  usbh_msc_scsi.o(.text)
    USBH_MSC_ModeSense6                      0x08058ce9   Thumb Code   192  usbh_msc_scsi.o(.text)
    USBH_MSC_RequestSense                    0x08058da9   Thumb Code   208  usbh_msc_scsi.o(.text)
    USBH_MSC_Write10                         0x08058e79   Thumb Code   218  usbh_msc_scsi.o(.text)
    USBH_MSC_Read10                          0x08058f53   Thumb Code   272  usbh_msc_scsi.o(.text)
    USBH_GetDescriptor                       0x080590c9   Thumb Code    68  usbh_stdreq.o(.text)
    USBH_Get_DevDesc                         0x0805910d   Thumb Code    56  usbh_stdreq.o(.text)
    USBH_GetNextDesc                         0x0805918b   Thumb Code    18  usbh_stdreq.o(.text)
    USBH_Get_CfgDesc                         0x080592b3   Thumb Code    88  usbh_stdreq.o(.text)
    USBH_Get_StringDesc                      0x08059341   Thumb Code    60  usbh_stdreq.o(.text)
    USBH_SetAddress                          0x0805937d   Thumb Code    38  usbh_stdreq.o(.text)
    USBH_SetCfg                              0x080593a3   Thumb Code    38  usbh_stdreq.o(.text)
    USBH_SetInterface                        0x080593c9   Thumb Code    44  usbh_stdreq.o(.text)
    USBH_ClrFeature                          0x080593f5   Thumb Code    76  usbh_stdreq.o(.text)
    OTG_FS_IRQHandler                        0x0805944d   Thumb Code    10  usbh_usr.o(.text)
    USBH_USR_Init                            0x08059457   Thumb Code    22  usbh_usr.o(.text)
    USBH_USR_DeviceAttached                  0x0805946d   Thumb Code    10  usbh_usr.o(.text)
    USBH_USR_DeviceDisconnected              0x08059477   Thumb Code    10  usbh_usr.o(.text)
    USBH_USR_ResetDevice                     0x08059481   Thumb Code    10  usbh_usr.o(.text)
    USBH_USR_DeviceSpeedDetected             0x0805948b   Thumb Code    46  usbh_usr.o(.text)
    USBH_USR_Device_DescAvailable            0x080594b9   Thumb Code    24  usbh_usr.o(.text)
    USBH_USR_DeviceAddressAssigned           0x080594d1   Thumb Code    10  usbh_usr.o(.text)
    USBH_USR_Configuration_DescAvailable     0x080594db   Thumb Code    42  usbh_usr.o(.text)
    USBH_USR_Manufacturer_String             0x08059505   Thumb Code    14  usbh_usr.o(.text)
    USBH_USR_Product_String                  0x08059513   Thumb Code    14  usbh_usr.o(.text)
    USBH_USR_SerialNum_String                0x08059521   Thumb Code    14  usbh_usr.o(.text)
    USBH_USR_EnumerationDone                 0x0805952f   Thumb Code    10  usbh_usr.o(.text)
    USBH_USR_DeviceNotSupported              0x08059539   Thumb Code    10  usbh_usr.o(.text)
    USBH_USR_UserInput                       0x08059543   Thumb Code    12  usbh_usr.o(.text)
    USBH_USR_OverCurrentDetected             0x0805954f   Thumb Code    10  usbh_usr.o(.text)
    USBH_USR_MSC_Application                 0x08059559   Thumb Code    56  usbh_usr.o(.text)
    USBH_USR_DeInit                          0x08059591   Thumb Code     8  usbh_usr.o(.text)
    USBH_USR_UnrecoveredError                0x08059599   Thumb Code    10  usbh_usr.o(.text)
    USBH_UDISK_Status                        0x080595a3   Thumb Code    12  usbh_usr.o(.text)
    USBH_UDISK_Read                          0x080595af   Thumb Code    82  usbh_usr.o(.text)
    USBH_UDISK_Write                         0x08059601   Thumb Code    82  usbh_usr.o(.text)
    USB_OTG_BSP_Init                         0x08059849   Thumb Code   112  usb_bsp.o(.text)
    USB_OTG_BSP_EnableInterrupt              0x080598b9   Thumb Code    36  usb_bsp.o(.text)
    USB_OTG_BSP_DisableInterrupt             0x080598dd   Thumb Code     2  usb_bsp.o(.text)
    USB_OTG_BSP_DriveVBUS                    0x080598df   Thumb Code     2  usb_bsp.o(.text)
    USB_OTG_BSP_ConfigVBUS                   0x080598e1   Thumb Code     2  usb_bsp.o(.text)
    USB_OTG_BSP_uDelay                       0x080598e3   Thumb Code    12  usb_bsp.o(.text)
    USB_OTG_BSP_mDelay                       0x080598ef   Thumb Code    12  usb_bsp.o(.text)
    USB_OTG_WritePacket                      0x080599a5   Thumb Code    64  usb_core.o(.text)
    USB_OTG_ReadPacket                       0x080599e5   Thumb Code    40  usb_core.o(.text)
    USB_OTG_SelectCore                       0x08059a0d   Thumb Code   204  usb_core.o(.text)
    USB_OTG_CoreInit                         0x08059ad9   Thumb Code   294  usb_core.o(.text)
    USB_OTG_EnableGlobalInt                  0x08059bff   Thumb Code    34  usb_core.o(.text)
    USB_OTG_DisableGlobalInt                 0x08059c21   Thumb Code    34  usb_core.o(.text)
    USB_OTG_FlushTxFifo                      0x08059c43   Thumb Code    80  usb_core.o(.text)
    USB_OTG_FlushRxFifo                      0x08059c93   Thumb Code    70  usb_core.o(.text)
    USB_OTG_SetCurrentMode                   0x08059cd9   Thumb Code    78  usb_core.o(.text)
    USB_OTG_GetMode                          0x08059d27   Thumb Code    22  usb_core.o(.text)
    USB_OTG_IsDeviceMode                     0x08059d3d   Thumb Code    22  usb_core.o(.text)
    USB_OTG_IsHostMode                       0x08059d53   Thumb Code    20  usb_core.o(.text)
    USB_OTG_ReadCoreItr                      0x08059d67   Thumb Code    16  usb_core.o(.text)
    USB_OTG_ReadOtgItr                       0x08059d77   Thumb Code     8  usb_core.o(.text)
    USB_OTG_EnableHostInt                    0x08059d7f   Thumb Code   116  usb_core.o(.text)
    USB_OTG_ReadHPRT0                        0x08059df3   Thumb Code    48  usb_core.o(.text)
    USB_OTG_DriveVbus                        0x08059e23   Thumb Code    92  usb_core.o(.text)
    USB_OTG_ResetPort                        0x08059e7f   Thumb Code    64  usb_core.o(.text)
    USB_OTG_InitFSLSPClkSel                  0x08059ebf   Thumb Code    24  usb_core.o(.text)
    USB_OTG_CoreInitHost                     0x08059ed7   Thumb Code   214  usb_core.o(.text)
    USB_OTG_IsEvenFrame                      0x08059fad   Thumb Code    16  usb_core.o(.text)
    USB_OTG_ReadHostAllChannels_intr         0x08059fbd   Thumb Code     8  usb_core.o(.text)
    USB_OTG_HC_Init                          0x08059fc5   Thumb Code   568  usb_core.o(.text)
    USB_OTG_HC_StartXfer                     0x0805a1fd   Thumb Code   502  usb_core.o(.text)
    USB_OTG_HC_Halt                          0x0805a3f3   Thumb Code   130  usb_core.o(.text)
    USB_OTG_HC_DoPing                        0x0805a475   Thumb Code    90  usb_core.o(.text)
    USB_OTG_StopHost                         0x0805a4cf   Thumb Code    96  usb_core.o(.text)
    HCD_Init                                 0x0805a52f   Thumb Code    96  usb_hcd.o(.text)
    HCD_GetCurrentSpeed                      0x0805a58f   Thumb Code    20  usb_hcd.o(.text)
    HCD_ResetPort                            0x0805a5a3   Thumb Code    14  usb_hcd.o(.text)
    HCD_IsDeviceConnected                    0x0805a5b1   Thumb Code     8  usb_hcd.o(.text)
    HCD_GetCurrentFrame                      0x0805a5b9   Thumb Code    10  usb_hcd.o(.text)
    HCD_GetURB_State                         0x0805a5c3   Thumb Code    10  usb_hcd.o(.text)
    HCD_GetXferCnt                           0x0805a5cd   Thumb Code    12  usb_hcd.o(.text)
    HCD_GetHCState                           0x0805a5d9   Thumb Code    10  usb_hcd.o(.text)
    HCD_HC_Init                              0x0805a5e3   Thumb Code    16  usb_hcd.o(.text)
    HCD_SubmitRequest                        0x0805a5f3   Thumb Code    32  usb_hcd.o(.text)
    USBH_OTG_ISR_Handler                     0x0805b3db   Thumb Code   168  usb_hcd_int.o(.text)
    RcvBuffer_GetData                        0x0805b489   Thumb Code     4  screen.o(.text)
    Screen_PowerDowm                         0x0805b48d   Thumb Code    78  screen.o(.text)
    Screen_Backlight                         0x0805b4db   Thumb Code   112  screen.o(.text)
    Screen_CalibrationFix                    0x0805b54b   Thumb Code   216  screen.o(.text)
    Screen_FileSeek                          0x0805b623   Thumb Code    86  screen.o(.text)
    Screen_SmokeSampling                     0x0805b679   Thumb Code    86  screen.o(.text)
    Screen_MeasureSomke                      0x0805b6cf   Thumb Code   208  screen.o(.text)
    Screen_MeasureHumidity                   0x0805b79f   Thumb Code    68  screen.o(.text)
    Screen_WorkingConditionPrediction        0x0805b7e3   Thumb Code    86  screen.o(.text)
    Screen_FlueSet                           0x0805b839   Thumb Code   100  screen.o(.text)
    Screen_SystemSet                         0x0805b89d   Thumb Code    26  screen.o(.text)
    Screen_MainPage                          0x0805b8b7   Thumb Code   390  screen.o(.text)
    Screen_ShowScreenLockState               0x0805ba3d   Thumb Code   132  screen.o(.text)
    Screen_changPowerState                   0x0805bac1   Thumb Code   102  screen.o(.text)
    Screen_BacklightDW                       0x0805bb27   Thumb Code    90  screen.o(.text)
    reversebytes_uint32t                     0x0805bb81   Thumb Code    26  screen.o(.text)
    Screen_GetData                           0x0805bb9b   Thumb Code     4  screen.o(.text)
    Screen_DealWihtReceiveData               0x0805bb9f   Thumb Code  3572  screen.o(.text)
    Screen_SecClock                          0x0805c993   Thumb Code   124  screen.o(.text)
    Screen_Main                              0x0805ca0f   Thumb Code   230  screen.o(.text)
    Screen_Timer                             0x0805caf5   Thumb Code   246  screen.o(.text)
    ScreenJPG_Timer                          0x0805cbeb   Thumb Code    10  screen.o(.text)
    Screen_ShowPowerState                    0x0805cbf5   Thumb Code   406  screen.o(.text)
    Screen_ShowDynamicData                   0x0805cd8b   Thumb Code   428  screen.o(.text)
    Screen_SecTimer                          0x0805cf37   Thumb Code    58  screen.o(.text)
    Screen_ColckInit                         0x0805cf71   Thumb Code    18  screen.o(.text)
    Screen_InitData                          0x0805cf83   Thumb Code    64  screen.o(.text)
    Screen_Init                              0x0805cfc3   Thumb Code    12  screen.o(.text)
    Screen_ShowNetworkState                  0x0805cfcf   Thumb Code     2  screen.o(.text)
    ScreenReadMemory                         0x0805cfd1   Thumb Code   168  screen.o(.text)
    Screen_DebugASCII                        0x0805d079   Thumb Code   992  screen.o(.text)
    Screen_SavePowerDownMsg                  0x0805d459   Thumb Code  1044  screen.o(.text)
    Screen_ShowPage                          0x0805d879   Thumb Code   176  screendrive.o(.text)
    Screen_ResetDataBuffer                   0x0805d929   Thumb Code    46  screendrive.o(.text)
    Screen_RefreshDataMulti                  0x0805d957   Thumb Code   214  screendrive.o(.text)
    Screen_RefreshVarData                    0x0805da2d   Thumb Code   180  screendrive.o(.text)
    Screen_Reset                             0x0805dae1   Thumb Code   154  screendrive.o(.text)
    Screen_ResetKeyDataBuffer                0x0805db7b   Thumb Code    22  screendrive.o(.text)
    Screen_WriteRegister                     0x0805db91   Thumb Code   184  screendrive.o(.text)
    Screen_WriteRegisterOneData              0x0805dc49   Thumb Code   168  screendrive.o(.text)
    Screen_ReadRegister                      0x0805dcf1   Thumb Code   156  screendrive.o(.text)
    Screen_PastePicture                      0x0805dd8d   Thumb Code   382  screendrive.o(.text)
    Screen_RectangleFilling                  0x0805df0b   Thumb Code   326  screendrive.o(.text)
    Screen_SetClock                          0x0805e051   Thumb Code   384  screendrive.o(.text)
    Screen_programUpdata                     0x0805e1d5   Thumb Code   244  screenlogic.o(.text)
    Screen_AutoCheck                         0x0805e2c9   Thumb Code  1394  screenlogic.o(.text)
    Screen_MainLayer                         0x0805e83b   Thumb Code   634  screenlogic.o(.text)
    Screen_PowerOffPag                       0x0805eab5   Thumb Code   956  screenlogic.o(.text)
    Screen_SystemSetPag                      0x0805ee71   Thumb Code   938  screenlogic.o(.text)
    Screen_FluePag                           0x0805f21b   Thumb Code   368  screenlogic.o(.text)
    Screen_FlueCircularPag                   0x0805f38b   Thumb Code  1160  screenlogic.o(.text)
    Screen_FlueSeekPag                       0x0805f813   Thumb Code   264  screenlogic.o(.text)
    Screen_FlueOtherPag                      0x0805f91b   Thumb Code   452  screenlogic.o(.text)
    Screen_FlueSquarePag                     0x0805fadf   Thumb Code  1032  screenlogic.o(.text)
    Screen_WCP_SetPag                        0x0805fee7   Thumb Code   206  screenlogic.o(.text)
    Screen_WCP_PressureZeroPag               0x0805ffb5   Thumb Code   508  screenlogic.o(.text)
    Screen_WCP_FumeTemperaturPag             0x080601b1   Thumb Code   476  screenlogic.o(.text)
    Screen_WCP_PredictedVelocityPag          0x0806038d   Thumb Code   688  screenlogic.o(.text)
    Screen_WCP_CheckAveragePag               0x0806063d   Thumb Code   316  screenlogic.o(.text)
    Screen_CHSL_SetPag                       0x08060779   Thumb Code   434  screenlogic.o(.text)
    Screen_CHSL_GSQF_Pag                     0x0806092b   Thumb Code   572  screenlogic.o(.text)
    Screen_CHSL_ZRF_Pag                      0x08060b67   Thumb Code   302  screenlogic.o(.text)
    Screen_CHSL_HSLCX_Pag                    0x08060c95   Thumb Code   442  screenlogic.o(.text)
    Screen_CLYQ_SetPag                       0x08060e4f   Thumb Code   324  screenlogic.o(.text)
    Screen_CLYQ_YQJZ_Pag                     0x08060f93   Thumb Code   854  screenlogic.o(.text)
    Screen_CLYQ_JIPINGJUN_Pag                0x080612e9   Thumb Code  1300  screenlogic.o(.text)
    Screen_CLYQ_KSJC_Pag                     0x080617fd   Thumb Code  1374  screenlogic.o(.text)
    Screen_CLYQ_CLJS_Pag                     0x08061d5b   Thumb Code   180  screenlogic.o(.text)
    Screen_CLYQ_YQAX_Pag                     0x08061e0f   Thumb Code   260  screenlogic.o(.text)
    Screen_CLYQ_YQCX_Pag                     0x08061f13   Thumb Code   480  screenlogic.o(.text)
    Screen_CLYQ_YQCX_JS_Pag                  0x080620f3   Thumb Code   432  screenlogic.o(.text)
    Screen_CLYQ_YQCX_JS_YQSR_Pag             0x080622a3   Thumb Code   724  screenlogic.o(.text)
    Screen_CLYQ_YQCX_WJGL_Pag                0x08062577   Thumb Code   370  screenlogic.o(.text)
    Screen_CLYQ_YQCX_DYXX_Pag                0x080626e9   Thumb Code  1316  screenlogic.o(.text)
    Screen_CLYQ_YQCX_FZSJ_Pag                0x08062c0d   Thumb Code   530  screenlogic.o(.text)
    Screen_YCCY_CYSZ_Pag                     0x08062e1f   Thumb Code  1228  screenlogic.o(.text)
    Screen_YCCY_QMJC_Pag                     0x080632eb   Thumb Code   676  screenlogic.o(.text)
    Screen_YCCY_KSJC_Pag                     0x0806358f   Thumb Code  1394  screenlogic.o(.text)
    Screen_YCCY_CLJS_Pag                     0x08063b01   Thumb Code   474  screenlogic.o(.text)
    Screen_YCCY_YCFDX_Pag                    0x08063cdb   Thumb Code   250  screenlogic.o(.text)
    Screen_YCCY_YCCX_Pag                     0x08063dd5   Thumb Code   554  screenlogic.o(.text)
    Screen_YCCY_YCCX_JS_YC_Pag               0x08063fff   Thumb Code   750  screenlogic.o(.text)
    Screen_YCCY_YCCX_JS_YY_Pag               0x080642ed   Thumb Code   378  screenlogic.o(.text)
    Screen_YCCY_YCCX_WJGL_Pag                0x08064467   Thumb Code   372  screenlogic.o(.text)
    Screen_YCCY_YCCX_DYXX_Pag                0x080645db   Thumb Code  1272  screenlogic.o(.text)
    Screen_JZWH_MMSR_Pag                     0x08064ad3   Thumb Code   374  screenlogic.o(.text)
    Screen_JZWH_WHXZ_Pag                     0x08064c49   Thumb Code   306  screenlogic.o(.text)
    Screen_WHJZ_WHXZ_STSZ_Pag                0x08064d7b   Thumb Code   904  screenlogic.o(.text)
    Screen_WHJZ_WHXZ_STSZ_CO_SO2_Pag         0x08065103   Thumb Code  1280  screenlogic.o(.text)
    Screen_WHJZ_WHXZ_LLJZ_Pag                0x08065603   Thumb Code  1546  screenlogic.o(.text)
    Screen_WHJZ_WHXZ_MMSZ_Pag                0x08065c0d   Thumb Code   970  screenlogic.o(.text)
    Screen_WHJZ_WHXZ_NDJZ_Pag                0x08065fd7   Thumb Code  1286  screenlogic.o(.text)
    Screen_WHJZ_WHXZ_NDJZ_BLSZ_Pag           0x080664dd   Thumb Code  1412  screenlogic.o(.text)
    Screen_WHJZ_WHXZ_YLJZ_Pag                0x08066a61   Thumb Code   590  screenlogic.o(.text)
    Screen_WHJZ_YQCGQXZ_Pag                  0x08066caf   Thumb Code   468  screenlogic.o(.text)
    Screen_WHJZ_WHXZ_WDJZ_Pag                0x08066e83   Thumb Code   982  screenlogic.o(.text)
    Screen_WHJZ_WHXZ_DCBD_Pag                0x08067259   Thumb Code   460  screenlogic.o(.text)
    Screen_JZWH_CJWH_Pag                     0x08067425   Thumb Code   292  screenlogic.o(.text)
    Screen_WHJZ_CJWH_QTCGQPZ_Pag             0x08067549   Thumb Code   824  screenlogic.o(.text)
    Screen_KJ_MMSR_Pag                       0x08067881   Thumb Code   316  screenlogic.o(.text)
    GetU16dataFormFlash2Word                 0x080679f1   Thumb Code    22  screendwfunction.o(.text)
    GetFlaotdataFormFlash2Word               0x08067a07   Thumb Code    40  screendwfunction.o(.text)
    GetU32dataFormFlash2Word                 0x08067a2f   Thumb Code    38  screendwfunction.o(.text)
    SaveFlaotToFlash                         0x08067a55   Thumb Code    56  screendwfunction.o(.text)
    SaveU32ToFlash                           0x08067a8d   Thumb Code    40  screendwfunction.o(.text)
    SaveU16ToFlash                           0x08067ab5   Thumb Code    24  screendwfunction.o(.text)
    UpdataSensorFixDate                      0x08067acd   Thumb Code    94  screendwfunction.o(.text)
    StrinGalignment                          0x08067b2b   Thumb Code    38  screendwfunction.o(.text)
    Dis_CheckBox                             0x08067b51   Thumb Code    46  screendwfunction.o(.text)
    ScreenSetJitu                            0x08067b7f   Thumb Code   610  screendwfunction.o(.text)
    ScreenFirstOpButton                      0x08067de1   Thumb Code  1456  screendwfunction.o(.text)
    ScreenTowOpButton_KeyControl             0x08068391   Thumb Code   296  screendwfunction.o(.text)
    ScreenTowOpButton                        0x080684b9   Thumb Code   308  screendwfunction.o(.text)
    ScreenTowOptChose                        0x080685ed   Thumb Code    36  screendwfunction.o(.text)
    ScreenBackLastPag                        0x08068611   Thumb Code    26  screendwfunction.o(.text)
    ScreenBackLastOpt                        0x0806862b   Thumb Code    32  screendwfunction.o(.text)
    ScreenBackFirstOpt                       0x0806864b   Thumb Code    40  screendwfunction.o(.text)
    ScreenConfirmEnter                       0x08068673   Thumb Code   304  screendwfunction.o(.text)
    ScreenConfirmEnterDisBuffer              0x080687a3   Thumb Code   106  screendwfunction.o(.text)
    ScreenEnterNumberText                    0x0806880d   Thumb Code   478  screendwfunction.o(.text)
    ScreenTextTwinkle                        0x080689eb   Thumb Code   204  screendwfunction.o(.text)
    ScreenEnterNumberTwinkle                 0x08068ab7   Thumb Code   124  screendwfunction.o(.text)
    ScreenChangeDataInit                     0x08068b33   Thumb Code    76  screendwfunction.o(.text)
    ScreenButtonReset                        0x08068b7f   Thumb Code    20  screendwfunction.o(.text)
    GetYDBD_Describe                         0x08068b93   Thumb Code    80  screendwfunction.o(.text)
    Dis_Tips                                 0x08068be3   Thumb Code    34  screendwfunction.o(.text)
    Set_SysCheckBox                          0x08068c05   Thumb Code    68  screendwfunction.o(.text)
    GetFlueArea                              0x08068c49   Thumb Code    28  screendwfunction.o(.text)
    DisQTND                                  0x08068c65   Thumb Code    20  screendwfunction.o(.text)
    YC_SampleControl                         0x08068c79   Thumb Code   220  screendwfunction.o(.text)
    SoftKeyboardConfirmEnter                 0x08068d55   Thumb Code   446  screendwfunction.o(.text)
    ProcessSoftKeyboardInput                 0x08068f13   Thumb Code   126  screendwfunction.o(.text)
    SoftKeyboardConfirmEnterDisBuffer        0x08068f91   Thumb Code   136  screendwfunction.o(.text)
    ProcessSoftKeyboardInputFileName         0x08069019   Thumb Code   132  screendwfunction.o(.text)
    Buttom_UpdataProgramPage                 0x0806909d   Thumb Code   122  screenbutton.o(.text)
    Buttom_MainPage                          0x08069117   Thumb Code   332  screenbutton.o(.text)
    Buttom_PowerOffPage                      0x08069263   Thumb Code   338  screenbutton.o(.text)
    SystemSetPageWriteTime                   0x080693b5   Thumb Code   104  screenbutton.o(.text)
    SystemSetPageWriteDate                   0x0806941d   Thumb Code   174  screenbutton.o(.text)
    Button_SysSetPage                        0x080694cb   Thumb Code  2360  screenbutton.o(.text)
    Button_FlueSetPage                       0x08069e03   Thumb Code   208  screenbutton.o(.text)
    Button_FlueCircularPage                  0x08069ed3   Thumb Code   824  screenbutton.o(.text)
    Button_FlueSeekPage                      0x0806a20b   Thumb Code   450  screenbutton.o(.text)
    Button_FlueSquarePage                    0x0806a3cd   Thumb Code   918  screenbutton.o(.text)
    Button_FlueOtherPage                     0x0806a763   Thumb Code   508  screenbutton.o(.text)
    Button_WCP_SetPag                        0x0806a95f   Thumb Code   106  screenbutton.o(.text)
    Button_WCP_PressureZeroPag               0x0806a9c9   Thumb Code   102  screenbutton.o(.text)
    Button_WCP_FumeTemperaturPag             0x0806aa2f   Thumb Code   248  screenbutton.o(.text)
    Button_WCP_PredictedVelocityPag          0x0806ab27   Thumb Code   528  screenbutton.o(.text)
    Button_WCP_CheckAveragePag               0x0806ad37   Thumb Code   436  screenbutton.o(.text)
    Button_CHSL_SetPag                       0x0806aeeb   Thumb Code   362  screenbutton.o(.text)
    Button_CHSL_GSQF_Pag                     0x0806b055   Thumb Code   154  screenbutton.o(.text)
    Button_CHSL_ZRF_Pag                      0x0806b0ef   Thumb Code    86  screenbutton.o(.text)
    Button_CHSL_HSLCX_Pag                    0x0806b145   Thumb Code   204  screenbutton.o(.text)
    Button_CLYQ_SetPag                       0x0806b211   Thumb Code   342  screenbutton.o(.text)
    Button_CLYQ_YQJZ_Pag                     0x0806b367   Thumb Code   114  screenbutton.o(.text)
    Button_CLYQ_JIPINGJUN_Pag                0x0806b3d9   Thumb Code   350  screenbutton.o(.text)
    Button_CLYQ_KSCL_Pag                     0x0806b537   Thumb Code   612  screenbutton.o(.text)
    Button_CLYQ_CLJS_Pag                     0x0806b79b   Thumb Code   282  screenbutton.o(.text)
    Button_CLYQ_YQQX_Pag                     0x0806b8b5   Thumb Code   140  screenbutton.o(.text)
    Button_CLYQ_YQCX_Pag                     0x0806b941   Thumb Code   830  screenbutton.o(.text)
    Button_CLYQ_YQCX_JS_Pag                  0x0806bc7f   Thumb Code   970  screenbutton.o(.text)
    Button_CLYQ_YQCX_JS_YQSR_Pag             0x0806c049   Thumb Code   536  screenbutton.o(.text)
    Button_CLYQ_YQCX_WJGL_Pag                0x0806c261   Thumb Code   432  screenbutton.o(.text)
    Button_CLYQ_YQCX_DYXX_Pag                0x0806c411   Thumb Code   222  screenbutton.o(.text)
    Button_CLYQ_YQCX_FZSJ_Pag                0x0806c4ef   Thumb Code   908  screenbutton.o(.text)
    Button_YCCY_CYSZ_Pag                     0x0806c87b   Thumb Code  1120  screenbutton.o(.text)
    Button_YCCY_QMJC_Pag                     0x0806ccdb   Thumb Code   156  screenbutton.o(.text)
    Button_YCCY_KSCL_Pag                     0x0806cd77   Thumb Code   364  screenbutton.o(.text)
    Button_YCCY_CLJS_Pag                     0x0806cee3   Thumb Code   338  screenbutton.o(.text)
    Button_YCCY_YCFDX_Pag                    0x0806d035   Thumb Code   174  screenbutton.o(.text)
    Button_YCCY_YCCX_Pag                     0x0806d0e3   Thumb Code   900  screenbutton.o(.text)
    Button_YCCY_YCCX_JS_YC_Pag               0x0806d467   Thumb Code  1428  screenbutton.o(.text)
    Button_YCCY_YCCX_JS_YY_Pag               0x0806d9fb   Thumb Code   536  screenbutton.o(.text)
    Button_YCCY_YCCX_WJGL_Pag                0x0806dc13   Thumb Code   506  screenbutton.o(.text)
    Button_YCCY_YCCX_DYXX_Pag                0x0806de0d   Thumb Code   250  screenbutton.o(.text)
    Button_WHJZ_MMSR_Pag                     0x0806df07   Thumb Code   444  screenbutton.o(.text)
    Button_WHJZ_WHXZ_Pag                     0x0806e0c3   Thumb Code   180  screenbutton.o(.text)
    Button_WHJZ_WHXZ_STSZ_Pag                0x0806e177   Thumb Code  1072  screenbutton.o(.text)
    Button_WHJZ_WHXZ_STSZ_CO_SO2_Pag         0x0806e5a7   Thumb Code   674  screenbutton.o(.text)
    Button_WHJZ_WHXZ_LLJZ_Pag                0x0806e849   Thumb Code  1082  screenbutton.o(.text)
    Button_WHJZ_WHXZ_MMSZ_Pag                0x0806ec83   Thumb Code   928  screenbutton.o(.text)
    Button_WHJZ_WHXZ_NDJZ_Pag                0x0806f023   Thumb Code   732  screenbutton.o(.text)
    Button_WHJZ_WHXZ_NDJZ_BLSZ_Pag           0x0806f2ff   Thumb Code   766  screenbutton.o(.text)
    Button_WHJZ_WHXZ_YLJZ_Pag                0x0806f5fd   Thumb Code   472  screenbutton.o(.text)
    Button_WHJZ_YQCGQXZ_Pag                  0x0806f7d5   Thumb Code   162  screenbutton.o(.text)
    Button_WHJZ_WDJZ_Pag                     0x0806f877   Thumb Code  1486  screenbutton.o(.text)
    Button_WHJZ_DCBD_Pag                     0x0806fe45   Thumb Code   358  screenbutton.o(.text)
    Button_WHJZ_CJWH_Pag                     0x0806ffab   Thumb Code   280  screenbutton.o(.text)
    Button_WHJZ_CJWH_QTCGQXZ_Pag             0x080700c3   Thumb Code   898  screenbutton.o(.text)
    Button_KJ_MMSR_Pag                       0x08070445   Thumb Code   406  screenbutton.o(.text)
    CalculationCircularMeasurePoint          0x080705e1   Thumb Code   278  screendiscalculate.o(.text)
    SquareCalculationMeasurePoint            0x080706f7   Thumb Code   336  screendiscalculate.o(.text)
    SaveFlueData                             0x08070847   Thumb Code   934  screendiscalculate.o(.text)
    ReadFlueData                             0x08070bed   Thumb Code   282  screendiscalculate.o(.text)
    ApplicationFlueFileData                  0x08070d07   Thumb Code   904  screendiscalculate.o(.text)
    ReadWorkData                             0x0807108f   Thumb Code   204  screendiscalculate.o(.text)
    SaveWorkData                             0x0807115b   Thumb Code  1044  screendiscalculate.o(.text)
    SaveGasDataLoad                          0x0807156f   Thumb Code   498  screendiscalculate.o(.text)
    SaveGasINputDataLoad                     0x08071761   Thumb Code   134  screendiscalculate.o(.text)
    SaveGasAverageRecordData                 0x080717e7   Thumb Code   554  screendiscalculate.o(.text)
    SaveGas_Z_J_F_RecordData                 0x08071a11   Thumb Code   316  screendiscalculate.o(.text)
    SaveGasData                              0x08071b4d   Thumb Code  1886  screendiscalculate.o(.text)
    ReadGasFirstData                         0x080722ab   Thumb Code   838  screendiscalculate.o(.text)
    GetGasSecondData                         0x080725f1   Thumb Code   694  screendiscalculate.o(.text)
    GetGasLongDuData                         0x080728a7   Thumb Code   158  screendiscalculate.o(.text)
    GetGasFileRecodData                      0x08072945   Thumb Code   648  screendiscalculate.o(.text)
    SaveDustDataLoad                         0x08072bcd   Thumb Code   640  screendiscalculate.o(.text)
    SaveDustData                             0x08072e4d   Thumb Code  2566  screendiscalculate.o(.text)
    ReadDustData                             0x08073853   Thumb Code  1860  screendiscalculate.o(.text)
    ReadDustFirstData                        0x08073f97   Thumb Code  1406  screendiscalculate.o(.text)
    GetDustSecondData                        0x08074515   Thumb Code  1050  screendiscalculate.o(.text)
    GetDustJS_INpuData                       0x0807492f   Thumb Code   154  screendiscalculate.o(.text)
    SaveGasJS_InputDataLoad                  0x080749c9   Thumb Code   150  screendiscalculate.o(.text)
    PrintPara                                0x08074a5f   Thumb Code   208  screendiscalculate.o(.text)
    PrintPressurePara                        0x08074b2f   Thumb Code   316  screendiscalculate.o(.text)
    PrintTemperaturePara                     0x08074c6b   Thumb Code   236  screendiscalculate.o(.text)
    PrintFlowPara                            0x08074d57   Thumb Code   382  screendiscalculate.o(.text)
    PrintConcentraPara                       0x08074ed5   Thumb Code   522  screendiscalculate.o(.text)
    PrintCurTest                             0x080750df   Thumb Code   332  screendiscalculate.o(.text)
    PrintFile_com                            0x0807522b   Thumb Code   200  screendiscalculate.o(.text)
    PrintWorkFile                            0x080752f3   Thumb Code    38  screendiscalculate.o(.text)
    PrintGasFile                             0x08075319   Thumb Code    38  screendiscalculate.o(.text)
    PrintDustFile                            0x0807533f   Thumb Code    38  screendiscalculate.o(.text)
    PrintGasRecordFile                       0x08075365   Thumb Code    26  screendiscalculate.o(.text)
    Screen_WaterPumOpenServo                 0x0807537f   Thumb Code    32  screendiscalculate.o(.text)
    Screen_WaterPumCloseServo                0x0807539f   Thumb Code    16  screendiscalculate.o(.text)
    Screen_WaterPumServo                     0x080753af   Thumb Code   120  screendiscalculate.o(.text)
    ScreeDisCalculate_DebugASCII             0x08075427   Thumb Code   320  screendiscalculate.o(.text)
    GetKjMm                                  0x08075567   Thumb Code   166  screendiscalculate.o(.text)
    GetRandomNum                             0x0807560d   Thumb Code    74  screendiscalculate.o(.text)
    ProcessBlueToothInitial                  0x08075657   Thumb Code   362  screendiscalculate.o(.text)
    TemperatureCaribration                   0x080757c1   Thumb Code   892  screendiscalculate.o(.text)
    ProcessGetMinuteData                     0x08075b3d   Thumb Code   628  screendiscalculate.o(.text)
    rand                                     0x08075db1   Thumb Code    20  rand.o(.text)
    srand                                    0x08075dc5   Thumb Code     6  rand.o(.text)
    mktime                                   0x08075dd5   Thumb Code   150  mktime.o(.text)
    __aeabi_memcpy                           0x08075e7d   Thumb Code    36  memcpya.o(.text)
    __aeabi_memcpy4                          0x08075e7d   Thumb Code     0  memcpya.o(.text)
    __aeabi_memcpy8                          0x08075e7d   Thumb Code     0  memcpya.o(.text)
    __aeabi_memset                           0x08075ea1   Thumb Code    14  memseta.o(.text)
    __aeabi_memset4                          0x08075ea1   Thumb Code     0  memseta.o(.text)
    __aeabi_memset8                          0x08075ea1   Thumb Code     0  memseta.o(.text)
    __aeabi_memclr                           0x08075eaf   Thumb Code     4  memseta.o(.text)
    __aeabi_memclr4                          0x08075eaf   Thumb Code     0  memseta.o(.text)
    __aeabi_memclr8                          0x08075eaf   Thumb Code     0  memseta.o(.text)
    _memset$wrapper                          0x08075eb3   Thumb Code    18  memseta.o(.text)
    strcat                                   0x08075ec5   Thumb Code    24  strcat.o(.text)
    strncpy                                  0x08075edd   Thumb Code    24  strncpy.o(.text)
    strlen                                   0x08075ef5   Thumb Code    14  strlen.o(.text)
    strcmp                                   0x08075f03   Thumb Code    28  strcmp.o(.text)
    strcpy                                   0x08075f1f   Thumb Code    18  strcpy.o(.text)
    strncmp                                  0x08075f31   Thumb Code    30  strncmp.o(.text)
    atoi                                     0x08075f4f   Thumb Code    26  atoi.o(.text)
    atoll                                    0x08075f69   Thumb Code    26  atoll.o(.text)
    __aeabi_dadd                             0x08075f83   Thumb Code   322  dadd.o(.text)
    __aeabi_dsub                             0x080760c5   Thumb Code     6  dadd.o(.text)
    __aeabi_drsub                            0x080760cb   Thumb Code     6  dadd.o(.text)
    __aeabi_dmul                             0x080760d1   Thumb Code   228  dmul.o(.text)
    __aeabi_ddiv                             0x080761b5   Thumb Code   222  ddiv.o(.text)
    __aeabi_ui2d                             0x08076293   Thumb Code    26  dfltui.o(.text)
    __aeabi_d2uiz                            0x080762ad   Thumb Code    50  dfixui.o(.text)
    __aeabi_f2d                              0x080762df   Thumb Code    38  f2d.o(.text)
    __aeabi_cdcmpeq                          0x08076305   Thumb Code     0  cdcmple.o(.text)
    __aeabi_cdcmple                          0x08076305   Thumb Code    48  cdcmple.o(.text)
    __aeabi_d2f                              0x08076335   Thumb Code    56  d2f.o(.text)
    __aeabi_uidiv                            0x0807636d   Thumb Code     0  uidiv.o(.text)
    __aeabi_uidivmod                         0x0807636d   Thumb Code    44  uidiv.o(.text)
    __aeabi_uldivmod                         0x08076399   Thumb Code    98  uldiv.o(.text)
    __aeabi_llsl                             0x080763fb   Thumb Code    30  llshl.o(.text)
    _ll_shift_l                              0x080763fb   Thumb Code     0  llshl.o(.text)
    __aeabi_llsr                             0x08076419   Thumb Code    32  llushr.o(.text)
    _ll_ushift_r                             0x08076419   Thumb Code     0  llushr.o(.text)
    __aeabi_lasr                             0x08076439   Thumb Code    36  llsshr.o(.text)
    _ll_sshift_r                             0x08076439   Thumb Code     0  llsshr.o(.text)
    localtime                                0x0807645d   Thumb Code     6  localtime_w.o(.text)
    _localtime                               0x08076469   Thumb Code   134  localtime_i.o(.text)
    __strtod_int                             0x0807652b   Thumb Code    90  strtod.o(.text)
    strtol                                   0x08076591   Thumb Code   112  strtol.o(.text)
    __strtoll                                0x08076601   Thumb Code   144  __strtoll.o(.text)
    __I$use$fp                               0x08076691   Thumb Code     0  iusefp.o(.text)
    _float_round                             0x08076691   Thumb Code    18  fepilogue.o(.text)
    _float_epilogue                          0x080766a3   Thumb Code    92  fepilogue.o(.text)
    _double_round                            0x080766ff   Thumb Code    30  depilogue.o(.text)
    _double_epilogue                         0x0807671d   Thumb Code   156  depilogue.o(.text)
    __ARM_scalbn                             0x080767b9   Thumb Code    46  dscalb.o(.text)
    scalbn                                   0x080767b9   Thumb Code     0  dscalb.o(.text)
    _dsqrt                                   0x080767e7   Thumb Code   162  dsqrt.o(.text)
    __aeabi_i2d                              0x08076889   Thumb Code    34  dflti.o(.text)
    __aeabi_d2ulz                            0x080768ab   Thumb Code    48  dfixul.o(.text)
    __aeabi_cdrcmple                         0x080768dd   Thumb Code    48  cdrcmple.o(.text)
    __scatterload                            0x0807690d   Thumb Code    28  init.o(.text)
    __scatterload_rt2                        0x0807690d   Thumb Code     0  init.o(.text)
    __rt_ctype_table                         0x08076931   Thumb Code     4  ctype_o.o(.text)
    isspace                                  0x08076939   Thumb Code    18  isspace_o.o(.text)
    _scanf_real                              0x08076a75   Thumb Code     0  scanf_fp.o(.text)
    _scanf_really_real                       0x08076a75   Thumb Code   556  scanf_fp.o(.text)
    _sgetc                                   0x08076cad   Thumb Code    30  _sgetc.o(.text)
    _sbackspace                              0x08076ccb   Thumb Code    34  _sgetc.o(.text)
    _strtoul                                 0x08076ced   Thumb Code   158  _strtoul.o(.text)
    _strtoull                                0x08076d8b   Thumb Code   194  _strtoull.o(.text)
    _chval                                   0x08076e4d   Thumb Code    28  _chval.o(.text)
    __aeabi_ul2d                             0x08076e69   Thumb Code    24  dfltul.o(.text)
    __decompress                             0x08076e81   Thumb Code     0  __dczerorl2.o(.text)
    __decompress1                            0x08076e81   Thumb Code    86  __dczerorl2.o(.text)
    __0printf                                0x08076ed9   Thumb Code    22  printfa.o(i.__0printf)
    __1printf                                0x08076ed9   Thumb Code     0  printfa.o(i.__0printf)
    __2printf                                0x08076ed9   Thumb Code     0  printfa.o(i.__0printf)
    __c89printf                              0x08076ed9   Thumb Code     0  printfa.o(i.__0printf)
    printf                                   0x08076ed9   Thumb Code     0  printfa.o(i.__0printf)
    __0sprintf                               0x08076ef9   Thumb Code    34  printfa.o(i.__0sprintf)
    __1sprintf                               0x08076ef9   Thumb Code     0  printfa.o(i.__0sprintf)
    __2sprintf                               0x08076ef9   Thumb Code     0  printfa.o(i.__0sprintf)
    __c89sprintf                             0x08076ef9   Thumb Code     0  printfa.o(i.__0sprintf)
    sprintf                                  0x08076ef9   Thumb Code     0  printfa.o(i.__0sprintf)
    __ARM_fpclassify                         0x08076f21   Thumb Code    48  fpclassify.o(i.__ARM_fpclassify)
    __ARM_fpclassifyf                        0x08076f51   Thumb Code    38  fpclassifyf.o(i.__ARM_fpclassifyf)
    __aeabi_errno_addr                       0x08076f79   Thumb Code     4  errno.o(i.__aeabi_errno_addr)
    __rt_errno_addr                          0x08076f79   Thumb Code     0  errno.o(i.__aeabi_errno_addr)
    __hardfp_atof                            0x08076f81   Thumb Code    44  atof.o(i.__hardfp_atof)
    __hardfp_difftime                        0x08076fb9   Thumb Code    42  difftime.o(i.__hardfp_difftime)
    __hardfp_expf                            0x08076fe5   Thumb Code   426  expf.o(i.__hardfp_expf)
    __mathlib_expf                           0x08076fe5   Thumb Code     0  expf.o(i.__hardfp_expf)
    __hardfp_fabs                            0x080771cd   Thumb Code    20  fabs.o(i.__hardfp_fabs)
    __hardfp_logf                            0x080771e1   Thumb Code   320  logf.o(i.__hardfp_logf)
    __mathlib_logf                           0x080771e1   Thumb Code     0  logf.o(i.__hardfp_logf)
    __hardfp_pow                             0x08077351   Thumb Code  3072  pow.o(i.__hardfp_pow)
    __hardfp_sqrt                            0x08077fa1   Thumb Code   122  sqrt.o(i.__hardfp_sqrt)
    __kernel_poly                            0x0807801b   Thumb Code   248  poly.o(i.__kernel_poly)
    __mathlib_dbl_divzero                    0x08078119   Thumb Code    28  dunder.o(i.__mathlib_dbl_divzero)
    __mathlib_dbl_infnan2                    0x08078149   Thumb Code    20  dunder.o(i.__mathlib_dbl_infnan2)
    __mathlib_dbl_invalid                    0x08078161   Thumb Code    24  dunder.o(i.__mathlib_dbl_invalid)
    __mathlib_dbl_overflow                   0x08078181   Thumb Code    24  dunder.o(i.__mathlib_dbl_overflow)
    __mathlib_dbl_underflow                  0x080781a1   Thumb Code    24  dunder.o(i.__mathlib_dbl_underflow)
    __mathlib_flt_divzero                    0x080781c1   Thumb Code    14  funder.o(i.__mathlib_flt_divzero)
    __mathlib_flt_infnan                     0x080781d5   Thumb Code     6  funder.o(i.__mathlib_flt_infnan)
    __mathlib_flt_invalid                    0x080781dd   Thumb Code    10  funder.o(i.__mathlib_flt_invalid)
    __mathlib_flt_overflow                   0x080781ed   Thumb Code    10  funder.o(i.__mathlib_flt_overflow)
    __mathlib_flt_underflow                  0x080781fd   Thumb Code    10  funder.o(i.__mathlib_flt_underflow)
    __read_errno                             0x0807820d   Thumb Code     6  errno.o(i.__read_errno)
    __scatterload_copy                       0x08078219   Thumb Code    14  handlers.o(i.__scatterload_copy)
    __scatterload_null                       0x08078227   Thumb Code     2  handlers.o(i.__scatterload_null)
    __scatterload_zeroinit                   0x08078229   Thumb Code    14  handlers.o(i.__scatterload_zeroinit)
    __set_errno                              0x08078239   Thumb Code     6  errno.o(i.__set_errno)
    _is_digit                                0x080783c9   Thumb Code    14  scanf_fp.o(i._is_digit)
    fabs                                     0x08078b11   Thumb Code    24  fabs.o(i.fabs)
    sqrt                                     0x08078b29   Thumb Code   110  sqrt.o(i.sqrt)
    auchCRCHi                                0x08078b96   Data         256  calculate.o(.constdata)
    auchCRCLo                                0x08078c96   Data         256  calculate.o(.constdata)
    ROOT_DIR                                 0x08078d98   Data          10  file.o(.constdata)
    FOLDER_OF_Dust                           0x08078da2   Data          16  file.o(.constdata)
    FOLDER_OF_Dust00                         0x08078db2   Data          23  file.o(.constdata)
    LINK_OF_Dust                             0x08078dc9   Data          25  file.o(.constdata)
    FOLDER_OF_Gas                            0x08078de2   Data          15  file.o(.constdata)
    FOLDER_OF_Gas00                          0x08078df1   Data          21  file.o(.constdata)
    LINK_OF_Gas                              0x08078e06   Data          24  file.o(.constdata)
    FOLDER_OF_Work                           0x08078e1e   Data          16  file.o(.constdata)
    FOLDER_OF_Work00                         0x08078e2e   Data          23  file.o(.constdata)
    LINK_OF_Work                             0x08078e45   Data          25  file.o(.constdata)
    FOLDER_OF_Flue                           0x08078e5e   Data          16  file.o(.constdata)
    FOLDER_OF_Flue00                         0x08078e6e   Data          23  file.o(.constdata)
    LINK_OF_Flue                             0x08078e85   Data          25  file.o(.constdata)
    Work_line                                0x08078e9e   Data         434  file.o(.constdata)
    Dust_line                                0x08079050   Data        1209  file.o(.constdata)
    Gas_line                                 0x08079509   Data         775  file.o(.constdata)
    Gas_line_record                          0x08079810   Data         201  file.o(.constdata)
    Flue_line                                0x080798d9   Data         651  file.o(.constdata)
    Flue_YXSY                                0x08079b64   Data           5  file.o(.constdata)
    Flue_JXSY                                0x08079b69   Data           6  file.o(.constdata)
    Flue_QTSY                                0x08079b6f   Data           2  file.o(.constdata)
    input                                    0x08079b74   Data         200  file.o(.constdata)
    Usb_FILE_DIR                             0x08079c48   Data          13  usb.o(.constdata)
    Usb_FILE_OF_Gas                          0x08079c55   Data           8  usb.o(.constdata)
    Usb_FILE_OF_Dust                         0x08079c5d   Data           9  usb.o(.constdata)
    danwei                                   0x08079c66   Data         126  printer.o(.constdata)
    p_hand                                   0x08079ce4   Data          33  printer.o(.constdata)
    p_gas_hand1                              0x08079d05   Data          33  printer.o(.constdata)
    p_dust_hand1                             0x08079d26   Data          33  printer.o(.constdata)
    p_Work_hand1                             0x08079d47   Data          33  printer.o(.constdata)
    p_gasminu_hand1                          0x08079d68   Data          33  printer.o(.constdata)
    p_gasrealt_hand1                         0x08079d89   Data          33  printer.o(.constdata)
    p_PressurePara_hand                      0x08079daa   Data          33  printer.o(.constdata)
    p_TemperaturePara_hand                   0x08079dcb   Data          33  printer.o(.constdata)
    p_FlowPara_hand                          0x08079dec   Data          33  printer.o(.constdata)
    p_ConcentraPara_hand                     0x08079e0d   Data          33  printer.o(.constdata)
    p_item_name                              0x08079e2e   Data         530  printer.o(.constdata)
    p_para_item_name                         0x0807a040   Data         765  printer.o(.constdata)
    GasDivide                                0x0807a340   Data          56  calculationformula.o(.constdata)
    memtblsize                               0x0807a378   Data          12  malloc.o(.constdata)
    memblksize                               0x0807a384   Data          12  malloc.o(.constdata)
    memsize                                  0x0807a390   Data          12  malloc.o(.constdata)
    FILE_TYPE_TBL                            0x080a50a0   Data         112  exfuns.o(.constdata)
    strLC                                    0x080a5110   Data         210  screenlogic.o(.constdata)
    strFDLC                                  0x080a51e2   Data         630  screenlogic.o(.constdata)
    CircularMeasurePoint                     0x080a5490   Data         240  screendiscalculate.o(.constdata)
    Testdata                                 0x080a5580   Data         200  screendiscalculate.o(.constdata)
    PN33                                     0x080a5648   Data          33  screendiscalculate.o(.constdata)
    IN8                                      0x080a5669   Data           8  screendiscalculate.o(.constdata)
    __mathlib_zero                           0x080a5780   Data           8  qnan.o(.constdata)
    __ctype_table                            0x080a5794   Data         129  ctype_o.o(.constdata)
    Region$$Table$$Base                      0x080a5860   Number         0  anon$$obj.o(Region$$Table)
    Region$$Table$$Limit                     0x080a5880   Number         0  anon$$obj.o(Region$$Table)
    mem3base                                 0x10000000   Data       61440  malloc.o(.ARM.__AT_0x10000000)
    mem3mapbase                              0x1000f000   Data        3840  malloc.o(.ARM.__AT_0x1000F000)
    Printf_Data                              0x20000000   Data           1  printf.o(.data)
    ButtonData                               0x20000002   Data           8  button.o(.data)
    SD_Type                                  0x2000000a   Data           1  mmc_sd.o(.data)
    SDData                                   0x2000000b   Data           1  mmc_sd.o(.data)
    SpeakData                                0x2000000c   Data           4  speak.o(.data)
    FM24CL64Data                             0x20000010   Data           4  fm24cl64.o(.data)
    FanData                                  0x20000014   Data           4  fan.o(.data)
    SystemCoreClock                          0x20000028   Data           4  system_stm32f4xx.o(.data)
    AHBPrescTable                            0x2000002c   Data          16  system_stm32f4xx.o(.data)
    mallco_dev                               0x2000003c   Data          36  malloc.o(.data)
    file_sd                                  0x20000064   Data           4  exfuns.o(.data)
    file_usb                                 0x20000068   Data           4  exfuns.o(.data)
    ftemp                                    0x2000006c   Data           4  exfuns.o(.data)
    br_sd                                    0x20000070   Data           4  exfuns.o(.data)
    bw_sd                                    0x20000074   Data           4  exfuns.o(.data)
    br_usb                                   0x20000078   Data           4  exfuns.o(.data)
    bw_usb                                   0x2000007c   Data           4  exfuns.o(.data)
    fatbuf                                   0x20000080   Data           4  exfuns.o(.data)
    fatbuf_usb                               0x20000084   Data           4  exfuns.o(.data)
    USBH_HCD_INT_cb                          0x20000088   Data          12  usbh_core.o(.data)
    USBH_HCD_INT_fops                        0x20000094   Data           4  usbh_core.o(.data)
    MSC_Setup                                0x200000b0   Data           8  usbh_msc_core.o(.data)
    MSCErrorCount                            0x200000b8   Data           1  usbh_msc_core.o(.data)
    USBH_MSC_cb                              0x200000bc   Data          16  usbh_msc_core.o(.data)
    USH_User_App_flag                        0x200000d4   Data           1  usbh_usr.o(.data)
    USR_Callbacks                            0x200000d8   Data          72  usbh_usr.o(.data)
    g_BlueToothInitStateMachine              0x20000154   Data           1  screendiscalculate.o(.data)
    DisBuff                                  0x20000155   Data         240  screendiscalculate.o(.data)
    __stdout                                 0x2000025c   Data           4  stdout.o(.data)
    Project_SysBuffer                        0x20000264   Data          12  project.o(.bss)
    USART1_Buffer                            0x20000270   Data        1278  usart.o(.bss)
    USART2_Buffer                            0x2000076e   Data        1278  usart.o(.bss)
    USART3_Buffer                            0x20000c6c   Data        1278  usart.o(.bss)
    USART_COM4_Data                          0x2000116a   Data         105  usart.o(.bss)
    USART_COM5_Data                          0x200011d3   Data         105  usart.o(.bss)
    FlashispData                             0x2000123c   Data        1532  flashisp.o(.bss)
    SlaveData                                0x20001838   Data        5044  slave.o(.bss)
    BatteryData                              0x20002bec   Data         664  battery.o(.bss)
    SdFile_Data                              0x20002e84   Data        5164  file.o(.bss)
    USB_Host                                 0x200042b0   Data         148  usb.o(.bss)
    USB_OTG_Core                             0x20004344   Data        1452  usb.o(.bss)
    Usb_Data                                 0x200048f0   Data         768  usb.o(.bss)
    At_Mode                                  0x20004bf0   Data          32  at.o(.bss)
    LineData                                 0x20004c10   Data        1815  printer.o(.bss)
    Printer_Data                             0x20005328   Data         496  printer.o(.bss)
    TestPowerData                            0x20005518   Data          14  testpower.o(.bss)
    C_F_Structure                            0x20005528   Data         120  calculationformula.o(.bss)
    FluxData                                 0x200055a0   Data        8092  flux.o(.bss)
    APP_Mode                                 0x2000753c   Data          28  appat.o(.bss)
    PowerData                                0x20007558   Data          14  power.o(.bss)
    LTC2944_Data                             0x20007568   Data          48  ltc2944.o(.bss)
    mem1base                                 0x200075a0   Data       30720  malloc.o(.bss)
    mem1mapbase                              0x2000eda0   Data        1920  malloc.o(.bss)
    fs                                       0x2000f52c   Data          12  exfuns.o(.bss)
    fileinfo_sd                              0x2000f538   Data          32  exfuns.o(.bss)
    fileinfo_usb                             0x2000f558   Data          32  exfuns.o(.bss)
    dir_sd                                   0x2000f578   Data          36  exfuns.o(.bss)
    dir_usb                                  0x2000f59c   Data          36  exfuns.o(.bss)
    USBH_MSC_CBWData                         0x2000f5c0   Data          32  usbh_msc_bot.o(.bss)
    USBH_MSC_CSWData                         0x2000f5e0   Data          16  usbh_msc_bot.o(.bss)
    USBH_MSC_BOTXferParam                    0x2000f5f0   Data          16  usbh_msc_bot.o(.bss)
    MSC_Machine                              0x2000f600   Data          74  usbh_msc_core.o(.bss)
    USBH_MSC_Param                           0x2000f64c   Data          16  usbh_msc_scsi.o(.bss)
    USBH_DataInBuffer                        0x2000f65c   Data         512  usbh_msc_scsi.o(.bss)
    USBH_DataOutBuffer                       0x2000f85c   Data         512  usbh_msc_scsi.o(.bss)
    USBH_CfgDesc                             0x2000fa5c   Data         512  usbh_stdreq.o(.bss)
    ScreenData                               0x2000fc60   Data         496  screen.o(.bss)
    uScreenRcvBuffer                         0x2000fe50   Data          15  screen.o(.bss)
    gMinuteData                              0x2000fe60   Data        1920  screendiscalculate.o(.bss)
    gSystemTime                              0x200105e0   Data         600  screendiscalculate.o(.bss)
    __initial_sp                             0x20014868   Data           0  startup_stm32f40_41xxx.o(STACK)
    mem2base                                 0x68000000   Data       983040  malloc.o(.ARM.__AT_0x68000000)
    mem2mapbase                              0x680f0000   Data       61440  malloc.o(.ARM.__AT_0x680F0000)



==============================================================================

Memory Map of the image

  Image Entry point : 0x08040189

  Load Region LR_IROM1 (Base: 0x08040000, Size: 0x00065ae4, Max: 0x000c0000, ABSOLUTE, COMPRESSED[0x00065954])

    Execution Region ER_IROM1 (Exec base: 0x08040000, Load base: 0x08040000, Size: 0x00065880, Max: 0x000c0000, ABSOLUTE)

    Exec Addr    Load Addr    Size         Type   Attr      Idx    E Section Name        Object

    0x08040000   0x08040000   0x00000188   Data   RO         1322    RESET               startup_stm32f40_41xxx.o
    0x08040188   0x08040188   0x00000000   Code   RO         2045  * .ARM.Collect$$$$00000000  mc_w.l(entry.o)
    0x08040188   0x08040188   0x00000004   Code   RO         2392    .ARM.Collect$$$$00000001  mc_w.l(entry2.o)
    0x0804018c   0x0804018c   0x00000004   Code   RO         2395    .ARM.Collect$$$$00000004  mc_w.l(entry5.o)
    0x08040190   0x08040190   0x00000000   Code   RO         2397    .ARM.Collect$$$$00000008  mc_w.l(entry7b.o)
    0x08040190   0x08040190   0x00000000   Code   RO         2399    .ARM.Collect$$$$0000000A  mc_w.l(entry8b.o)
    0x08040190   0x08040190   0x00000008   Code   RO         2400    .ARM.Collect$$$$0000000B  mc_w.l(entry9a.o)
    0x08040198   0x08040198   0x00000000   Code   RO         2402    .ARM.Collect$$$$0000000D  mc_w.l(entry10a.o)
    0x08040198   0x08040198   0x00000000   Code   RO         2404    .ARM.Collect$$$$0000000F  mc_w.l(entry11a.o)
    0x08040198   0x08040198   0x00000004   Code   RO         2393    .ARM.Collect$$$$00002712  mc_w.l(entry2.o)
    0x0804019c   0x0804019c   0x00000064   Code   RO            3    .text               main.o
    0x08040200   0x08040200   0x000003b8   Code   RO          330    .text               project.o
    0x080405b8   0x080405b8   0x00000028   Code   RO          471    .text               stm32f4xx_it.o
    0x080405e0   0x080405e0   0x00000c7c   Code   RO          494    .text               usart.o
    0x0804125c   0x0804125c   0x00000080   Code   RO          521    .text               printf.o
    0x080412dc   0x080412dc   0x00000110   Code   RO          544    .text               ascii.o
    0x080413ec   0x080413ec   0x00000490   Code   RO          567    .text               calculate.o
    0x0804187c   0x0804187c   0x000011e0   Code   RO          590    .text               flashisp.o
    0x08042a5c   0x08042a5c   0x00001220   Code   RO          613    .text               slave.o
    0x08043c7c   0x08043c7c   0x0000061c   Code   RO          639    .text               battery.o
    0x08044298   0x08044298   0x0000056c   Code   RO          662    .text               button.o
    0x08044804   0x08044804   0x0000244c   Code   RO          685    .text               file.o
    0x08046c50   0x08046c50   0x00000544   Code   RO          712    .text               mmc_sd.o
    0x08047194   0x08047194   0x00000118   Code   RO          742    .text               spi.o
    0x080472ac   0x080472ac   0x00002010   Code   RO          762    .text               usb.o
    0x080492bc   0x080492bc   0x00000144   Code   RO          790    .text               process.o
    0x08049400   0x08049400   0x000006f4   Code   RO          816    .text               at.o
    0x08049af4   0x08049af4   0x00003ef4   Code   RO          839    .text               printer.o
    0x0804d9e8   0x0804d9e8   0x000000b8   Code   RO          866    .text               speak.o
    0x0804daa0   0x0804daa0   0x00000134   Code   RO          889    .text               testpower.o
    0x0804dbd4   0x0804dbd4   0x00000098   Code   RO          912    .text               mytimer.o
    0x0804dc6c   0x0804dc6c   0x00000bcc   Code   RO          932    .text               calculationformula.o
    0x0804e838   0x0804e838   0x000011a0   Code   RO          959    .text               flux.o
    0x0804f9d8   0x0804f9d8   0x00000290   Code   RO          982    .text               fm24cl64.o
    0x0804fc68   0x0804fc68   0x0000024c   Code   RO         1005    .text               myiic.o
    0x0804feb4   0x0804feb4   0x000006dc   Code   RO         1025    .text               appat.o
    0x08050590   0x08050590   0x000001b8   Code   RO         1048    .text               power.o
    0x08050748   0x08050748   0x000000cc   Code   RO         1071    .text               fan.o
    0x08050814   0x08050814   0x00000964   Code   RO         1094    .text               ltc2944.o
    0x08051178   0x08051178   0x000000e0   Code   RO         1120    .text               misc.o
    0x08051258   0x08051258   0x00000454   Code   RO         1140    .text               stm32f4xx_usart.o
    0x080516ac   0x080516ac   0x00000294   Code   RO         1160    .text               stm32f4xx_gpio.o
    0x08051940   0x08051940   0x00000ca2   Code   RO         1180    .text               stm32f4xx_tim.o
    0x080525e2   0x080525e2   0x00000002   PAD
    0x080525e4   0x080525e4   0x0000065c   Code   RO         1200    .text               stm32f4xx_rcc.o
    0x08052c40   0x08052c40   0x00000480   Code   RO         1222    .text               stm32f4xx_spi.o
    0x080530c0   0x080530c0   0x00000694   Code   RO         1262    .text               stm32f4xx_flash.o
    0x08053754   0x08053754   0x00000040   Code   RO         1282    .text               stm32f4xx_iwdg.o
    0x08053794   0x08053794   0x00000464   Code   RO         1302    .text               stm32f4xx_adc.o
    0x08053bf8   0x08053bf8   0x00000024   Code   RO         1323    .text               startup_stm32f40_41xxx.o
    0x08053c1c   0x08053c1c   0x00000210   Code   RO         1329    .text               system_stm32f4xx.o
    0x08053e2c   0x08053e2c   0x0000022c   Code   RO         1355    .text               malloc.o
    0x08054058   0x08054058   0x00000204   Code   RO         1408    .text               diskio.o
    0x0805425c   0x0805425c   0x00003362   Code   RO         1442    .text               ff.o
    0x080575be   0x080575be   0x00000002   PAD
    0x080575c0   0x080575c0   0x000000b4   Code   RO         1467    .text               cc936.o
    0x08057674   0x08057674   0x000001c8   Code   RO         1492    .text               exfuns.o
    0x0805783c   0x0805783c   0x00000670   Code   RO         1540    .text               usbh_core.o
    0x08057eac   0x08057eac   0x00000186   Code   RO         1566    .text               usbh_hcs.o
    0x08058032   0x08058032   0x000003a8   Code   RO         1586    .text               usbh_ioreq.o
    0x080583da   0x080583da   0x00000002   PAD
    0x080583dc   0x080583dc   0x00000454   Code   RO         1606    .text               usbh_msc_bot.o
    0x08058830   0x08058830   0x0000034c   Code   RO         1633    .text               usbh_msc_core.o
    0x08058b7c   0x08058b7c   0x000004f4   Code   RO         1660    .text               usbh_msc_scsi.o
    0x08059070   0x08059070   0x000003dc   Code   RO         1687    .text               usbh_stdreq.o
    0x0805944c   0x0805944c   0x000003fc   Code   RO         1714    .text               usbh_usr.o
    0x08059848   0x08059848   0x000000bc   Code   RO         1749    .text               usb_bsp.o
    0x08059904   0x08059904   0x00000c2a   Code   RO         1769    .text               usb_core.o
    0x0805a52e   0x0805a52e   0x000000e4   Code   RO         1789    .text               usb_hcd.o
    0x0805a612   0x0805a612   0x00000002   PAD
    0x0805a614   0x0805a614   0x00000e74   Code   RO         1809    .text               usb_hcd_int.o
    0x0805b488   0x0805b488   0x000023f0   Code   RO         1829    .text               screen.o
    0x0805d878   0x0805d878   0x0000095c   Code   RO         1853    .text               screendrive.o
    0x0805e1d4   0x0805e1d4   0x0000981c   Code   RO         1877    .text               screenlogic.o
    0x080679f0   0x080679f0   0x000016ac   Code   RO         1905    .text               screendwfunction.o
    0x0806909c   0x0806909c   0x00007544   Code   RO         1928    .text               screenbutton.o
    0x080705e0   0x080705e0   0x000057d0   Code   RO         1950    .text               screendiscalculate.o
    0x08075db0   0x08075db0   0x00000024   Code   RO         2048    .text               mc_w.l(rand.o)
    0x08075dd4   0x08075dd4   0x000000a8   Code   RO         2055    .text               mc_w.l(mktime.o)
    0x08075e7c   0x08075e7c   0x00000024   Code   RO         2058    .text               mc_w.l(memcpya.o)
    0x08075ea0   0x08075ea0   0x00000024   Code   RO         2060    .text               mc_w.l(memseta.o)
    0x08075ec4   0x08075ec4   0x00000018   Code   RO         2062    .text               mc_w.l(strcat.o)
    0x08075edc   0x08075edc   0x00000018   Code   RO         2064    .text               mc_w.l(strncpy.o)
    0x08075ef4   0x08075ef4   0x0000000e   Code   RO         2066    .text               mc_w.l(strlen.o)
    0x08075f02   0x08075f02   0x0000001c   Code   RO         2068    .text               mc_w.l(strcmp.o)
    0x08075f1e   0x08075f1e   0x00000012   Code   RO         2070    .text               mc_w.l(strcpy.o)
    0x08075f30   0x08075f30   0x0000001e   Code   RO         2072    .text               mc_w.l(strncmp.o)
    0x08075f4e   0x08075f4e   0x0000001a   Code   RO         2337    .text               mc_w.l(atoi.o)
    0x08075f68   0x08075f68   0x0000001a   Code   RO         2339    .text               mc_w.l(atoll.o)
    0x08075f82   0x08075f82   0x0000014e   Code   RO         2341    .text               mf_w.l(dadd.o)
    0x080760d0   0x080760d0   0x000000e4   Code   RO         2343    .text               mf_w.l(dmul.o)
    0x080761b4   0x080761b4   0x000000de   Code   RO         2345    .text               mf_w.l(ddiv.o)
    0x08076292   0x08076292   0x0000001a   Code   RO         2347    .text               mf_w.l(dfltui.o)
    0x080762ac   0x080762ac   0x00000032   Code   RO         2349    .text               mf_w.l(dfixui.o)
    0x080762de   0x080762de   0x00000026   Code   RO         2351    .text               mf_w.l(f2d.o)
    0x08076304   0x08076304   0x00000030   Code   RO         2353    .text               mf_w.l(cdcmple.o)
    0x08076334   0x08076334   0x00000038   Code   RO         2355    .text               mf_w.l(d2f.o)
    0x0807636c   0x0807636c   0x0000002c   Code   RO         2407    .text               mc_w.l(uidiv.o)
    0x08076398   0x08076398   0x00000062   Code   RO         2409    .text               mc_w.l(uldiv.o)
    0x080763fa   0x080763fa   0x0000001e   Code   RO         2411    .text               mc_w.l(llshl.o)
    0x08076418   0x08076418   0x00000020   Code   RO         2413    .text               mc_w.l(llushr.o)
    0x08076438   0x08076438   0x00000024   Code   RO         2415    .text               mc_w.l(llsshr.o)
    0x0807645c   0x0807645c   0x0000000c   Code   RO         2417    .text               mc_w.l(localtime_w.o)
    0x08076468   0x08076468   0x0000008c   Code   RO         2420    .text               mc_w.l(localtime_i.o)
    0x080764f4   0x080764f4   0x0000009c   Code   RO         2430    .text               mc_w.l(strtod.o)
    0x08076590   0x08076590   0x00000070   Code   RO         2432    .text               mc_w.l(strtol.o)
    0x08076600   0x08076600   0x00000090   Code   RO         2434    .text               mc_w.l(__strtoll.o)
    0x08076690   0x08076690   0x00000000   Code   RO         2436    .text               mc_w.l(iusefp.o)
    0x08076690   0x08076690   0x0000006e   Code   RO         2437    .text               mf_w.l(fepilogue.o)
    0x080766fe   0x080766fe   0x000000ba   Code   RO         2439    .text               mf_w.l(depilogue.o)
    0x080767b8   0x080767b8   0x0000002e   Code   RO         2443    .text               mf_w.l(dscalb.o)
    0x080767e6   0x080767e6   0x000000a2   Code   RO         2445    .text               mf_w.l(dsqrt.o)
    0x08076888   0x08076888   0x00000022   Code   RO         2447    .text               mf_w.l(dflti.o)
    0x080768aa   0x080768aa   0x00000030   Code   RO         2449    .text               mf_w.l(dfixul.o)
    0x080768da   0x080768da   0x00000002   PAD
    0x080768dc   0x080768dc   0x00000030   Code   RO         2451    .text               mf_w.l(cdrcmple.o)
    0x0807690c   0x0807690c   0x00000024   Code   RO         2455    .text               mc_w.l(init.o)
    0x08076930   0x08076930   0x00000008   Code   RO         2459    .text               mc_w.l(ctype_o.o)
    0x08076938   0x08076938   0x00000012   Code   RO         2481    .text               mc_w.l(isspace_o.o)
    0x0807694a   0x0807694a   0x00000002   PAD
    0x0807694c   0x0807694c   0x00000360   Code   RO         2487    .text               mc_w.l(scanf_fp.o)
    0x08076cac   0x08076cac   0x00000040   Code   RO         2491    .text               mc_w.l(_sgetc.o)
    0x08076cec   0x08076cec   0x0000009e   Code   RO         2493    .text               mc_w.l(_strtoul.o)
    0x08076d8a   0x08076d8a   0x000000c2   Code   RO         2495    .text               mc_w.l(_strtoull.o)
    0x08076e4c   0x08076e4c   0x0000001c   Code   RO         2500    .text               mc_w.l(_chval.o)
    0x08076e68   0x08076e68   0x00000018   Code   RO         2502    .text               mf_w.l(dfltul.o)
    0x08076e80   0x08076e80   0x00000056   Code   RO         2512    .text               mc_w.l(__dczerorl2.o)
    0x08076ed6   0x08076ed6   0x00000002   PAD
    0x08076ed8   0x08076ed8   0x00000020   Code   RO         2309    i.__0printf         mc_w.l(printfa.o)
    0x08076ef8   0x08076ef8   0x00000028   Code   RO         2311    i.__0sprintf        mc_w.l(printfa.o)
    0x08076f20   0x08076f20   0x00000030   Code   RO         2371    i.__ARM_fpclassify  m_wm.l(fpclassify.o)
    0x08076f50   0x08076f50   0x00000026   Code   RO         2373    i.__ARM_fpclassifyf  m_wm.l(fpclassifyf.o)
    0x08076f76   0x08076f76   0x00000002   PAD
    0x08076f78   0x08076f78   0x00000008   Code   RO         2423    i.__aeabi_errno_addr  mc_w.l(errno.o)
    0x08076f80   0x08076f80   0x00000038   Code   RO         1973    i.__hardfp_atof     m_wm.l(atof.o)
    0x08076fb8   0x08076fb8   0x0000002a   Code   RO         1979    i.__hardfp_difftime  m_wm.l(difftime.o)
    0x08076fe2   0x08076fe2   0x00000002   PAD
    0x08076fe4   0x08076fe4   0x000001e8   Code   RO         1985    i.__hardfp_expf     m_wm.l(expf.o)
    0x080771cc   0x080771cc   0x00000014   Code   RO         1999    i.__hardfp_fabs     m_wm.l(fabs.o)
    0x080771e0   0x080771e0   0x0000016c   Code   RO         2005    i.__hardfp_logf     m_wm.l(logf.o)
    0x0807734c   0x0807734c   0x00000004   PAD
    0x08077350   0x08077350   0x00000c50   Code   RO         2019    i.__hardfp_pow      m_wm.l(pow.o)
    0x08077fa0   0x08077fa0   0x0000007a   Code   RO         2033    i.__hardfp_sqrt     m_wm.l(sqrt.o)
    0x0807801a   0x0807801a   0x000000f8   Code   RO         2389    i.__kernel_poly     m_wm.l(poly.o)
    0x08078112   0x08078112   0x00000006   PAD
    0x08078118   0x08078118   0x00000030   Code   RO         2357    i.__mathlib_dbl_divzero  m_wm.l(dunder.o)
    0x08078148   0x08078148   0x00000014   Code   RO         2359    i.__mathlib_dbl_infnan2  m_wm.l(dunder.o)
    0x0807815c   0x0807815c   0x00000004   PAD
    0x08078160   0x08078160   0x00000020   Code   RO         2360    i.__mathlib_dbl_invalid  m_wm.l(dunder.o)
    0x08078180   0x08078180   0x00000020   Code   RO         2361    i.__mathlib_dbl_overflow  m_wm.l(dunder.o)
    0x080781a0   0x080781a0   0x00000020   Code   RO         2363    i.__mathlib_dbl_underflow  m_wm.l(dunder.o)
    0x080781c0   0x080781c0   0x00000014   Code   RO         2375    i.__mathlib_flt_divzero  m_wm.l(funder.o)
    0x080781d4   0x080781d4   0x00000006   Code   RO         2376    i.__mathlib_flt_infnan  m_wm.l(funder.o)
    0x080781da   0x080781da   0x00000002   PAD
    0x080781dc   0x080781dc   0x00000010   Code   RO         2378    i.__mathlib_flt_invalid  m_wm.l(funder.o)
    0x080781ec   0x080781ec   0x00000010   Code   RO         2379    i.__mathlib_flt_overflow  m_wm.l(funder.o)
    0x080781fc   0x080781fc   0x00000010   Code   RO         2381    i.__mathlib_flt_underflow  m_wm.l(funder.o)
    0x0807820c   0x0807820c   0x0000000c   Code   RO         2424    i.__read_errno      mc_w.l(errno.o)
    0x08078218   0x08078218   0x0000000e   Code   RO         2506    i.__scatterload_copy  mc_w.l(handlers.o)
    0x08078226   0x08078226   0x00000002   Code   RO         2507    i.__scatterload_null  mc_w.l(handlers.o)
    0x08078228   0x08078228   0x0000000e   Code   RO         2508    i.__scatterload_zeroinit  mc_w.l(handlers.o)
    0x08078236   0x08078236   0x00000002   PAD
    0x08078238   0x08078238   0x0000000c   Code   RO         2425    i.__set_errno       mc_w.l(errno.o)
    0x08078244   0x08078244   0x00000184   Code   RO         2316    i._fp_digits        mc_w.l(printfa.o)
    0x080783c8   0x080783c8   0x0000000e   Code   RO         2489    i._is_digit         mc_w.l(scanf_fp.o)
    0x080783d6   0x080783d6   0x00000002   PAD
    0x080783d8   0x080783d8   0x000006dc   Code   RO         2317    i._printf_core      mc_w.l(printfa.o)
    0x08078ab4   0x08078ab4   0x00000024   Code   RO         2318    i._printf_post_padding  mc_w.l(printfa.o)
    0x08078ad8   0x08078ad8   0x0000002e   Code   RO         2319    i._printf_pre_padding  mc_w.l(printfa.o)
    0x08078b06   0x08078b06   0x0000000a   Code   RO         2321    i._sputc            mc_w.l(printfa.o)
    0x08078b10   0x08078b10   0x00000018   Code   RO         2001    i.fabs              m_wm.l(fabs.o)
    0x08078b28   0x08078b28   0x0000006e   Code   RO         2035    i.sqrt              m_wm.l(sqrt.o)
    0x08078b96   0x08078b96   0x00000200   Data   RO          568    .constdata          calculate.o
    0x08078d96   0x08078d96   0x00000002   PAD
    0x08078d98   0x08078d98   0x00000eb0   Data   RO          687    .constdata          file.o
    0x08079c48   0x08079c48   0x0000001e   Data   RO          764    .constdata          usb.o
    0x08079c66   0x08079c66   0x000006d7   Data   RO          841    .constdata          printer.o
    0x0807a33d   0x0807a33d   0x00000003   PAD
    0x0807a340   0x0807a340   0x00000038   Data   RO          934    .constdata          calculationformula.o
    0x0807a378   0x0807a378   0x00000024   Data   RO         1361    .constdata          malloc.o
    0x0807a39c   0x0807a39c   0x0000003a   Data   RO         1444    .constdata          ff.o
    0x0807a3d6   0x0807a3d6   0x0002acc8   Data   RO         1468    .constdata          cc936.o
    0x080a509e   0x080a509e   0x00000002   PAD
    0x080a50a0   0x080a50a0   0x00000070   Data   RO         1494    .constdata          exfuns.o
    0x080a5110   0x080a5110   0x00000380   Data   RO         1878    .constdata          screenlogic.o
    0x080a5490   0x080a5490   0x000001e1   Data   RO         1952    .constdata          screendiscalculate.o
    0x080a5671   0x080a5671   0x00000003   PAD
    0x080a5674   0x080a5674   0x00000030   Data   RO         1988    .constdata          m_wm.l(expf.o)
    0x080a56a4   0x080a56a4   0x00000040   Data   RO         2008    .constdata          m_wm.l(logf.o)
    0x080a56e4   0x080a56e4   0x00000004   PAD
    0x080a56e8   0x080a56e8   0x00000088   Data   RO         2022    .constdata          m_wm.l(pow.o)
    0x080a5770   0x080a5770   0x0000000c   Data   RO         2056    .constdata          mc_w.l(mktime.o)
    0x080a577c   0x080a577c   0x00000004   PAD
    0x080a5780   0x080a5780   0x00000008   Data   RO         2391    .constdata          m_wm.l(qnan.o)
    0x080a5788   0x080a5788   0x0000000c   Data   RO         2421    .constdata          mc_w.l(localtime_i.o)
    0x080a5794   0x080a5794   0x00000081   Data   RO         2460    .constdata          mc_w.l(ctype_o.o)
    0x080a5815   0x080a5815   0x00000003   PAD
    0x080a5818   0x080a5818   0x00000004   Data   RO         2461    .constdata          mc_w.l(ctype_o.o)
    0x080a581c   0x080a581c   0x00000044   Data   RO         1495    .conststring        exfuns.o
    0x080a5860   0x080a5860   0x00000020   Data   RO         2504    Region$$Table       anon$$obj.o


    Execution Region RW_IRAM1 (Exec base: 0x20000000, Load base: 0x080a5880, Size: 0x00014868, Max: 0x00020000, ABSOLUTE, COMPRESSED[0x000000d4])

    Exec Addr    Load Addr    Size         Type   Attr      Idx    E Section Name        Object

    0x20000000   COMPRESSED   0x00000001   Data   RW          522    .data               printf.o
    0x20000001   COMPRESSED   0x00000001   PAD
    0x20000002   COMPRESSED   0x00000008   Data   RW          663    .data               button.o
    0x2000000a   COMPRESSED   0x00000002   Data   RW          713    .data               mmc_sd.o
    0x2000000c   COMPRESSED   0x00000004   Data   RW          867    .data               speak.o
    0x20000010   COMPRESSED   0x00000004   Data   RW          983    .data               fm24cl64.o
    0x20000014   COMPRESSED   0x00000004   Data   RW         1072    .data               fan.o
    0x20000018   COMPRESSED   0x00000010   Data   RW         1201    .data               stm32f4xx_rcc.o
    0x20000028   COMPRESSED   0x00000014   Data   RW         1330    .data               system_stm32f4xx.o
    0x2000003c   COMPRESSED   0x00000024   Data   RW         1362    .data               malloc.o
    0x20000060   COMPRESSED   0x00000002   Data   RW         1445    .data               ff.o
    0x20000062   COMPRESSED   0x00000002   PAD
    0x20000064   COMPRESSED   0x00000024   Data   RW         1496    .data               exfuns.o
    0x20000088   COMPRESSED   0x00000012   Data   RW         1541    .data               usbh_core.o
    0x2000009a   COMPRESSED   0x00000002   PAD
    0x2000009c   COMPRESSED   0x00000011   Data   RW         1608    .data               usbh_msc_bot.o
    0x200000ad   COMPRESSED   0x00000003   PAD
    0x200000b0   COMPRESSED   0x0000001d   Data   RW         1635    .data               usbh_msc_core.o
    0x200000cd   COMPRESSED   0x00000001   Data   RW         1662    .data               usbh_msc_scsi.o
    0x200000ce   COMPRESSED   0x00000003   Data   RW         1689    .data               usbh_stdreq.o
    0x200000d1   COMPRESSED   0x00000003   PAD
    0x200000d4   COMPRESSED   0x0000004c   Data   RW         1715    .data               usbh_usr.o
    0x20000120   COMPRESSED   0x00000030   Data   RW         1879    .data               screenlogic.o
    0x20000150   COMPRESSED   0x00000001   Data   RW         1929    .data               screenbutton.o
    0x20000151   COMPRESSED   0x00000003   PAD
    0x20000154   COMPRESSED   0x00000104   Data   RW         1953    .data               screendiscalculate.o
    0x20000258   COMPRESSED   0x00000004   Data   RW         2049    .data               mc_w.l(rand.o)
    0x2000025c   COMPRESSED   0x00000004   Data   RW         2406    .data               mc_w.l(stdout.o)
    0x20000260   COMPRESSED   0x00000004   Data   RW         2426    .data               mc_w.l(errno.o)
    0x20000264        -       0x0000000c   Zero   RW          331    .bss                project.o
    0x20000270        -       0x00000fcc   Zero   RW          495    .bss                usart.o
    0x2000123c        -       0x000005fc   Zero   RW          591    .bss                flashisp.o
    0x20001838        -       0x000013b4   Zero   RW          614    .bss                slave.o
    0x20002bec        -       0x00000298   Zero   RW          640    .bss                battery.o
    0x20002e84        -       0x0000142c   Zero   RW          686    .bss                file.o
    0x200042b0        -       0x00000940   Zero   RW          763    .bss                usb.o
    0x20004bf0        -       0x00000020   Zero   RW          817    .bss                at.o
    0x20004c10        -       0x00000908   Zero   RW          840    .bss                printer.o
    0x20005518        -       0x0000000e   Zero   RW          890    .bss                testpower.o
    0x20005526   COMPRESSED   0x00000002   PAD
    0x20005528        -       0x00000078   Zero   RW          933    .bss                calculationformula.o
    0x200055a0        -       0x00001f9c   Zero   RW          960    .bss                flux.o
    0x2000753c        -       0x0000001c   Zero   RW         1026    .bss                appat.o
    0x20007558        -       0x0000000e   Zero   RW         1049    .bss                power.o
    0x20007566   COMPRESSED   0x00000002   PAD
    0x20007568        -       0x00000030   Zero   RW         1095    .bss                ltc2944.o
    0x20007598   COMPRESSED   0x00000008   PAD
    0x200075a0        -       0x00007f80   Zero   RW         1360    .bss                malloc.o
    0x2000f520        -       0x0000000c   Zero   RW         1443    .bss                ff.o
    0x2000f52c        -       0x00000094   Zero   RW         1493    .bss                exfuns.o
    0x2000f5c0        -       0x00000040   Zero   RW         1607    .bss                usbh_msc_bot.o
    0x2000f600        -       0x0000004a   Zero   RW         1634    .bss                usbh_msc_core.o
    0x2000f64a   COMPRESSED   0x00000002   PAD
    0x2000f64c        -       0x00000410   Zero   RW         1661    .bss                usbh_msc_scsi.o
    0x2000fa5c        -       0x00000200   Zero   RW         1688    .bss                usbh_stdreq.o
    0x2000fc5c   COMPRESSED   0x00000004   PAD
    0x2000fc60        -       0x000001ff   Zero   RW         1830    .bss                screen.o
    0x2000fe5f   COMPRESSED   0x00000001   PAD
    0x2000fe60        -       0x000009d8   Zero   RW         1951    .bss                screendiscalculate.o
    0x20010838        -       0x0000002c   Zero   RW         2418    .bss                mc_w.l(localtime_w.o)
    0x20010864   COMPRESSED   0x00000004   PAD
    0x20010868        -       0x00004000   Zero   RW         1320    STACK               startup_stm32f40_41xxx.o



  Load Region LR$$.ARM.__AT_0x10000000 (Base: 0x10000000, Size: 0x00000000, Max: 0x0000f000, ABSOLUTE)

    Execution Region ER$$.ARM.__AT_0x10000000 (Exec base: 0x10000000, Load base: 0x10000000, Size: 0x0000f000, Max: 0x0000f000, ABSOLUTE, UNINIT)

    Exec Addr    Load Addr    Size         Type   Attr      Idx    E Section Name        Object

    0x10000000        -       0x0000f000   Zero   RW         1356    .ARM.__AT_0x10000000  malloc.o



  Load Region LR$$.ARM.__AT_0x1000F000 (Base: 0x1000f000, Size: 0x00000000, Max: 0x00000f00, ABSOLUTE)

    Execution Region ER$$.ARM.__AT_0x1000F000 (Exec base: 0x1000f000, Load base: 0x1000f000, Size: 0x00000f00, Max: 0x00000f00, ABSOLUTE, UNINIT)

    Exec Addr    Load Addr    Size         Type   Attr      Idx    E Section Name        Object

    0x1000f000        -       0x00000f00   Zero   RW         1357    .ARM.__AT_0x1000F000  malloc.o



  Load Region LR$$.ARM.__AT_0x68000000 (Base: 0x68000000, Size: 0x00000000, Max: 0x000f0000, ABSOLUTE)

    Execution Region ER$$.ARM.__AT_0x68000000 (Exec base: 0x68000000, Load base: 0x68000000, Size: 0x000f0000, Max: 0x000f0000, ABSOLUTE, UNINIT)

    Exec Addr    Load Addr    Size         Type   Attr      Idx    E Section Name        Object

    0x68000000        -       0x000f0000   Zero   RW         1358    .ARM.__AT_0x68000000  malloc.o



  Load Region LR$$.ARM.__AT_0x680F0000 (Base: 0x680f0000, Size: 0x00000000, Max: 0x0000f000, ABSOLUTE)

    Execution Region ER$$.ARM.__AT_0x680F0000 (Exec base: 0x680f0000, Load base: 0x680f0000, Size: 0x0000f000, Max: 0x0000f000, ABSOLUTE, UNINIT)

    Exec Addr    Load Addr    Size         Type   Attr      Idx    E Section Name        Object

    0x680f0000        -       0x0000f000   Zero   RW         1359    .ARM.__AT_0x680F0000  malloc.o


==============================================================================

Image component sizes


      Code (inc. data)   RO Data    RW Data    ZI Data      Debug   Object Name

      1756        210          0          0         28       4628   appat.o
       272         42          0          0          0        951   ascii.o
      1780        212          0          0         32       4579   at.o
      1564        160          0          0        664       3414   battery.o
      1388        130          0          8          0       3306   button.o
      1168         88        512          0          0       6305   calculate.o
      3020        236         56          0        120       8583   calculationformula.o
       180         18     175304          0          0       2217   cc936.o
       516          6          0          0          0       4549   diskio.o
       456         30        180         36        148       3018   exfuns.o
       204          8          0          4          0       2240   fan.o
     13154        136         58          2         12      38941   ff.o
      9292       1708       3760          0       5164      21552   file.o
      4576        510          0          0       1532       5390   flashisp.o
      4512        354          0          0       8092       9822   flux.o
       656         18          0          4          0       3426   fm24cl64.o
      2404        222          0          0         48       7223   ltc2944.o
       100         10          0          0          0     102897   main.o
       556         18         36         36    1142400       4913   malloc.o
       224         20          0          0          0       1785   misc.o
      1348         26          0          2          0       8413   mmc_sd.o
       588         14          0          0          0       2211   myiic.o
       152          6          0          0          0       1050   mytimer.o
       440         32          0          0         14       2734   power.o
     16116       1504       1751          0       2312      15949   printer.o
       128         22          0          1          0       1513   printf.o
       324          0          0          0          0       2362   process.o
       952        304          0          0         12     328239   project.o
      9200        864          0          0        511      12001   screen.o
     30020        502          0          1          0      39284   screenbutton.o
     22480        956        481        260       2520      23596   screendiscalculate.o
      2396         18          0          0          0       5436   screendrive.o
      5804        228          0          0          0      13844   screendwfunction.o
     38940       4004        896         48          0      37538   screenlogic.o
      4640        534          0          0       5044      10310   slave.o
       184         10          0          4          0       2618   speak.o
       280          8          0          0          0       1061   spi.o
        36          8        392          0      16384        816   startup_stm32f40_41xxx.o
      1124         24          0          0          0      10658   stm32f4xx_adc.o
      1684         28          0          0          0       9390   stm32f4xx_flash.o
       660         44          0          0          0       4125   stm32f4xx_gpio.o
        40         12          0          0          0       1151   stm32f4xx_it.o
        64          6          0          0          0       1325   stm32f4xx_iwdg.o
      1628         52          0         16          0      13052   stm32f4xx_rcc.o
      1152         36          0          0          0       6877   stm32f4xx_spi.o
      3234         60          0          0          0      22980   stm32f4xx_tim.o
      1108         34          0          0          0       7852   stm32f4xx_usart.o
       528         46          0         20          0       1799   system_stm32f4xx.o
       308         14          0          0         14       2047   testpower.o
      3196        168          0          0       4044       9638   usart.o
      8208        754         30          0       2368       7906   usb.o
       188         10          0          0          0       2311   usb_bsp.o
      3114         10          0          0          0      10294   usb_core.o
       228          0          0          0          0       3200   usb_hcd.o
      3700         10          0          0          0       6687   usb_hcd_int.o
      1648         42          0         18          0       5967   usbh_core.o
       390          0          0          0          0       2660   usbh_hcs.o
       936          0          0          0          0       4700   usbh_ioreq.o
      1108         68          0         17         64       5267   usbh_msc_bot.o
       844         28          0         29         74       4017   usbh_msc_core.o
      1268         40          0          1       1040       4974   usbh_msc_scsi.o
       988         12          0          3        512       6089   usbh_stdreq.o
      1020        502          0         76          0       5406   usbh_usr.o

    ----------------------------------------------------------------------
    220180      15176     183498        600    1193172     909086   Object Totals
         0          0         32          0          0          0   (incl. Generated)
         8          0         10         14         19          0   (incl. Padding)

    ----------------------------------------------------------------------

      Code (inc. data)   RO Data    RW Data    ZI Data      Debug   Library Member Name

        56         12          0          0          0        132   atof.o
        42          0          0          0          0        136   difftime.o
       164         44          0          0          0        620   dunder.o
       488         62         48          0          0        236   expf.o
        44          0          0          0          0        248   fabs.o
        48          0          0          0          0        124   fpclassify.o
        38          0          0          0          0        116   fpclassifyf.o
        74         24          0          0          0        580   funder.o
       364         44         64          0          0        140   logf.o
       248          0          0          0          0        152   poly.o
      3152        296        136          0          0        352   pow.o
         0          0          8          0          0          0   qnan.o
       232          0          0          0          0        296   sqrt.o
        86          0          0          0          0          0   __dczerorl2.o
       144          0          0          0          0         88   __strtoll.o
        28          0          0          0          0         68   _chval.o
        64          0          0          0          0         84   _sgetc.o
       158          0          0          0          0         92   _strtoul.o
       194          0          0          0          0         96   _strtoull.o
        26          0          0          0          0         80   atoi.o
        26          0          0          0          0         80   atoll.o
         8          4        133          0          0         68   ctype_o.o
         0          0          0          0          0          0   entry.o
         0          0          0          0          0          0   entry10a.o
         0          0          0          0          0          0   entry11a.o
         8          4          0          0          0          0   entry2.o
         4          0          0          0          0          0   entry5.o
         0          0          0          0          0          0   entry7b.o
         0          0          0          0          0          0   entry8b.o
         8          4          0          0          0          0   entry9a.o
        32         16          0          4          0        204   errno.o
        30          0          0          0          0          0   handlers.o
        36          8          0          0          0         68   init.o
        18          0          0          0          0         76   isspace_o.o
         0          0          0          0          0          0   iusefp.o
        30          0          0          0          0         68   llshl.o
        36          0          0          0          0         68   llsshr.o
        32          0          0          0          0         68   llushr.o
       140          6         12          0          0         76   localtime_i.o
        12          6          0          0         44         68   localtime_w.o
        36          0          0          0          0         68   memcpya.o
        36          0          0          0          0        108   memseta.o
       168         18         12          0          0         80   mktime.o
      2308         96          0          0          0        604   printfa.o
        36         10          0          4          0        136   rand.o
       878         12          0          0          0        216   scanf_fp.o
         0          0          0          4          0          0   stdout.o
        24          0          0          0          0         68   strcat.o
        28          0          0          0          0         76   strcmp.o
        18          0          0          0          0         68   strcpy.o
        14          0          0          0          0         68   strlen.o
        30          0          0          0          0         80   strncmp.o
        24          0          0          0          0         76   strncpy.o
       156         12          0          0          0        120   strtod.o
       112          0          0          0          0         88   strtol.o
        44          0          0          0          0         80   uidiv.o
        98          0          0          0          0         92   uldiv.o
        48          0          0          0          0         68   cdcmple.o
        48          0          0          0          0         68   cdrcmple.o
        56          0          0          0          0         88   d2f.o
       334          0          0          0          0        148   dadd.o
       222          0          0          0          0        100   ddiv.o
       186          0          0          0          0        176   depilogue.o
        50          0          0          0          0         76   dfixui.o
        48          0          0          0          0         68   dfixul.o
        34          0          0          0          0         76   dflti.o
        26          0          0          0          0         76   dfltui.o
        24          0          0          0          0         76   dfltul.o
       228          0          0          0          0         96   dmul.o
        46          0          0          0          0         80   dscalb.o
       162          0          0          0          0        100   dsqrt.o
        38          0          0          0          0         68   f2d.o
       110          0          0          0          0        168   fepilogue.o

    ----------------------------------------------------------------------
     11770        682        424         12         48       8044   Library Totals
        30          4         11          0          4          0   (incl. Padding)

    ----------------------------------------------------------------------

      Code (inc. data)   RO Data    RW Data    ZI Data      Debug   Library Name

      4950        482        256          0          0       3132   m_wm.l
      5130        196        157         12         44       3380   mc_w.l
      1660          0          0          0          0       1532   mf_w.l

    ----------------------------------------------------------------------
     11770        682        424         12         48       8044   Library Totals

    ----------------------------------------------------------------------

==============================================================================


      Code (inc. data)   RO Data    RW Data    ZI Data      Debug   

    231950      15858     183922        612    1193220     894006   Grand Totals
    231950      15858     183922        212    1193220     894006   ELF Image Totals (compressed)
    231950      15858     183922        212          0          0   ROM Totals

==============================================================================

    Total RO  Size (Code + RO Data)               415872 ( 406.13kB)
    Total RW  Size (RW Data + ZI Data)           1193832 (1165.85kB)
    Total ROM Size (Code + RO Data + RW Data)     416084 ( 406.33kB)

==============================================================================

